<!doctype html public "-//w3c//dtd html 4.0 transitional//en">
<html><head>
<title>Static Call Graph - [..\..\Output\emWin_fatfs.axf]</title></head>
<body><HR>
<H1>Static Call Graph for image ..\..\Output\emWin_fatfs.axf</H1><HR>
<BR><P>#&#060CALLGRAPH&#062# ARM Linker, 5.03 [Build 76]: Last Updated: Fri Jan 02 15:32:08 2015
<BR><P>
<H3>Maximum Stack Usage =        948 bytes + Unknown(Cycles, Untraceable Function Pointers)</H3><H3>
Call chain for Maximum Stack Depth:</H3>
main &rArr; Fatfs_MainTask &rArr; f_open &rArr; dir_register &rArr; dir_find &rArr; dir_next &rArr; create_chain &rArr; put_fat &rArr; move_window &rArr; disk_write &rArr; SD_WriteMultiBlocks &rArr; SD_LowLevel_DMA_TxConfig &rArr; DMA_Init
<P>
<H3>
Mutually Recursive functions
</H3> <LI><a href="#[23]">ADC1_2_IRQHandler</a>&nbsp;&nbsp;&nbsp;&rArr;&nbsp;&nbsp;&nbsp;<a href="#[23]">ADC1_2_IRQHandler</a><BR>
 <LI><a href="#[b]">BusFault_Handler</a>&nbsp;&nbsp;&nbsp;&rArr;&nbsp;&nbsp;&nbsp;<a href="#[b]">BusFault_Handler</a><BR>
 <LI><a href="#[25a]">_PopFreeBlock</a>&nbsp;&nbsp;&nbsp;&rArr;&nbsp;&nbsp;&nbsp;<a href="#[270]">_EnlargeBlocks</a><BR>
 <LI><a href="#[10f]">_Alloc</a>&nbsp;&nbsp;&nbsp;&rArr;&nbsp;&nbsp;&nbsp;<a href="#[116]">_InitOnce</a><BR>
 <LI><a href="#[272]">_Findy1</a>&nbsp;&nbsp;&nbsp;&rArr;&nbsp;&nbsp;&nbsp;<a href="#[272]">_Findy1</a><BR>
 <LI><a href="#[274]">_Findx1</a>&nbsp;&nbsp;&nbsp;&rArr;&nbsp;&nbsp;&nbsp;<a href="#[274]">_Findx1</a><BR>
 <LI><a href="#[273]">_Findx0</a>&nbsp;&nbsp;&nbsp;&rArr;&nbsp;&nbsp;&nbsp;<a href="#[273]">_Findx0</a><BR>
 <LI><a href="#[24b]">WM__InvalidateRect</a>&nbsp;&nbsp;&nbsp;&rArr;&nbsp;&nbsp;&nbsp;<a href="#[24b]">WM__InvalidateRect</a><BR>
 <LI><a href="#[233]">WM_InvalidateWindowAndDescsEx</a>&nbsp;&nbsp;&nbsp;&rArr;&nbsp;&nbsp;&nbsp;<a href="#[233]">WM_InvalidateWindowAndDescsEx</a><BR>
 <LI><a href="#[22e]">WM__InvalidateDrawAndDescs</a>&nbsp;&nbsp;&nbsp;&rArr;&nbsp;&nbsp;&nbsp;<a href="#[22e]">WM__InvalidateDrawAndDescs</a><BR>
 <LI><a href="#[215]">WM_SendToParent</a>&nbsp;&nbsp;&nbsp;&rArr;&nbsp;&nbsp;&nbsp;<a href="#[237]">WM__SendMessage</a><BR>
 <LI><a href="#[24d]">_MoveDescendents</a>&nbsp;&nbsp;&nbsp;&rArr;&nbsp;&nbsp;&nbsp;<a href="#[24d]">_MoveDescendents</a><BR>
 <LI><a href="#[23b]">WM__UpdateChildPositions</a>&nbsp;&nbsp;&nbsp;&rArr;&nbsp;&nbsp;&nbsp;<a href="#[239]">WM_ResizeWindow</a><BR>
 <LI><a href="#[a]">MemManage_Handler</a>&nbsp;&nbsp;&nbsp;&rArr;&nbsp;&nbsp;&nbsp;<a href="#[a]">MemManage_Handler</a><BR>
 <LI><a href="#[c]">UsageFault_Handler</a>&nbsp;&nbsp;&nbsp;&rArr;&nbsp;&nbsp;&nbsp;<a href="#[c]">UsageFault_Handler</a><BR>
 <LI><a href="#[27c]">_Screen2hWin</a>&nbsp;&nbsp;&nbsp;&rArr;&nbsp;&nbsp;&nbsp;<a href="#[27c]">_Screen2hWin</a><BR>
 <LI><a href="#[21c]">_DeleteAllChildren</a>&nbsp;&nbsp;&nbsp;&rArr;&nbsp;&nbsp;&nbsp;<a href="#[217]">WM_DeleteWindow</a><BR>
 <LI><a href="#[251]">_PaintTransChildren</a>&nbsp;&nbsp;&nbsp;&rArr;&nbsp;&nbsp;&nbsp;<a href="#[251]">_PaintTransChildren</a><BR>
</UL>
<P>
<H3>
Function Pointers
</H3><UL>
 <LI><a href="#[23]">ADC1_2_IRQHandler</a> from startup_stm32f10x_hd.o(.text) referenced from startup_stm32f10x_hd.o(RESET)
 <LI><a href="#[40]">ADC3_IRQHandler</a> from startup_stm32f10x_hd.o(.text) referenced from startup_stm32f10x_hd.o(RESET)
 <LI><a href="#[b]">BusFault_Handler</a> from stm32f10x_it.o(i.BusFault_Handler) referenced from startup_stm32f10x_hd.o(RESET)
 <LI><a href="#[26]">CAN1_RX1_IRQHandler</a> from startup_stm32f10x_hd.o(.text) referenced from startup_stm32f10x_hd.o(RESET)
 <LI><a href="#[27]">CAN1_SCE_IRQHandler</a> from startup_stm32f10x_hd.o(.text) referenced from startup_stm32f10x_hd.o(RESET)
 <LI><a href="#[1c]">DMA1_Channel1_IRQHandler</a> from startup_stm32f10x_hd.o(.text) referenced from startup_stm32f10x_hd.o(RESET)
 <LI><a href="#[1d]">DMA1_Channel2_IRQHandler</a> from startup_stm32f10x_hd.o(.text) referenced from startup_stm32f10x_hd.o(RESET)
 <LI><a href="#[1e]">DMA1_Channel3_IRQHandler</a> from startup_stm32f10x_hd.o(.text) referenced from startup_stm32f10x_hd.o(RESET)
 <LI><a href="#[1f]">DMA1_Channel4_IRQHandler</a> from startup_stm32f10x_hd.o(.text) referenced from startup_stm32f10x_hd.o(RESET)
 <LI><a href="#[20]">DMA1_Channel5_IRQHandler</a> from startup_stm32f10x_hd.o(.text) referenced from startup_stm32f10x_hd.o(RESET)
 <LI><a href="#[21]">DMA1_Channel6_IRQHandler</a> from startup_stm32f10x_hd.o(.text) referenced from startup_stm32f10x_hd.o(RESET)
 <LI><a href="#[22]">DMA1_Channel7_IRQHandler</a> from startup_stm32f10x_hd.o(.text) referenced from startup_stm32f10x_hd.o(RESET)
 <LI><a href="#[49]">DMA2_Channel1_IRQHandler</a> from startup_stm32f10x_hd.o(.text) referenced from startup_stm32f10x_hd.o(RESET)
 <LI><a href="#[4a]">DMA2_Channel2_IRQHandler</a> from startup_stm32f10x_hd.o(.text) referenced from startup_stm32f10x_hd.o(RESET)
 <LI><a href="#[4b]">DMA2_Channel3_IRQHandler</a> from startup_stm32f10x_hd.o(.text) referenced from startup_stm32f10x_hd.o(RESET)
 <LI><a href="#[4c]">DMA2_Channel4_5_IRQHandler</a> from stm32f10x_it.o(i.DMA2_Channel4_5_IRQHandler) referenced from startup_stm32f10x_hd.o(RESET)
 <LI><a href="#[e]">DebugMon_Handler</a> from stm32f10x_it.o(i.DebugMon_Handler) referenced from startup_stm32f10x_hd.o(RESET)
 <LI><a href="#[17]">EXTI0_IRQHandler</a> from startup_stm32f10x_hd.o(.text) referenced from startup_stm32f10x_hd.o(RESET)
 <LI><a href="#[39]">EXTI15_10_IRQHandler</a> from startup_stm32f10x_hd.o(.text) referenced from startup_stm32f10x_hd.o(RESET)
 <LI><a href="#[18]">EXTI1_IRQHandler</a> from startup_stm32f10x_hd.o(.text) referenced from startup_stm32f10x_hd.o(RESET)
 <LI><a href="#[19]">EXTI2_IRQHandler</a> from startup_stm32f10x_hd.o(.text) referenced from startup_stm32f10x_hd.o(RESET)
 <LI><a href="#[1a]">EXTI3_IRQHandler</a> from startup_stm32f10x_hd.o(.text) referenced from startup_stm32f10x_hd.o(RESET)
 <LI><a href="#[1b]">EXTI4_IRQHandler</a> from startup_stm32f10x_hd.o(.text) referenced from startup_stm32f10x_hd.o(RESET)
 <LI><a href="#[28]">EXTI9_5_IRQHandler</a> from startup_stm32f10x_hd.o(.text) referenced from startup_stm32f10x_hd.o(RESET)
 <LI><a href="#[15]">FLASH_IRQHandler</a> from startup_stm32f10x_hd.o(.text) referenced from startup_stm32f10x_hd.o(RESET)
 <LI><a href="#[41]">FSMC_IRQHandler</a> from startup_stm32f10x_hd.o(.text) referenced from startup_stm32f10x_hd.o(RESET)
 <LI><a href="#[68]">GUIDRV_FlexColor_SetFunc66708</a> from guidrv_flexcolor_func66708.o(i.GUIDRV_FlexColor_SetFunc66708) referenced from lcdconf_flexcolor_template.o(i.LCD_X_Config)
 <LI><a href="#[67]">GUIDRV_FlexColor_SetMode16bppC0B16</a> from guidrv_flexcolor_16bpp_c0b16.o(i.GUIDRV_FlexColor_SetMode16bppC0B16) referenced from lcdconf_flexcolor_template.o(i.LCD_X_Config)
 <LI><a href="#[58]">GUIDRV_FlexColor__GetPixelIndexNoCache</a> from guidrv_flexcolor.o(i.GUIDRV_FlexColor__GetPixelIndexNoCache) referenced from guidrv_flexcolor_16bpp_c0b16.o(i.GUIDRV_FlexColor_SetMode16bppC0B16)
 <LI><a href="#[5c]">GUIDRV_FlexColor__SetLog2Phys</a> from guidrv_flexcolor.o(i.GUIDRV_FlexColor__SetLog2Phys) referenced from guidrv_flexcolor.o(i.GUIDRV_FlexColor__InitOnce)
 <LI><a href="#[59]">GUIDRV_FlexColor__SetPixelIndexNoCache</a> from guidrv_flexcolor.o(i.GUIDRV_FlexColor__SetPixelIndexNoCache) referenced from guidrv_flexcolor_16bpp_c0b16.o(i.GUIDRV_FlexColor_SetMode16bppC0B16)
 <LI><a href="#[a3]">GUIMONO_DispChar</a> from gui_charm.o(i.GUIMONO_DispChar) referenced 2 times from f6x8.o(.constdata)
 <LI><a href="#[a4]">GUIMONO_GetCharDistX</a> from gui_charm.o(i.GUIMONO_GetCharDistX) referenced 2 times from f6x8.o(.constdata)
 <LI><a href="#[a5]">GUIMONO_GetFontInfo</a> from gui_charm.o(i.GUIMONO_GetFontInfo) referenced 2 times from f6x8.o(.constdata)
 <LI><a href="#[a6]">GUIMONO_IsInFont</a> from gui_charm.o(i.GUIMONO_IsInFont) referenced 2 times from f6x8.o(.constdata)
 <LI><a href="#[a7]">GUIPROP_DispChar</a> from gui_charp.o(i.GUIPROP_DispChar) referenced from fcomic18b_ascii.o(.constdata)
 <LI><a href="#[a8]">GUIPROP_GetCharDistX</a> from gui_charp.o(i.GUIPROP_GetCharDistX) referenced from fcomic18b_ascii.o(.constdata)
 <LI><a href="#[a9]">GUIPROP_GetFontInfo</a> from gui_charp.o(i.GUIPROP_GetFontInfo) referenced from fcomic18b_ascii.o(.constdata)
 <LI><a href="#[aa]">GUIPROP_IsInFont</a> from gui_charp.o(i.GUIPROP_IsInFont) referenced from fcomic18b_ascii.o(.constdata)
 <LI><a href="#[75]">GUI_MEMDEV_Paint1Static</a> from guidev_staticdevices.o(i.GUI_MEMDEV_Paint1Static) referenced from wm.o(i._Paint1)
 <LI><a href="#[72]">GUI_MEMDEV__WriteToActiveAlpha</a> from guidev_writetoactivealpha.o(i.GUI_MEMDEV__WriteToActiveAlpha) referenced from guidev_32.o(i._GetDevFunc)
 <LI><a href="#[71]">GUI_MEMDEV__WriteToActiveOpaque</a> from guidev_writetoactiveopaque.o(i.GUI_MEMDEV__WriteToActiveOpaque) referenced from guidev_16.o(i._GetDevFunc)
 <LI><a href="#[d2]">GUI_USAGE_BM_AddHLine</a> from guidev_usagebm.o(i.GUI_USAGE_BM_AddHLine) referenced from guidev_usagebm.o(.constdata)
 <LI><a href="#[d1]">GUI_USAGE_BM_AddPixel</a> from guidev_usagebm.o(i.GUI_USAGE_BM_AddPixel) referenced from guidev_usagebm.o(.constdata)
 <LI><a href="#[d3]">GUI_USAGE_BM_Clear</a> from guidev_usagebm.o(i.GUI_USAGE_BM_Clear) referenced from guidev_usagebm.o(.constdata)
 <LI><a href="#[d5]">GUI_USAGE_BM_GetNextDirty</a> from guidev_usagebm.o(i.GUI_USAGE_BM_GetNextDirty) referenced from guidev_usagebm.o(.constdata)
 <LI><a href="#[4]">GUI_X_ExecIdle</a> from gui_x.o(i.GUI_X_ExecIdle) referenced 2 times from gui_waitevent.o(.data)
 <LI><a href="#[5]">GUI__MixColors</a> from gui__alpha.o(i.GUI__MixColors) referenced 2 times from gui__alpha.o(.data)
 <LI><a href="#[6]">GUI__MixColorsBulk</a> from gui__alpha.o(i.GUI__MixColorsBulk) referenced 2 times from gui__alpha.o(.data)
 <LI><a href="#[9]">HardFault_Handler</a> from stm32f10x_it.o(i.HardFault_Handler) referenced from startup_stm32f10x_hd.o(RESET)
 <LI><a href="#[31]">I2C1_ER_IRQHandler</a> from startup_stm32f10x_hd.o(.text) referenced from startup_stm32f10x_hd.o(RESET)
 <LI><a href="#[30]">I2C1_EV_IRQHandler</a> from startup_stm32f10x_hd.o(.text) referenced from startup_stm32f10x_hd.o(RESET)
 <LI><a href="#[33]">I2C2_ER_IRQHandler</a> from startup_stm32f10x_hd.o(.text) referenced from startup_stm32f10x_hd.o(RESET)
 <LI><a href="#[32]">I2C2_EV_IRQHandler</a> from startup_stm32f10x_hd.o(.text) referenced from startup_stm32f10x_hd.o(RESET)
 <LI><a href="#[85]">LCD_DrawHLine</a> from lcd.o(i.LCD_DrawHLine) referenced from gui_core.o(.constdata)
 <LI><a href="#[86]">LCD_DrawPixel</a> from lcd.o(i.LCD_DrawPixel) referenced from gui_core.o(.constdata)
 <LI><a href="#[0]">LCD_GetpPalConvTableBM</a> from lcd_color.o(i.LCD_GetpPalConvTableBM) referenced 2 times from gui_core.o(.data)
 <LI><a href="#[81]">LCD_Index2Color_565</a> from guicc_565_index2color.o(i.LCD_Index2Color_565) referenced from guicc_565.o(.constdata)
 <LI><a href="#[60]">LCD_Index2Color_888</a> from guicc_888_index2color.o(i.LCD_Index2Color_888) referenced from gui__alpha.o(i.GUI__DoAlphaBlending)
 <LI><a href="#[5d]">LCD_Index2Color_8888</a> from guicc_8888_index2color.o(i.LCD_Index2Color_8888) referenced from guicc_8888.o(.constdata)
 <LI><a href="#[5d]">LCD_Index2Color_8888</a> from guicc_8888_index2color.o(i.LCD_Index2Color_8888) referenced from guidev_writetoactivealpha.o(i.GUI_MEMDEV__WriteToActiveAlpha)
 <LI><a href="#[5d]">LCD_Index2Color_8888</a> from guicc_8888_index2color.o(i.LCD_Index2Color_8888) referenced from gui__alpha.o(i.GUI__DoAlphaBlending)
 <LI><a href="#[66]">LcdReadDataMultiple</a> from lcdconf_flexcolor_template.o(i.LcdReadDataMultiple) referenced from lcdconf_flexcolor_template.o(i.LCD_X_Config)
 <LI><a href="#[64]">LcdWriteData</a> from lcdconf_flexcolor_template.o(i.LcdWriteData) referenced from lcdconf_flexcolor_template.o(i.LCD_X_Config)
 <LI><a href="#[65]">LcdWriteDataMultiple</a> from lcdconf_flexcolor_template.o(i.LcdWriteDataMultiple) referenced from lcdconf_flexcolor_template.o(i.LCD_X_Config)
 <LI><a href="#[63]">LcdWriteReg</a> from lcdconf_flexcolor_template.o(i.LcdWriteReg) referenced from lcdconf_flexcolor_template.o(i.LCD_X_Config)
 <LI><a href="#[a]">MemManage_Handler</a> from stm32f10x_it.o(i.MemManage_Handler) referenced from startup_stm32f10x_hd.o(RESET)
 <LI><a href="#[8]">NMI_Handler</a> from stm32f10x_it.o(i.NMI_Handler) referenced from startup_stm32f10x_hd.o(RESET)
 <LI><a href="#[12]">PVD_IRQHandler</a> from startup_stm32f10x_hd.o(.text) referenced from startup_stm32f10x_hd.o(RESET)
 <LI><a href="#[f]">PendSV_Handler</a> from stm32f10x_it.o(i.PendSV_Handler) referenced from startup_stm32f10x_hd.o(RESET)
 <LI><a href="#[16]">RCC_IRQHandler</a> from startup_stm32f10x_hd.o(.text) referenced from startup_stm32f10x_hd.o(RESET)
 <LI><a href="#[3a]">RTCAlarm_IRQHandler</a> from startup_stm32f10x_hd.o(.text) referenced from startup_stm32f10x_hd.o(RESET)
 <LI><a href="#[14]">RTC_IRQHandler</a> from startup_stm32f10x_hd.o(.text) referenced from startup_stm32f10x_hd.o(RESET)
 <LI><a href="#[7]">Reset_Handler</a> from startup_stm32f10x_hd.o(.text) referenced from startup_stm32f10x_hd.o(RESET)
 <LI><a href="#[42]">SDIO_IRQHandler</a> from stm32f10x_it.o(i.SDIO_IRQHandler) referenced from startup_stm32f10x_hd.o(RESET)
 <LI><a href="#[34]">SPI1_IRQHandler</a> from startup_stm32f10x_hd.o(.text) referenced from startup_stm32f10x_hd.o(RESET)
 <LI><a href="#[35]">SPI2_IRQHandler</a> from startup_stm32f10x_hd.o(.text) referenced from startup_stm32f10x_hd.o(RESET)
 <LI><a href="#[44]">SPI3_IRQHandler</a> from startup_stm32f10x_hd.o(.text) referenced from startup_stm32f10x_hd.o(RESET)
 <LI><a href="#[d]">SVC_Handler</a> from stm32f10x_it.o(i.SVC_Handler) referenced from startup_stm32f10x_hd.o(RESET)
 <LI><a href="#[10]">SysTick_Handler</a> from stm32f10x_it.o(i.SysTick_Handler) referenced from startup_stm32f10x_hd.o(RESET)
 <LI><a href="#[4e]">SystemInit</a> from system_stm32f10x.o(i.SystemInit) referenced from startup_stm32f10x_hd.o(.text)
 <LI><a href="#[13]">TAMPER_IRQHandler</a> from startup_stm32f10x_hd.o(.text) referenced from startup_stm32f10x_hd.o(RESET)
 <LI><a href="#[29]">TIM1_BRK_IRQHandler</a> from startup_stm32f10x_hd.o(.text) referenced from startup_stm32f10x_hd.o(RESET)
 <LI><a href="#[2c]">TIM1_CC_IRQHandler</a> from startup_stm32f10x_hd.o(.text) referenced from startup_stm32f10x_hd.o(RESET)
 <LI><a href="#[2b]">TIM1_TRG_COM_IRQHandler</a> from startup_stm32f10x_hd.o(.text) referenced from startup_stm32f10x_hd.o(RESET)
 <LI><a href="#[2a]">TIM1_UP_IRQHandler</a> from startup_stm32f10x_hd.o(.text) referenced from startup_stm32f10x_hd.o(RESET)
 <LI><a href="#[2d]">TIM2_IRQHandler</a> from startup_stm32f10x_hd.o(.text) referenced from startup_stm32f10x_hd.o(RESET)
 <LI><a href="#[2e]">TIM3_IRQHandler</a> from startup_stm32f10x_hd.o(.text) referenced from startup_stm32f10x_hd.o(RESET)
 <LI><a href="#[2f]">TIM4_IRQHandler</a> from startup_stm32f10x_hd.o(.text) referenced from startup_stm32f10x_hd.o(RESET)
 <LI><a href="#[43]">TIM5_IRQHandler</a> from startup_stm32f10x_hd.o(.text) referenced from startup_stm32f10x_hd.o(RESET)
 <LI><a href="#[47]">TIM6_IRQHandler</a> from startup_stm32f10x_hd.o(.text) referenced from startup_stm32f10x_hd.o(RESET)
 <LI><a href="#[48]">TIM7_IRQHandler</a> from startup_stm32f10x_hd.o(.text) referenced from startup_stm32f10x_hd.o(RESET)
 <LI><a href="#[3c]">TIM8_BRK_IRQHandler</a> from startup_stm32f10x_hd.o(.text) referenced from startup_stm32f10x_hd.o(RESET)
 <LI><a href="#[3f]">TIM8_CC_IRQHandler</a> from startup_stm32f10x_hd.o(.text) referenced from startup_stm32f10x_hd.o(RESET)
 <LI><a href="#[3e]">TIM8_TRG_COM_IRQHandler</a> from startup_stm32f10x_hd.o(.text) referenced from startup_stm32f10x_hd.o(RESET)
 <LI><a href="#[3d]">TIM8_UP_IRQHandler</a> from startup_stm32f10x_hd.o(.text) referenced from startup_stm32f10x_hd.o(RESET)
 <LI><a href="#[45]">UART4_IRQHandler</a> from startup_stm32f10x_hd.o(.text) referenced from startup_stm32f10x_hd.o(RESET)
 <LI><a href="#[46]">UART5_IRQHandler</a> from startup_stm32f10x_hd.o(.text) referenced from startup_stm32f10x_hd.o(RESET)
 <LI><a href="#[36]">USART1_IRQHandler</a> from startup_stm32f10x_hd.o(.text) referenced from startup_stm32f10x_hd.o(RESET)
 <LI><a href="#[37]">USART2_IRQHandler</a> from startup_stm32f10x_hd.o(.text) referenced from startup_stm32f10x_hd.o(RESET)
 <LI><a href="#[38]">USART3_IRQHandler</a> from startup_stm32f10x_hd.o(.text) referenced from startup_stm32f10x_hd.o(RESET)
 <LI><a href="#[3b]">USBWakeUp_IRQHandler</a> from startup_stm32f10x_hd.o(.text) referenced from startup_stm32f10x_hd.o(RESET)
 <LI><a href="#[24]">USB_HP_CAN1_TX_IRQHandler</a> from startup_stm32f10x_hd.o(.text) referenced from startup_stm32f10x_hd.o(RESET)
 <LI><a href="#[25]">USB_LP_CAN1_RX0_IRQHandler</a> from startup_stm32f10x_hd.o(.text) referenced from startup_stm32f10x_hd.o(RESET)
 <LI><a href="#[c]">UsageFault_Handler</a> from stm32f10x_it.o(i.UsageFault_Handler) referenced from startup_stm32f10x_hd.o(RESET)
 <LI><a href="#[5e]">WM_HandlePID</a> from wm_touch.o(i.WM_HandlePID) referenced from gui_pid.o(i.GUI_PID_StoreState)
 <LI><a href="#[76]">WM__Paint1</a> from wm.o(i.WM__Paint1) referenced from wm.o(i._Paint1)
 <LI><a href="#[11]">WWDG_IRQHandler</a> from startup_stm32f10x_hd.o(.text) referenced from startup_stm32f10x_hd.o(RESET)
 <LI><a href="#[ad]">_CalcSizeOfChar</a> from gui_uc_encodenone.o(i._CalcSizeOfChar) referenced from gui_uc_encodenone.o(.constdata)
 <LI><a href="#[83]">_Color2IndexBulk</a> from guicc_565.o(i._Color2IndexBulk) referenced 2 times from guicc_565.o(.constdata)
 <LI><a href="#[be]">_Color2Index_0</a> from guicc_0.o(i._Color2Index_0) referenced from guicc_0.o(.constdata)
 <LI><a href="#[80]">_Color2Index_565</a> from guicc_565.o(i._Color2Index_565) referenced from guicc_565.o(.constdata)
 <LI><a href="#[c1]">_Color2Index_8888</a> from guicc_8888.o(i._Color2Index_8888) referenced from guicc_8888.o(.constdata)
 <LI><a href="#[87]">_DrawBitmap</a> from guidrv_flexcolor.o(i._DrawBitmap) referenced 3 times from guidrv_flexcolor.o(.constdata)
 <LI><a href="#[56]">_DrawBitmap</a> from guidrv_flexcolor_16bpp_c0b16.o(i._DrawBitmap) referenced from guidrv_flexcolor_16bpp_c0b16.o(i.GUIDRV_FlexColor_SetMode16bppC0B16)
 <LI><a href="#[88]">_DrawHLine</a> from guidrv_flexcolor.o(i._DrawHLine) referenced 3 times from guidrv_flexcolor.o(.constdata)
 <LI><a href="#[89]">_DrawVLine</a> from guidrv_flexcolor.o(i._DrawVLine) referenced 3 times from guidrv_flexcolor.o(.constdata)
 <LI><a href="#[ae]">_Encode</a> from gui_uc_encodenone.o(i._Encode) referenced from gui_uc_encodenone.o(.constdata)
 <LI><a href="#[8a]">_FillRect</a> from guidrv_flexcolor.o(i._FillRect) referenced 3 times from guidrv_flexcolor.o(.constdata)
 <LI><a href="#[57]">_FillRect</a> from guidrv_flexcolor_16bpp_c0b16.o(i._FillRect) referenced from guidrv_flexcolor_16bpp_c0b16.o(i.GUIDRV_FlexColor_SetMode16bppC0B16)
 <LI><a href="#[d4]">_GUI_USAGE_BM_Delete</a> from guidev_usagebm.o(i._GUI_USAGE_BM_Delete) referenced from guidev_usagebm.o(.constdata)
 <LI><a href="#[ab]">_GetCharCode</a> from gui_uc_encodenone.o(i._GetCharCode) referenced from gui_uc_encodenone.o(.constdata)
 <LI><a href="#[ac]">_GetCharSize</a> from gui_uc_encodenone.o(i._GetCharSize) referenced from gui_uc_encodenone.o(.constdata)
 <LI><a href="#[2]">_GetCharWrap</a> from gui__wrap.o(i._GetCharWrap) referenced 2 times from gui__wrap.o(.data)
 <LI><a href="#[91]">_GetDevData</a> from guidrv_flexcolor.o(i._GetDevData) referenced 3 times from guidrv_flexcolor.o(.constdata)
 <LI><a href="#[8f]">_GetDevFunc</a> from guidrv_flexcolor.o(i._GetDevFunc) referenced 3 times from guidrv_flexcolor.o(.constdata)
 <LI><a href="#[6e]">_GetDevFunc_Init</a> from guidrv_flexcolor.o(i._GetDevFunc_Init) referenced from guidrv_flexcolor.o(i._GetDevFunc)
 <LI><a href="#[73]">_GetDevFunc_SetRect</a> from guidrv_flexcolor.o(i._GetDevFunc_SetRect) referenced from guidrv_flexcolor.o(i._GetDevFunc_SetRectOutside)
 <LI><a href="#[70]">_GetDevFunc_SetRectOutside</a> from guidrv_flexcolor.o(i._GetDevFunc_SetRectOutside) referenced from guidrv_flexcolor.o(i._GetDevFunc)
 <LI><a href="#[6d]">_GetDevFunc_SetSize</a> from guidrv_flexcolor.o(i._GetDevFunc_SetSize) referenced from guidrv_flexcolor.o(i._GetDevFunc)
 <LI><a href="#[6c]">_GetDevFunc_SetVSize</a> from guidrv_flexcolor.o(i._GetDevFunc_SetVSize) referenced from guidrv_flexcolor.o(i._GetDevFunc)
 <LI><a href="#[90]">_GetDevProp</a> from guidrv_flexcolor.o(i._GetDevProp) referenced 3 times from guidrv_flexcolor.o(.constdata)
 <LI><a href="#[c0]">_GetIndexMask_0</a> from guicc_0.o(i._GetIndexMask_0) referenced from guicc_0.o(.constdata)
 <LI><a href="#[82]">_GetIndexMask_565</a> from guicc_565.o(i._GetIndexMask_565) referenced from guicc_565.o(.constdata)
 <LI><a href="#[c2]">_GetIndexMask_8888</a> from guicc_8888.o(i._GetIndexMask_8888) referenced from guicc_8888.o(.constdata)
 <LI><a href="#[8b]">_GetPixelIndex</a> from guidrv_flexcolor.o(i._GetPixelIndex) referenced 3 times from guidrv_flexcolor.o(.constdata)
 <LI><a href="#[92]">_GetRect</a> from guidrv_flexcolor.o(i._GetRect) referenced 3 times from guidrv_flexcolor.o(.constdata)
 <LI><a href="#[1]">_GetWordWrap</a> from gui__wrap.o(i._GetWordWrap) referenced 2 times from gui__wrap.o(.data)
 <LI><a href="#[84]">_Index2ColorBulk</a> from guicc_565.o(i._Index2ColorBulk) referenced 2 times from guicc_565.o(.constdata)
 <LI><a href="#[bf]">_Index2Color_0</a> from guicc_0.o(i._Index2Color_0) referenced from guicc_0.o(.constdata)
 <LI><a href="#[93]">_Log2PhysX_X0Y0S0</a> from guidrv_flexcolor.o(i._Log2PhysX_X0Y0S0) referenced from guidrv_flexcolor.o(.constdata)
 <LI><a href="#[97]">_Log2PhysX_X0Y0S1</a> from guidrv_flexcolor.o(i._Log2PhysX_X0Y0S1) referenced from guidrv_flexcolor.o(.constdata)
 <LI><a href="#[95]">_Log2PhysX_X0Y1S0</a> from guidrv_flexcolor.o(i._Log2PhysX_X0Y1S0) referenced from guidrv_flexcolor.o(.constdata)
 <LI><a href="#[99]">_Log2PhysX_X0Y1S1</a> from guidrv_flexcolor.o(i._Log2PhysX_X0Y1S1) referenced from guidrv_flexcolor.o(.constdata)
 <LI><a href="#[94]">_Log2PhysX_X1Y0S0</a> from guidrv_flexcolor.o(i._Log2PhysX_X1Y0S0) referenced from guidrv_flexcolor.o(.constdata)
 <LI><a href="#[98]">_Log2PhysX_X1Y0S1</a> from guidrv_flexcolor.o(i._Log2PhysX_X1Y0S1) referenced from guidrv_flexcolor.o(.constdata)
 <LI><a href="#[96]">_Log2PhysX_X1Y1S0</a> from guidrv_flexcolor.o(i._Log2PhysX_X1Y1S0) referenced from guidrv_flexcolor.o(.constdata)
 <LI><a href="#[9a]">_Log2PhysX_X1Y1S1</a> from guidrv_flexcolor.o(i._Log2PhysX_X1Y1S1) referenced from guidrv_flexcolor.o(.constdata)
 <LI><a href="#[9b]">_Log2PhysY_X0Y0S0</a> from guidrv_flexcolor.o(i._Log2PhysY_X0Y0S0) referenced from guidrv_flexcolor.o(.constdata)
 <LI><a href="#[9f]">_Log2PhysY_X0Y0S1</a> from guidrv_flexcolor.o(i._Log2PhysY_X0Y0S1) referenced from guidrv_flexcolor.o(.constdata)
 <LI><a href="#[9d]">_Log2PhysY_X0Y1S0</a> from guidrv_flexcolor.o(i._Log2PhysY_X0Y1S0) referenced from guidrv_flexcolor.o(.constdata)
 <LI><a href="#[a1]">_Log2PhysY_X0Y1S1</a> from guidrv_flexcolor.o(i._Log2PhysY_X0Y1S1) referenced from guidrv_flexcolor.o(.constdata)
 <LI><a href="#[9c]">_Log2PhysY_X1Y0S0</a> from guidrv_flexcolor.o(i._Log2PhysY_X1Y0S0) referenced from guidrv_flexcolor.o(.constdata)
 <LI><a href="#[a0]">_Log2PhysY_X1Y0S1</a> from guidrv_flexcolor.o(i._Log2PhysY_X1Y0S1) referenced from guidrv_flexcolor.o(.constdata)
 <LI><a href="#[9e]">_Log2PhysY_X1Y1S0</a> from guidrv_flexcolor.o(i._Log2PhysY_X1Y1S0) referenced from guidrv_flexcolor.o(.constdata)
 <LI><a href="#[a2]">_Log2PhysY_X1Y1S1</a> from guidrv_flexcolor.o(i._Log2PhysY_X1Y1S1) referenced from guidrv_flexcolor.o(.constdata)
 <LI><a href="#[3]">_Log2VisBuffered</a> from gui_charline.o(i._Log2VisBuffered) referenced 2 times from gui_charline.o(.data)
 <LI><a href="#[5f]">_OnExit</a> from gui_core.o(i._OnExit) referenced from gui_core.o(i.GUI__Config)
 <LI><a href="#[61]">_OnExit</a> from gui__alpha.o(i._OnExit) referenced from gui__alpha.o(i.GUI__GetAlphaBuffer)
 <LI><a href="#[62]">_OnExit</a> from lcd_color.o(i._OnExit) referenced from lcd_color.o(i.LCD_InitColors)
 <LI><a href="#[6a]">_OnExit</a> from wm.o(i._OnExit) referenced from wm.o(i.WM_Init)
 <LI><a href="#[74]">_OnExit</a> from gui_alloc.o(i._OnExit) referenced from gui_alloc.o(i._InitOnce)
 <LI><a href="#[5a]">_ReadData</a> from guidrv_flexcolor_16bpp_c0b16.o(i._ReadData) referenced from guidrv_flexcolor_16bpp_c0b16.o(i.GUIDRV_FlexColor_SetMode16bppC0B16)
 <LI><a href="#[79]">_ReadPixelCust_16bpp</a> from guidrv_flexcolor.o(i._ReadPixelCust_16bpp) referenced from guidrv_flexcolor.o(i._SetDevFunc)
 <LI><a href="#[78]">_ReadPixelCust_18bpp</a> from guidrv_flexcolor.o(i._ReadPixelCust_18bpp) referenced from guidrv_flexcolor.o(i._SetDevFunc)
 <LI><a href="#[54]">_ReadPixel_16bpp_B16</a> from guidrv_flexcolor_func66708.o(i._ReadPixel_16bpp_B16) referenced from guidrv_flexcolor_func66708.o(i.GUIDRV_FlexColor_SetFunc66708)
 <LI><a href="#[53]">_ReadPixel_16bpp_B8</a> from guidrv_flexcolor_func66708.o(i._ReadPixel_16bpp_B8) referenced from guidrv_flexcolor_func66708.o(i.GUIDRV_FlexColor_SetFunc66708)
 <LI><a href="#[7a]">_ReadRectCust_16bpp</a> from guidrv_flexcolor.o(i._ReadRectCust_16bpp) referenced from guidrv_flexcolor.o(i._SetDevFunc)
 <LI><a href="#[77]">_ReadRectCust_18bpp</a> from guidrv_flexcolor.o(i._ReadRectCust_18bpp) referenced from guidrv_flexcolor.o(i._SetDevFunc)
 <LI><a href="#[b0]">_SetBkColor</a> from lcd.o(i._SetBkColor) referenced from lcd.o(.constdata)
 <LI><a href="#[af]">_SetColor</a> from lcd.o(i._SetColor) referenced from lcd.o(.constdata)
 <LI><a href="#[6f]">_SetDevFunc</a> from guidrv_flexcolor.o(i._SetDevFunc) referenced from guidrv_flexcolor.o(i._GetDevFunc)
 <LI><a href="#[b1]">_SetDrawMode</a> from lcd.o(i._SetDrawMode) referenced from lcd.o(.constdata)
 <LI><a href="#[55]">_SetInterface</a> from guidrv_flexcolor_func66708.o(i._SetInterface) referenced from guidrv_flexcolor_func66708.o(i.GUIDRV_FlexColor_SetFunc66708)
 <LI><a href="#[8e]">_SetOrg</a> from guidrv_flexcolor.o(i._SetOrg) referenced 3 times from guidrv_flexcolor.o(.constdata)
 <LI><a href="#[52]">_SetOrientation</a> from guidrv_flexcolor_func66708.o(i._SetOrientation) referenced from guidrv_flexcolor_func66708.o(i.GUIDRV_FlexColor_SetFunc66708)
 <LI><a href="#[50]">_SetPhysRAMAddr</a> from guidrv_flexcolor_func66708.o(i._SetPhysRAMAddr) referenced from guidrv_flexcolor_func66708.o(i.GUIDRV_FlexColor_SetFunc66708)
 <LI><a href="#[8c]">_SetPixelIndex</a> from guidrv_flexcolor.o(i._SetPixelIndex) referenced 3 times from guidrv_flexcolor.o(.constdata)
 <LI><a href="#[51]">_SetRect</a> from guidrv_flexcolor_func66708.o(i._SetRect) referenced from guidrv_flexcolor_func66708.o(i.GUIDRV_FlexColor_SetFunc66708)
 <LI><a href="#[7b]">_SetReg_B16</a> from guidrv_flexcolor_func66708.o(i._SetReg_B16) referenced from guidrv_flexcolor_func66708.o(i._SetInterface)
 <LI><a href="#[7d]">_SetReg_B8</a> from guidrv_flexcolor_func66708.o(i._SetReg_B8) referenced from guidrv_flexcolor_func66708.o(i._SetInterface)
 <LI><a href="#[5b]">_WriteData</a> from guidrv_flexcolor_16bpp_c0b16.o(i._WriteData) referenced from guidrv_flexcolor_16bpp_c0b16.o(i.GUIDRV_FlexColor_SetMode16bppC0B16)
 <LI><a href="#[7c]">_WritePara_B16</a> from guidrv_flexcolor_func66708.o(i._WritePara_B16) referenced from guidrv_flexcolor_func66708.o(i._SetInterface)
 <LI><a href="#[7e]">_WritePara_B8</a> from guidrv_flexcolor_func66708.o(i._WritePara_B8) referenced from guidrv_flexcolor_func66708.o(i._SetInterface)
 <LI><a href="#[8d]">_XorPixel</a> from guidrv_flexcolor.o(i._XorPixel) referenced 3 times from guidrv_flexcolor.o(.constdata)
 <LI><a href="#[4f]">__main</a> from entry.o(.ARM.Collect$$$$00000000) referenced from startup_stm32f10x_hd.o(.text)
 <LI><a href="#[6b]">_cbPaintMemDev</a> from wm.o(i._cbPaintMemDev) referenced from wm.o(i.WM__Paint)
 <LI><a href="#[69]">cbBackWin</a> from wm.o(i.cbBackWin) referenced from wm.o(i.WM_Init)
 <LI><a href="#[7f]">fputc</a> from bsp_usart1.o(i.fputc) referenced from printf3.o(i.__0printf$3)
 <LI><a href="#[4d]">main</a> from main.o(i.main) referenced from entry9a.o(.ARM.Collect$$$$0000000B)
</UL>
<P>
<H3>
Global Symbols
</H3>
<P><STRONG><a name="[4f]"></a>__main</STRONG> (Thumb, 0 bytes, Stack size unknown bytes, entry.o(.ARM.Collect$$$$00000000))
<BR>[Address Reference Count : 1]<UL><LI> startup_stm32f10x_hd.o(.text)
</UL>
<P><STRONG><a name="[2a9]"></a>_main_stk</STRONG> (Thumb, 0 bytes, Stack size unknown bytes, entry2.o(.ARM.Collect$$$$00000001))

<P><STRONG><a name="[d6]"></a>_main_scatterload</STRONG> (Thumb, 0 bytes, Stack size unknown bytes, entry5.o(.ARM.Collect$$$$00000004))
<BR><BR>[Calls]<UL><LI><a href="#[d7]">&gt;&gt;</a>&nbsp;&nbsp;&nbsp;__scatterload
</UL>

<P><STRONG><a name="[db]"></a>__main_after_scatterload</STRONG> (Thumb, 0 bytes, Stack size unknown bytes, entry5.o(.ARM.Collect$$$$00000004))
<BR><BR>[Called By]<UL><LI><a href="#[d7]">&gt;&gt;</a>&nbsp;&nbsp;&nbsp;__scatterload
</UL>

<P><STRONG><a name="[2aa]"></a>_main_clock</STRONG> (Thumb, 0 bytes, Stack size unknown bytes, entry7b.o(.ARM.Collect$$$$00000008))

<P><STRONG><a name="[2ab]"></a>_main_cpp_init</STRONG> (Thumb, 0 bytes, Stack size unknown bytes, entry8b.o(.ARM.Collect$$$$0000000A))

<P><STRONG><a name="[2ac]"></a>_main_init</STRONG> (Thumb, 0 bytes, Stack size unknown bytes, entry9a.o(.ARM.Collect$$$$0000000B))

<P><STRONG><a name="[2ad]"></a>__rt_final_cpp</STRONG> (Thumb, 0 bytes, Stack size unknown bytes, entry10a.o(.ARM.Collect$$$$0000000D))

<P><STRONG><a name="[2ae]"></a>__rt_final_exit</STRONG> (Thumb, 0 bytes, Stack size unknown bytes, entry11a.o(.ARM.Collect$$$$0000000F))

<P><STRONG><a name="[7]"></a>Reset_Handler</STRONG> (Thumb, 8 bytes, Stack size 0 bytes, startup_stm32f10x_hd.o(.text))
<BR>[Address Reference Count : 1]<UL><LI> startup_stm32f10x_hd.o(RESET)
</UL>
<P><STRONG><a name="[23]"></a>ADC1_2_IRQHandler</STRONG> (Thumb, 0 bytes, Stack size 0 bytes, startup_stm32f10x_hd.o(.text))
<BR><BR>[Calls]<UL><LI><a href="#[23]">&gt;&gt;</a>&nbsp;&nbsp;&nbsp;ADC1_2_IRQHandler
</UL>
<BR>[Called By]<UL><LI><a href="#[23]">&gt;&gt;</a>&nbsp;&nbsp;&nbsp;ADC1_2_IRQHandler
</UL>
<BR>[Address Reference Count : 1]<UL><LI> startup_stm32f10x_hd.o(RESET)
</UL>
<P><STRONG><a name="[40]"></a>ADC3_IRQHandler</STRONG> (Thumb, 0 bytes, Stack size 0 bytes, startup_stm32f10x_hd.o(.text))
<BR>[Address Reference Count : 1]<UL><LI> startup_stm32f10x_hd.o(RESET)
</UL>
<P><STRONG><a name="[26]"></a>CAN1_RX1_IRQHandler</STRONG> (Thumb, 0 bytes, Stack size 0 bytes, startup_stm32f10x_hd.o(.text))
<BR>[Address Reference Count : 1]<UL><LI> startup_stm32f10x_hd.o(RESET)
</UL>
<P><STRONG><a name="[27]"></a>CAN1_SCE_IRQHandler</STRONG> (Thumb, 0 bytes, Stack size 0 bytes, startup_stm32f10x_hd.o(.text))
<BR>[Address Reference Count : 1]<UL><LI> startup_stm32f10x_hd.o(RESET)
</UL>
<P><STRONG><a name="[1c]"></a>DMA1_Channel1_IRQHandler</STRONG> (Thumb, 0 bytes, Stack size 0 bytes, startup_stm32f10x_hd.o(.text))
<BR>[Address Reference Count : 1]<UL><LI> startup_stm32f10x_hd.o(RESET)
</UL>
<P><STRONG><a name="[1d]"></a>DMA1_Channel2_IRQHandler</STRONG> (Thumb, 0 bytes, Stack size 0 bytes, startup_stm32f10x_hd.o(.text))
<BR>[Address Reference Count : 1]<UL><LI> startup_stm32f10x_hd.o(RESET)
</UL>
<P><STRONG><a name="[1e]"></a>DMA1_Channel3_IRQHandler</STRONG> (Thumb, 0 bytes, Stack size 0 bytes, startup_stm32f10x_hd.o(.text))
<BR>[Address Reference Count : 1]<UL><LI> startup_stm32f10x_hd.o(RESET)
</UL>
<P><STRONG><a name="[1f]"></a>DMA1_Channel4_IRQHandler</STRONG> (Thumb, 0 bytes, Stack size 0 bytes, startup_stm32f10x_hd.o(.text))
<BR>[Address Reference Count : 1]<UL><LI> startup_stm32f10x_hd.o(RESET)
</UL>
<P><STRONG><a name="[20]"></a>DMA1_Channel5_IRQHandler</STRONG> (Thumb, 0 bytes, Stack size 0 bytes, startup_stm32f10x_hd.o(.text))
<BR>[Address Reference Count : 1]<UL><LI> startup_stm32f10x_hd.o(RESET)
</UL>
<P><STRONG><a name="[21]"></a>DMA1_Channel6_IRQHandler</STRONG> (Thumb, 0 bytes, Stack size 0 bytes, startup_stm32f10x_hd.o(.text))
<BR>[Address Reference Count : 1]<UL><LI> startup_stm32f10x_hd.o(RESET)
</UL>
<P><STRONG><a name="[22]"></a>DMA1_Channel7_IRQHandler</STRONG> (Thumb, 0 bytes, Stack size 0 bytes, startup_stm32f10x_hd.o(.text))
<BR>[Address Reference Count : 1]<UL><LI> startup_stm32f10x_hd.o(RESET)
</UL>
<P><STRONG><a name="[49]"></a>DMA2_Channel1_IRQHandler</STRONG> (Thumb, 0 bytes, Stack size 0 bytes, startup_stm32f10x_hd.o(.text))
<BR>[Address Reference Count : 1]<UL><LI> startup_stm32f10x_hd.o(RESET)
</UL>
<P><STRONG><a name="[4a]"></a>DMA2_Channel2_IRQHandler</STRONG> (Thumb, 0 bytes, Stack size 0 bytes, startup_stm32f10x_hd.o(.text))
<BR>[Address Reference Count : 1]<UL><LI> startup_stm32f10x_hd.o(RESET)
</UL>
<P><STRONG><a name="[4b]"></a>DMA2_Channel3_IRQHandler</STRONG> (Thumb, 0 bytes, Stack size 0 bytes, startup_stm32f10x_hd.o(.text))
<BR>[Address Reference Count : 1]<UL><LI> startup_stm32f10x_hd.o(RESET)
</UL>
<P><STRONG><a name="[17]"></a>EXTI0_IRQHandler</STRONG> (Thumb, 0 bytes, Stack size 0 bytes, startup_stm32f10x_hd.o(.text))
<BR>[Address Reference Count : 1]<UL><LI> startup_stm32f10x_hd.o(RESET)
</UL>
<P><STRONG><a name="[39]"></a>EXTI15_10_IRQHandler</STRONG> (Thumb, 0 bytes, Stack size 0 bytes, startup_stm32f10x_hd.o(.text))
<BR>[Address Reference Count : 1]<UL><LI> startup_stm32f10x_hd.o(RESET)
</UL>
<P><STRONG><a name="[18]"></a>EXTI1_IRQHandler</STRONG> (Thumb, 0 bytes, Stack size 0 bytes, startup_stm32f10x_hd.o(.text))
<BR>[Address Reference Count : 1]<UL><LI> startup_stm32f10x_hd.o(RESET)
</UL>
<P><STRONG><a name="[19]"></a>EXTI2_IRQHandler</STRONG> (Thumb, 0 bytes, Stack size 0 bytes, startup_stm32f10x_hd.o(.text))
<BR>[Address Reference Count : 1]<UL><LI> startup_stm32f10x_hd.o(RESET)
</UL>
<P><STRONG><a name="[1a]"></a>EXTI3_IRQHandler</STRONG> (Thumb, 0 bytes, Stack size 0 bytes, startup_stm32f10x_hd.o(.text))
<BR>[Address Reference Count : 1]<UL><LI> startup_stm32f10x_hd.o(RESET)
</UL>
<P><STRONG><a name="[1b]"></a>EXTI4_IRQHandler</STRONG> (Thumb, 0 bytes, Stack size 0 bytes, startup_stm32f10x_hd.o(.text))
<BR>[Address Reference Count : 1]<UL><LI> startup_stm32f10x_hd.o(RESET)
</UL>
<P><STRONG><a name="[28]"></a>EXTI9_5_IRQHandler</STRONG> (Thumb, 0 bytes, Stack size 0 bytes, startup_stm32f10x_hd.o(.text))
<BR>[Address Reference Count : 1]<UL><LI> startup_stm32f10x_hd.o(RESET)
</UL>
<P><STRONG><a name="[15]"></a>FLASH_IRQHandler</STRONG> (Thumb, 0 bytes, Stack size 0 bytes, startup_stm32f10x_hd.o(.text))
<BR>[Address Reference Count : 1]<UL><LI> startup_stm32f10x_hd.o(RESET)
</UL>
<P><STRONG><a name="[41]"></a>FSMC_IRQHandler</STRONG> (Thumb, 0 bytes, Stack size 0 bytes, startup_stm32f10x_hd.o(.text))
<BR>[Address Reference Count : 1]<UL><LI> startup_stm32f10x_hd.o(RESET)
</UL>
<P><STRONG><a name="[31]"></a>I2C1_ER_IRQHandler</STRONG> (Thumb, 0 bytes, Stack size 0 bytes, startup_stm32f10x_hd.o(.text))
<BR>[Address Reference Count : 1]<UL><LI> startup_stm32f10x_hd.o(RESET)
</UL>
<P><STRONG><a name="[30]"></a>I2C1_EV_IRQHandler</STRONG> (Thumb, 0 bytes, Stack size 0 bytes, startup_stm32f10x_hd.o(.text))
<BR>[Address Reference Count : 1]<UL><LI> startup_stm32f10x_hd.o(RESET)
</UL>
<P><STRONG><a name="[33]"></a>I2C2_ER_IRQHandler</STRONG> (Thumb, 0 bytes, Stack size 0 bytes, startup_stm32f10x_hd.o(.text))
<BR>[Address Reference Count : 1]<UL><LI> startup_stm32f10x_hd.o(RESET)
</UL>
<P><STRONG><a name="[32]"></a>I2C2_EV_IRQHandler</STRONG> (Thumb, 0 bytes, Stack size 0 bytes, startup_stm32f10x_hd.o(.text))
<BR>[Address Reference Count : 1]<UL><LI> startup_stm32f10x_hd.o(RESET)
</UL>
<P><STRONG><a name="[12]"></a>PVD_IRQHandler</STRONG> (Thumb, 0 bytes, Stack size 0 bytes, startup_stm32f10x_hd.o(.text))
<BR>[Address Reference Count : 1]<UL><LI> startup_stm32f10x_hd.o(RESET)
</UL>
<P><STRONG><a name="[16]"></a>RCC_IRQHandler</STRONG> (Thumb, 0 bytes, Stack size 0 bytes, startup_stm32f10x_hd.o(.text))
<BR>[Address Reference Count : 1]<UL><LI> startup_stm32f10x_hd.o(RESET)
</UL>
<P><STRONG><a name="[3a]"></a>RTCAlarm_IRQHandler</STRONG> (Thumb, 0 bytes, Stack size 0 bytes, startup_stm32f10x_hd.o(.text))
<BR>[Address Reference Count : 1]<UL><LI> startup_stm32f10x_hd.o(RESET)
</UL>
<P><STRONG><a name="[14]"></a>RTC_IRQHandler</STRONG> (Thumb, 0 bytes, Stack size 0 bytes, startup_stm32f10x_hd.o(.text))
<BR>[Address Reference Count : 1]<UL><LI> startup_stm32f10x_hd.o(RESET)
</UL>
<P><STRONG><a name="[34]"></a>SPI1_IRQHandler</STRONG> (Thumb, 0 bytes, Stack size 0 bytes, startup_stm32f10x_hd.o(.text))
<BR>[Address Reference Count : 1]<UL><LI> startup_stm32f10x_hd.o(RESET)
</UL>
<P><STRONG><a name="[35]"></a>SPI2_IRQHandler</STRONG> (Thumb, 0 bytes, Stack size 0 bytes, startup_stm32f10x_hd.o(.text))
<BR>[Address Reference Count : 1]<UL><LI> startup_stm32f10x_hd.o(RESET)
</UL>
<P><STRONG><a name="[44]"></a>SPI3_IRQHandler</STRONG> (Thumb, 0 bytes, Stack size 0 bytes, startup_stm32f10x_hd.o(.text))
<BR>[Address Reference Count : 1]<UL><LI> startup_stm32f10x_hd.o(RESET)
</UL>
<P><STRONG><a name="[13]"></a>TAMPER_IRQHandler</STRONG> (Thumb, 0 bytes, Stack size 0 bytes, startup_stm32f10x_hd.o(.text))
<BR>[Address Reference Count : 1]<UL><LI> startup_stm32f10x_hd.o(RESET)
</UL>
<P><STRONG><a name="[29]"></a>TIM1_BRK_IRQHandler</STRONG> (Thumb, 0 bytes, Stack size 0 bytes, startup_stm32f10x_hd.o(.text))
<BR>[Address Reference Count : 1]<UL><LI> startup_stm32f10x_hd.o(RESET)
</UL>
<P><STRONG><a name="[2c]"></a>TIM1_CC_IRQHandler</STRONG> (Thumb, 0 bytes, Stack size 0 bytes, startup_stm32f10x_hd.o(.text))
<BR>[Address Reference Count : 1]<UL><LI> startup_stm32f10x_hd.o(RESET)
</UL>
<P><STRONG><a name="[2b]"></a>TIM1_TRG_COM_IRQHandler</STRONG> (Thumb, 0 bytes, Stack size 0 bytes, startup_stm32f10x_hd.o(.text))
<BR>[Address Reference Count : 1]<UL><LI> startup_stm32f10x_hd.o(RESET)
</UL>
<P><STRONG><a name="[2a]"></a>TIM1_UP_IRQHandler</STRONG> (Thumb, 0 bytes, Stack size 0 bytes, startup_stm32f10x_hd.o(.text))
<BR>[Address Reference Count : 1]<UL><LI> startup_stm32f10x_hd.o(RESET)
</UL>
<P><STRONG><a name="[2d]"></a>TIM2_IRQHandler</STRONG> (Thumb, 0 bytes, Stack size 0 bytes, startup_stm32f10x_hd.o(.text))
<BR>[Address Reference Count : 1]<UL><LI> startup_stm32f10x_hd.o(RESET)
</UL>
<P><STRONG><a name="[2e]"></a>TIM3_IRQHandler</STRONG> (Thumb, 0 bytes, Stack size 0 bytes, startup_stm32f10x_hd.o(.text))
<BR>[Address Reference Count : 1]<UL><LI> startup_stm32f10x_hd.o(RESET)
</UL>
<P><STRONG><a name="[2f]"></a>TIM4_IRQHandler</STRONG> (Thumb, 0 bytes, Stack size 0 bytes, startup_stm32f10x_hd.o(.text))
<BR>[Address Reference Count : 1]<UL><LI> startup_stm32f10x_hd.o(RESET)
</UL>
<P><STRONG><a name="[43]"></a>TIM5_IRQHandler</STRONG> (Thumb, 0 bytes, Stack size 0 bytes, startup_stm32f10x_hd.o(.text))
<BR>[Address Reference Count : 1]<UL><LI> startup_stm32f10x_hd.o(RESET)
</UL>
<P><STRONG><a name="[47]"></a>TIM6_IRQHandler</STRONG> (Thumb, 0 bytes, Stack size 0 bytes, startup_stm32f10x_hd.o(.text))
<BR>[Address Reference Count : 1]<UL><LI> startup_stm32f10x_hd.o(RESET)
</UL>
<P><STRONG><a name="[48]"></a>TIM7_IRQHandler</STRONG> (Thumb, 0 bytes, Stack size 0 bytes, startup_stm32f10x_hd.o(.text))
<BR>[Address Reference Count : 1]<UL><LI> startup_stm32f10x_hd.o(RESET)
</UL>
<P><STRONG><a name="[3c]"></a>TIM8_BRK_IRQHandler</STRONG> (Thumb, 0 bytes, Stack size 0 bytes, startup_stm32f10x_hd.o(.text))
<BR>[Address Reference Count : 1]<UL><LI> startup_stm32f10x_hd.o(RESET)
</UL>
<P><STRONG><a name="[3f]"></a>TIM8_CC_IRQHandler</STRONG> (Thumb, 0 bytes, Stack size 0 bytes, startup_stm32f10x_hd.o(.text))
<BR>[Address Reference Count : 1]<UL><LI> startup_stm32f10x_hd.o(RESET)
</UL>
<P><STRONG><a name="[3e]"></a>TIM8_TRG_COM_IRQHandler</STRONG> (Thumb, 0 bytes, Stack size 0 bytes, startup_stm32f10x_hd.o(.text))
<BR>[Address Reference Count : 1]<UL><LI> startup_stm32f10x_hd.o(RESET)
</UL>
<P><STRONG><a name="[3d]"></a>TIM8_UP_IRQHandler</STRONG> (Thumb, 0 bytes, Stack size 0 bytes, startup_stm32f10x_hd.o(.text))
<BR>[Address Reference Count : 1]<UL><LI> startup_stm32f10x_hd.o(RESET)
</UL>
<P><STRONG><a name="[45]"></a>UART4_IRQHandler</STRONG> (Thumb, 0 bytes, Stack size 0 bytes, startup_stm32f10x_hd.o(.text))
<BR>[Address Reference Count : 1]<UL><LI> startup_stm32f10x_hd.o(RESET)
</UL>
<P><STRONG><a name="[46]"></a>UART5_IRQHandler</STRONG> (Thumb, 0 bytes, Stack size 0 bytes, startup_stm32f10x_hd.o(.text))
<BR>[Address Reference Count : 1]<UL><LI> startup_stm32f10x_hd.o(RESET)
</UL>
<P><STRONG><a name="[36]"></a>USART1_IRQHandler</STRONG> (Thumb, 0 bytes, Stack size 0 bytes, startup_stm32f10x_hd.o(.text))
<BR>[Address Reference Count : 1]<UL><LI> startup_stm32f10x_hd.o(RESET)
</UL>
<P><STRONG><a name="[37]"></a>USART2_IRQHandler</STRONG> (Thumb, 0 bytes, Stack size 0 bytes, startup_stm32f10x_hd.o(.text))
<BR>[Address Reference Count : 1]<UL><LI> startup_stm32f10x_hd.o(RESET)
</UL>
<P><STRONG><a name="[38]"></a>USART3_IRQHandler</STRONG> (Thumb, 0 bytes, Stack size 0 bytes, startup_stm32f10x_hd.o(.text))
<BR>[Address Reference Count : 1]<UL><LI> startup_stm32f10x_hd.o(RESET)
</UL>
<P><STRONG><a name="[3b]"></a>USBWakeUp_IRQHandler</STRONG> (Thumb, 0 bytes, Stack size 0 bytes, startup_stm32f10x_hd.o(.text))
<BR>[Address Reference Count : 1]<UL><LI> startup_stm32f10x_hd.o(RESET)
</UL>
<P><STRONG><a name="[24]"></a>USB_HP_CAN1_TX_IRQHandler</STRONG> (Thumb, 0 bytes, Stack size 0 bytes, startup_stm32f10x_hd.o(.text))
<BR>[Address Reference Count : 1]<UL><LI> startup_stm32f10x_hd.o(RESET)
</UL>
<P><STRONG><a name="[25]"></a>USB_LP_CAN1_RX0_IRQHandler</STRONG> (Thumb, 0 bytes, Stack size 0 bytes, startup_stm32f10x_hd.o(.text))
<BR>[Address Reference Count : 1]<UL><LI> startup_stm32f10x_hd.o(RESET)
</UL>
<P><STRONG><a name="[11]"></a>WWDG_IRQHandler</STRONG> (Thumb, 0 bytes, Stack size 0 bytes, startup_stm32f10x_hd.o(.text))
<BR>[Address Reference Count : 1]<UL><LI> startup_stm32f10x_hd.o(RESET)
</UL>
<P><STRONG><a name="[2af]"></a>___aeabi_memcpy8$move</STRONG> (Thumb, 0 bytes, Stack size 8 bytes, memmovea.o(.text), UNUSED)

<P><STRONG><a name="[268]"></a>__aeabi_memcpy</STRONG> (Thumb, 64 bytes, Stack size 8 bytes, memmovea.o(.text))
<BR><BR>[Stack]<UL><LI>Max Depth = 8<LI>Call Chain = __aeabi_memcpy
</UL>
<BR>[Called By]<UL><LI><a href="#[b2]">&gt;&gt;</a>&nbsp;&nbsp;&nbsp;_DrawBitmap
<LI><a href="#[c5]">&gt;&gt;</a>&nbsp;&nbsp;&nbsp;_DrawBitmap
</UL>

<P><STRONG><a name="[105]"></a>__aeabi_memcpy4</STRONG> (Thumb, 0 bytes, Stack size 8 bytes, memmovea.o(.text))
<BR><BR>[Stack]<UL><LI>Max Depth = 8<LI>Call Chain = __aeabi_memcpy4
</UL>
<BR>[Called By]<UL><LI><a href="#[5c]">&gt;&gt;</a>&nbsp;&nbsp;&nbsp;GUIDRV_FlexColor__SetLog2Phys
<LI><a href="#[270]">&gt;&gt;</a>&nbsp;&nbsp;&nbsp;_EnlargeBlocks
<LI><a href="#[104]">&gt;&gt;</a>&nbsp;&nbsp;&nbsp;GUIDRV_FlexColor_SetFunc
<LI><a href="#[261]">&gt;&gt;</a>&nbsp;&nbsp;&nbsp;_DrawBitLine32BPP_DDB
<LI><a href="#[17d]">&gt;&gt;</a>&nbsp;&nbsp;&nbsp;GUI_SaveContext_W
<LI><a href="#[17b]">&gt;&gt;</a>&nbsp;&nbsp;&nbsp;GUI_RestoreContext
</UL>

<P><STRONG><a name="[27b]"></a>__aeabi_memmove</STRONG> (Thumb, 0 bytes, Stack size 8 bytes, memmovea.o(.text))
<BR><BR>[Stack]<UL><LI>Max Depth = 8<LI>Call Chain = __aeabi_memmove
</UL>
<BR>[Called By]<UL><LI><a href="#[117]">&gt;&gt;</a>&nbsp;&nbsp;&nbsp;_RemoveHoles
</UL>

<P><STRONG><a name="[2b0]"></a>__aeabi_memmove4</STRONG> (Thumb, 0 bytes, Stack size 8 bytes, memmovea.o(.text), UNUSED)

<P><STRONG><a name="[2b1]"></a>__aeabi_memmove8</STRONG> (Thumb, 0 bytes, Stack size 8 bytes, memmovea.o(.text), UNUSED)

<P><STRONG><a name="[d9]"></a>__aeabi_memset</STRONG> (Thumb, 14 bytes, Stack size 0 bytes, memseta.o(.text))
<BR><BR>[Called By]<UL><LI><a href="#[da]">&gt;&gt;</a>&nbsp;&nbsp;&nbsp;_memset$wrapper
<LI><a href="#[d8]">&gt;&gt;</a>&nbsp;&nbsp;&nbsp;__aeabi_memclr
<LI><a href="#[d2]">&gt;&gt;</a>&nbsp;&nbsp;&nbsp;GUI_USAGE_BM_AddHLine
</UL>

<P><STRONG><a name="[2b2]"></a>__aeabi_memset4</STRONG> (Thumb, 0 bytes, Stack size 0 bytes, memseta.o(.text), UNUSED)

<P><STRONG><a name="[2b3]"></a>__aeabi_memset8</STRONG> (Thumb, 0 bytes, Stack size 0 bytes, memseta.o(.text), UNUSED)

<P><STRONG><a name="[d8]"></a>__aeabi_memclr</STRONG> (Thumb, 4 bytes, Stack size 0 bytes, memseta.o(.text), UNUSED)
<BR><BR>[Calls]<UL><LI><a href="#[d9]">&gt;&gt;</a>&nbsp;&nbsp;&nbsp;__aeabi_memset
</UL>

<P><STRONG><a name="[19a]"></a>__aeabi_memclr4</STRONG> (Thumb, 0 bytes, Stack size 0 bytes, memseta.o(.text))
<BR><BR>[Called By]<UL><LI><a href="#[1a2]">&gt;&gt;</a>&nbsp;&nbsp;&nbsp;LCD_X_Config
<LI><a href="#[d3]">&gt;&gt;</a>&nbsp;&nbsp;&nbsp;GUI_USAGE_BM_Clear
</UL>

<P><STRONG><a name="[2b4]"></a>__aeabi_memclr8</STRONG> (Thumb, 0 bytes, Stack size 0 bytes, memseta.o(.text), UNUSED)

<P><STRONG><a name="[da]"></a>_memset$wrapper</STRONG> (Thumb, 18 bytes, Stack size 8 bytes, memseta.o(.text), UNUSED)
<BR><BR>[Calls]<UL><LI><a href="#[d9]">&gt;&gt;</a>&nbsp;&nbsp;&nbsp;__aeabi_memset
</UL>

<P><STRONG><a name="[197]"></a>memcmp</STRONG> (Thumb, 26 bytes, Stack size 12 bytes, memcmp.o(.text))
<BR><BR>[Stack]<UL><LI>Max Depth = 12<LI>Call Chain = memcmp
</UL>
<BR>[Called By]<UL><LI><a href="#[196]">&gt;&gt;</a>&nbsp;&nbsp;&nbsp;GUI_TOUCH_StoreStateEx
</UL>

<P><STRONG><a name="[2b5]"></a>__aeabi_uidiv</STRONG> (Thumb, 0 bytes, Stack size 12 bytes, uidiv.o(.text), UNUSED)

<P><STRONG><a name="[284]"></a>__aeabi_uidivmod</STRONG> (Thumb, 44 bytes, Stack size 12 bytes, uidiv.o(.text), UNUSED)
<BR><BR>[Called By]<UL><LI><a href="#[283]">&gt;&gt;</a>&nbsp;&nbsp;&nbsp;_printf_core
</UL>

<P><STRONG><a name="[d7]"></a>__scatterload</STRONG> (Thumb, 28 bytes, Stack size 0 bytes, init.o(.text))
<BR><BR>[Calls]<UL><LI><a href="#[db]">&gt;&gt;</a>&nbsp;&nbsp;&nbsp;__main_after_scatterload
</UL>
<BR>[Called By]<UL><LI><a href="#[d6]">&gt;&gt;</a>&nbsp;&nbsp;&nbsp;_main_scatterload
</UL>

<P><STRONG><a name="[2b6]"></a>__scatterload_rt2</STRONG> (Thumb, 0 bytes, Stack size 0 bytes, init.o(.text), UNUSED)

<P><STRONG><a name="[2b7]"></a>__decompress</STRONG> (Thumb, 0 bytes, Stack size unknown bytes, __dczerorl2.o(.text), UNUSED)

<P><STRONG><a name="[2b8]"></a>__decompress1</STRONG> (Thumb, 92 bytes, Stack size unknown bytes, __dczerorl2.o(.text), UNUSED)

<P><STRONG><a name="[b]"></a>BusFault_Handler</STRONG> (Thumb, 2 bytes, Stack size 0 bytes, stm32f10x_it.o(i.BusFault_Handler))
<BR><BR>[Calls]<UL><LI><a href="#[b]">&gt;&gt;</a>&nbsp;&nbsp;&nbsp;BusFault_Handler
</UL>
<BR>[Called By]<UL><LI><a href="#[b]">&gt;&gt;</a>&nbsp;&nbsp;&nbsp;BusFault_Handler
</UL>
<BR>[Address Reference Count : 1]<UL><LI> startup_stm32f10x_hd.o(RESET)
</UL>
<P><STRONG><a name="[4c]"></a>DMA2_Channel4_5_IRQHandler</STRONG> (Thumb, 4 bytes, Stack size 0 bytes, stm32f10x_it.o(i.DMA2_Channel4_5_IRQHandler))
<BR><BR>[Calls]<UL><LI><a href="#[e6]">&gt;&gt;</a>&nbsp;&nbsp;&nbsp;SD_ProcessDMAIRQ
</UL>
<BR>[Address Reference Count : 1]<UL><LI> startup_stm32f10x_hd.o(RESET)
</UL>
<P><STRONG><a name="[1f0]"></a>DMA_ClearFlag</STRONG> (Thumb, 18 bytes, Stack size 0 bytes, stm32f10x_dma.o(i.DMA_ClearFlag))
<BR><BR>[Called By]<UL><LI><a href="#[1f4]">&gt;&gt;</a>&nbsp;&nbsp;&nbsp;SD_LowLevel_DMA_TxConfig
<LI><a href="#[1ef]">&gt;&gt;</a>&nbsp;&nbsp;&nbsp;SD_LowLevel_DMA_RxConfig
<LI><a href="#[e6]">&gt;&gt;</a>&nbsp;&nbsp;&nbsp;SD_ProcessDMAIRQ
</UL>

<P><STRONG><a name="[1f1]"></a>DMA_Cmd</STRONG> (Thumb, 26 bytes, Stack size 0 bytes, stm32f10x_dma.o(i.DMA_Cmd))
<BR><BR>[Called By]<UL><LI><a href="#[1f4]">&gt;&gt;</a>&nbsp;&nbsp;&nbsp;SD_LowLevel_DMA_TxConfig
<LI><a href="#[1ef]">&gt;&gt;</a>&nbsp;&nbsp;&nbsp;SD_LowLevel_DMA_RxConfig
</UL>

<P><STRONG><a name="[1f3]"></a>DMA_ITConfig</STRONG> (Thumb, 20 bytes, Stack size 0 bytes, stm32f10x_dma.o(i.DMA_ITConfig))
<BR><BR>[Called By]<UL><LI><a href="#[1f4]">&gt;&gt;</a>&nbsp;&nbsp;&nbsp;SD_LowLevel_DMA_TxConfig
<LI><a href="#[1ef]">&gt;&gt;</a>&nbsp;&nbsp;&nbsp;SD_LowLevel_DMA_RxConfig
</UL>

<P><STRONG><a name="[1f2]"></a>DMA_Init</STRONG> (Thumb, 58 bytes, Stack size 12 bytes, stm32f10x_dma.o(i.DMA_Init))
<BR><BR>[Stack]<UL><LI>Max Depth = 12<LI>Call Chain = DMA_Init
</UL>
<BR>[Called By]<UL><LI><a href="#[1f4]">&gt;&gt;</a>&nbsp;&nbsp;&nbsp;SD_LowLevel_DMA_TxConfig
<LI><a href="#[1ef]">&gt;&gt;</a>&nbsp;&nbsp;&nbsp;SD_LowLevel_DMA_RxConfig
</UL>

<P><STRONG><a name="[e]"></a>DebugMon_Handler</STRONG> (Thumb, 2 bytes, Stack size 0 bytes, stm32f10x_it.o(i.DebugMon_Handler))
<BR>[Address Reference Count : 1]<UL><LI> startup_stm32f10x_hd.o(RESET)
</UL>
<P><STRONG><a name="[1bb]"></a>FSMC_NORSRAMCmd</STRONG> (Thumb, 32 bytes, Stack size 0 bytes, stm32f10x_fsmc.o(i.FSMC_NORSRAMCmd))
<BR><BR>[Called By]<UL><LI><a href="#[1b9]">&gt;&gt;</a>&nbsp;&nbsp;&nbsp;LCD_FSMCConfig
</UL>

<P><STRONG><a name="[1ba]"></a>FSMC_NORSRAMInit</STRONG> (Thumb, 192 bytes, Stack size 12 bytes, stm32f10x_fsmc.o(i.FSMC_NORSRAMInit))
<BR><BR>[Stack]<UL><LI>Max Depth = 12<LI>Call Chain = FSMC_NORSRAMInit
</UL>
<BR>[Called By]<UL><LI><a href="#[1b9]">&gt;&gt;</a>&nbsp;&nbsp;&nbsp;LCD_FSMCConfig
</UL>

<P><STRONG><a name="[e7]"></a>Fatfs_MainTask</STRONG> (Thumb, 194 bytes, Stack size 16 bytes, guidemo_fatfs.o(i.Fatfs_MainTask))
<BR><BR>[Stack]<UL><LI>Max Depth = 948<LI>Call Chain = Fatfs_MainTask &rArr; f_open &rArr; dir_register &rArr; dir_find &rArr; dir_next &rArr; create_chain &rArr; put_fat &rArr; move_window &rArr; disk_write &rArr; SD_WriteMultiBlocks &rArr; SD_LowLevel_DMA_TxConfig &rArr; DMA_Init
</UL>
<BR>[Calls]<UL><LI><a href="#[ed]">&gt;&gt;</a>&nbsp;&nbsp;&nbsp;f_write
<LI><a href="#[ef]">&gt;&gt;</a>&nbsp;&nbsp;&nbsp;f_read
<LI><a href="#[ec]">&gt;&gt;</a>&nbsp;&nbsp;&nbsp;f_open
<LI><a href="#[eb]">&gt;&gt;</a>&nbsp;&nbsp;&nbsp;f_mount
<LI><a href="#[ee]">&gt;&gt;</a>&nbsp;&nbsp;&nbsp;f_close
<LI><a href="#[e9]">&gt;&gt;</a>&nbsp;&nbsp;&nbsp;GUI_SetFont
<LI><a href="#[f2]">&gt;&gt;</a>&nbsp;&nbsp;&nbsp;GUI_DispStringInRectWrap
<LI><a href="#[e8]">&gt;&gt;</a>&nbsp;&nbsp;&nbsp;GUI_ClearRect
<LI><a href="#[f1]">&gt;&gt;</a>&nbsp;&nbsp;&nbsp;GUI_SetColor
<LI><a href="#[ea]">&gt;&gt;</a>&nbsp;&nbsp;&nbsp;GUI_DispStringAt
<LI><a href="#[f0]">&gt;&gt;</a>&nbsp;&nbsp;&nbsp;__2printf
</UL>
<BR>[Called By]<UL><LI><a href="#[4d]">&gt;&gt;</a>&nbsp;&nbsp;&nbsp;main
</UL>

<P><STRONG><a name="[f7]"></a>GL_SetDefault</STRONG> (Thumb, 58 bytes, Stack size 8 bytes, gui_setdefault.o(i.GL_SetDefault))
<BR><BR>[Stack]<UL><LI>Max Depth = 8<LI>Call Chain = GL_SetDefault
</UL>
<BR>[Calls]<UL><LI><a href="#[e9]">&gt;&gt;</a>&nbsp;&nbsp;&nbsp;GUI_SetFont
<LI><a href="#[f1]">&gt;&gt;</a>&nbsp;&nbsp;&nbsp;GUI_SetColor
<LI><a href="#[f8]">&gt;&gt;</a>&nbsp;&nbsp;&nbsp;GUI_SetBkColor
<LI><a href="#[fc]">&gt;&gt;</a>&nbsp;&nbsp;&nbsp;GUI_SetDrawMode
<LI><a href="#[fb]">&gt;&gt;</a>&nbsp;&nbsp;&nbsp;GUI_SetTextMode
<LI><a href="#[fa]">&gt;&gt;</a>&nbsp;&nbsp;&nbsp;GUI_SetTextAlign
<LI><a href="#[f9]">&gt;&gt;</a>&nbsp;&nbsp;&nbsp;GUI_SetPenSize
<LI><a href="#[fd]">&gt;&gt;</a>&nbsp;&nbsp;&nbsp;GUI_SetLineStyle
</UL>
<BR>[Called By]<UL><LI><a href="#[240]">&gt;&gt;</a>&nbsp;&nbsp;&nbsp;WM_SetDefault
</UL>

<P><STRONG><a name="[100]"></a>GPIO_Init</STRONG> (Thumb, 162 bytes, Stack size 24 bytes, stm32f10x_gpio.o(i.GPIO_Init))
<BR><BR>[Stack]<UL><LI>Max Depth = 24<LI>Call Chain = GPIO_Init
</UL>
<BR>[Called By]<UL><LI><a href="#[1e5]">&gt;&gt;</a>&nbsp;&nbsp;&nbsp;SD_LowLevel_Init
<LI><a href="#[fe]">&gt;&gt;</a>&nbsp;&nbsp;&nbsp;GPIO_SPI_Config
<LI><a href="#[1b6]">&gt;&gt;</a>&nbsp;&nbsp;&nbsp;LCD_CtrlLinesConfig
<LI><a href="#[206]">&gt;&gt;</a>&nbsp;&nbsp;&nbsp;USART1_Config
<LI><a href="#[1db]">&gt;&gt;</a>&nbsp;&nbsp;&nbsp;LED_GPIO_Config
</UL>

<P><STRONG><a name="[254]"></a>GPIO_ReadInputDataBit</STRONG> (Thumb, 14 bytes, Stack size 0 bytes, stm32f10x_gpio.o(i.GPIO_ReadInputDataBit))
<BR><BR>[Called By]<UL><LI><a href="#[256]">&gt;&gt;</a>&nbsp;&nbsp;&nbsp;XPT2046_ReadCMD
<LI><a href="#[199]">&gt;&gt;</a>&nbsp;&nbsp;&nbsp;XPT2046_ReadAdc_Fliter
</UL>

<P><STRONG><a name="[101]"></a>GPIO_ResetBits</STRONG> (Thumb, 4 bytes, Stack size 0 bytes, stm32f10x_gpio.o(i.GPIO_ResetBits))
<BR><BR>[Called By]<UL><LI><a href="#[fe]">&gt;&gt;</a>&nbsp;&nbsp;&nbsp;GPIO_SPI_Config
<LI><a href="#[255]">&gt;&gt;</a>&nbsp;&nbsp;&nbsp;XPT2046_WriteCMD
<LI><a href="#[256]">&gt;&gt;</a>&nbsp;&nbsp;&nbsp;XPT2046_ReadCMD
<LI><a href="#[1ce]">&gt;&gt;</a>&nbsp;&nbsp;&nbsp;LCD_Reset
</UL>

<P><STRONG><a name="[fe]"></a>GPIO_SPI_Config</STRONG> (Thumb, 108 bytes, Stack size 24 bytes, bsp_gpio_spi.o(i.GPIO_SPI_Config))
<BR><BR>[Stack]<UL><LI>Max Depth = 48<LI>Call Chain = GPIO_SPI_Config &rArr; GPIO_Init
</UL>
<BR>[Calls]<UL><LI><a href="#[101]">&gt;&gt;</a>&nbsp;&nbsp;&nbsp;GPIO_ResetBits
<LI><a href="#[100]">&gt;&gt;</a>&nbsp;&nbsp;&nbsp;GPIO_Init
<LI><a href="#[ff]">&gt;&gt;</a>&nbsp;&nbsp;&nbsp;RCC_APB2PeriphClockCmd
</UL>
<BR>[Called By]<UL><LI><a href="#[205]">&gt;&gt;</a>&nbsp;&nbsp;&nbsp;Touch_Init
</UL>

<P><STRONG><a name="[1b8]"></a>GPIO_SetBits</STRONG> (Thumb, 4 bytes, Stack size 0 bytes, stm32f10x_gpio.o(i.GPIO_SetBits))
<BR><BR>[Called By]<UL><LI><a href="#[255]">&gt;&gt;</a>&nbsp;&nbsp;&nbsp;XPT2046_WriteCMD
<LI><a href="#[256]">&gt;&gt;</a>&nbsp;&nbsp;&nbsp;XPT2046_ReadCMD
<LI><a href="#[1ce]">&gt;&gt;</a>&nbsp;&nbsp;&nbsp;LCD_Reset
<LI><a href="#[1b6]">&gt;&gt;</a>&nbsp;&nbsp;&nbsp;LCD_CtrlLinesConfig
<LI><a href="#[1db]">&gt;&gt;</a>&nbsp;&nbsp;&nbsp;LED_GPIO_Config
</UL>

<P><STRONG><a name="[102]"></a>GUIDRV_FlexColor_Config</STRONG> (Thumb, 64 bytes, Stack size 16 bytes, guidrv_flexcolor.o(i.GUIDRV_FlexColor_Config))
<BR><BR>[Stack]<UL><LI>Max Depth = 208<LI>Call Chain = GUIDRV_FlexColor_Config &rArr; GUIDRV_FlexColor__InitOnce &rArr; GUI_ALLOC_GetFixedBlock &rArr; _InitOnce &rArr; _EnlargeBlocks &rArr; _Alloc &rArr;  _InitOnce (Cycle)
</UL>
<BR>[Calls]<UL><LI><a href="#[103]">&gt;&gt;</a>&nbsp;&nbsp;&nbsp;GUIDRV_FlexColor__InitOnce
</UL>
<BR>[Called By]<UL><LI><a href="#[1a2]">&gt;&gt;</a>&nbsp;&nbsp;&nbsp;LCD_X_Config
</UL>

<P><STRONG><a name="[104]"></a>GUIDRV_FlexColor_SetFunc</STRONG> (Thumb, 50 bytes, Stack size 24 bytes, guidrv_flexcolor.o(i.GUIDRV_FlexColor_SetFunc))
<BR><BR>[Stack]<UL><LI>Max Depth = 216<LI>Call Chain = GUIDRV_FlexColor_SetFunc &rArr; GUIDRV_FlexColor__InitOnce &rArr; GUI_ALLOC_GetFixedBlock &rArr; _InitOnce &rArr; _EnlargeBlocks &rArr; _Alloc &rArr;  _InitOnce (Cycle)
</UL>
<BR>[Calls]<UL><LI><a href="#[103]">&gt;&gt;</a>&nbsp;&nbsp;&nbsp;GUIDRV_FlexColor__InitOnce
<LI><a href="#[105]">&gt;&gt;</a>&nbsp;&nbsp;&nbsp;__aeabi_memcpy4
</UL>
<BR>[Called By]<UL><LI><a href="#[1a2]">&gt;&gt;</a>&nbsp;&nbsp;&nbsp;LCD_X_Config
</UL>

<P><STRONG><a name="[68]"></a>GUIDRV_FlexColor_SetFunc66708</STRONG> (Thumb, 50 bytes, Stack size 8 bytes, guidrv_flexcolor_func66708.o(i.GUIDRV_FlexColor_SetFunc66708))
<BR><BR>[Stack]<UL><LI>Max Depth = 200<LI>Call Chain = GUIDRV_FlexColor_SetFunc66708 &rArr; GUIDRV_FlexColor__InitOnce &rArr; GUI_ALLOC_GetFixedBlock &rArr; _InitOnce &rArr; _EnlargeBlocks &rArr; _Alloc &rArr;  _InitOnce (Cycle)
</UL>
<BR>[Calls]<UL><LI><a href="#[103]">&gt;&gt;</a>&nbsp;&nbsp;&nbsp;GUIDRV_FlexColor__InitOnce
</UL>
<BR>[Address Reference Count : 1]<UL><LI> lcdconf_flexcolor_template.o(i.LCD_X_Config)
</UL>
<P><STRONG><a name="[67]"></a>GUIDRV_FlexColor_SetMode16bppC0B16</STRONG> (Thumb, 60 bytes, Stack size 8 bytes, guidrv_flexcolor_16bpp_c0b16.o(i.GUIDRV_FlexColor_SetMode16bppC0B16))
<BR><BR>[Stack]<UL><LI>Max Depth = 200<LI>Call Chain = GUIDRV_FlexColor_SetMode16bppC0B16 &rArr; GUIDRV_FlexColor__InitOnce &rArr; GUI_ALLOC_GetFixedBlock &rArr; _InitOnce &rArr; _EnlargeBlocks &rArr; _Alloc &rArr;  _InitOnce (Cycle)
</UL>
<BR>[Calls]<UL><LI><a href="#[103]">&gt;&gt;</a>&nbsp;&nbsp;&nbsp;GUIDRV_FlexColor__InitOnce
</UL>
<BR>[Address Reference Count : 1]<UL><LI> lcdconf_flexcolor_template.o(i.LCD_X_Config)
</UL>
<P><STRONG><a name="[58]"></a>GUIDRV_FlexColor__GetPixelIndexNoCache</STRONG> (Thumb, 192 bytes, Stack size 24 bytes, guidrv_flexcolor.o(i.GUIDRV_FlexColor__GetPixelIndexNoCache))
<BR><BR>[Stack]<UL><LI>Max Depth = 24<LI>Call Chain = GUIDRV_FlexColor__GetPixelIndexNoCache
</UL>
<BR>[Address Reference Count : 1]<UL><LI> guidrv_flexcolor_16bpp_c0b16.o(i.GUIDRV_FlexColor_SetMode16bppC0B16)
</UL>
<P><STRONG><a name="[103]"></a>GUIDRV_FlexColor__InitOnce</STRONG> (Thumb, 50 bytes, Stack size 16 bytes, guidrv_flexcolor.o(i.GUIDRV_FlexColor__InitOnce))
<BR><BR>[Stack]<UL><LI>Max Depth = 192<LI>Call Chain = GUIDRV_FlexColor__InitOnce &rArr; GUI_ALLOC_GetFixedBlock &rArr; _InitOnce &rArr; _EnlargeBlocks &rArr; _Alloc &rArr;  _InitOnce (Cycle)
</UL>
<BR>[Calls]<UL><LI><a href="#[107]">&gt;&gt;</a>&nbsp;&nbsp;&nbsp;GUI__memset
<LI><a href="#[106]">&gt;&gt;</a>&nbsp;&nbsp;&nbsp;GUI_ALLOC_GetFixedBlock
</UL>
<BR>[Called By]<UL><LI><a href="#[6f]">&gt;&gt;</a>&nbsp;&nbsp;&nbsp;_SetDevFunc
<LI><a href="#[6c]">&gt;&gt;</a>&nbsp;&nbsp;&nbsp;_GetDevFunc_SetVSize
<LI><a href="#[6d]">&gt;&gt;</a>&nbsp;&nbsp;&nbsp;_GetDevFunc_SetSize
<LI><a href="#[6e]">&gt;&gt;</a>&nbsp;&nbsp;&nbsp;_GetDevFunc_Init
<LI><a href="#[67]">&gt;&gt;</a>&nbsp;&nbsp;&nbsp;GUIDRV_FlexColor_SetMode16bppC0B16
<LI><a href="#[68]">&gt;&gt;</a>&nbsp;&nbsp;&nbsp;GUIDRV_FlexColor_SetFunc66708
<LI><a href="#[104]">&gt;&gt;</a>&nbsp;&nbsp;&nbsp;GUIDRV_FlexColor_SetFunc
<LI><a href="#[102]">&gt;&gt;</a>&nbsp;&nbsp;&nbsp;GUIDRV_FlexColor_Config
</UL>

<P><STRONG><a name="[5c]"></a>GUIDRV_FlexColor__SetLog2Phys</STRONG> (Thumb, 52 bytes, Stack size 72 bytes, guidrv_flexcolor.o(i.GUIDRV_FlexColor__SetLog2Phys))
<BR><BR>[Stack]<UL><LI>Max Depth = 80<LI>Call Chain = GUIDRV_FlexColor__SetLog2Phys &rArr; __aeabi_memcpy4
</UL>
<BR>[Calls]<UL><LI><a href="#[105]">&gt;&gt;</a>&nbsp;&nbsp;&nbsp;__aeabi_memcpy4
</UL>
<BR>[Address Reference Count : 1]<UL><LI> guidrv_flexcolor.o(i.GUIDRV_FlexColor__InitOnce)
</UL>
<P><STRONG><a name="[59]"></a>GUIDRV_FlexColor__SetPixelIndexNoCache</STRONG> (Thumb, 156 bytes, Stack size 32 bytes, guidrv_flexcolor.o(i.GUIDRV_FlexColor__SetPixelIndexNoCache))
<BR><BR>[Stack]<UL><LI>Max Depth = 32<LI>Call Chain = GUIDRV_FlexColor__SetPixelIndexNoCache
</UL>
<BR>[Address Reference Count : 1]<UL><LI> guidrv_flexcolor_16bpp_c0b16.o(i.GUIDRV_FlexColor_SetMode16bppC0B16)
</UL>
<P><STRONG><a name="[a3]"></a>GUIMONO_DispChar</STRONG> (Thumb, 304 bytes, Stack size 104 bytes, gui_charm.o(i.GUIMONO_DispChar))
<BR><BR>[Stack]<UL><LI>Max Depth = 208<LI>Call Chain = GUIMONO_DispChar &rArr; LCD_DrawBitmap &rArr; LCD_FillRect
</UL>
<BR>[Calls]<UL><LI><a href="#[108]">&gt;&gt;</a>&nbsp;&nbsp;&nbsp;LCD_SetDrawMode
<LI><a href="#[10a]">&gt;&gt;</a>&nbsp;&nbsp;&nbsp;LCD_FillRect
<LI><a href="#[109]">&gt;&gt;</a>&nbsp;&nbsp;&nbsp;LCD_DrawBitmap
</UL>
<BR>[Address Reference Count : 2]<UL><LI> f6x8.o(.constdata)
<LI> f8x16.o(.constdata)
</UL>
<P><STRONG><a name="[a4]"></a>GUIMONO_GetCharDistX</STRONG> (Thumb, 18 bytes, Stack size 0 bytes, gui_charm.o(i.GUIMONO_GetCharDistX))
<BR>[Address Reference Count : 2]<UL><LI> f6x8.o(.constdata)
<LI> f8x16.o(.constdata)
</UL>
<P><STRONG><a name="[a5]"></a>GUIMONO_GetFontInfo</STRONG> (Thumb, 6 bytes, Stack size 0 bytes, gui_charm.o(i.GUIMONO_GetFontInfo))
<BR>[Address Reference Count : 2]<UL><LI> f6x8.o(.constdata)
<LI> f8x16.o(.constdata)
</UL>
<P><STRONG><a name="[a6]"></a>GUIMONO_IsInFont</STRONG> (Thumb, 56 bytes, Stack size 0 bytes, gui_charm.o(i.GUIMONO_IsInFont))
<BR>[Address Reference Count : 2]<UL><LI> f6x8.o(.constdata)
<LI> f8x16.o(.constdata)
</UL>
<P><STRONG><a name="[a7]"></a>GUIPROP_DispChar</STRONG> (Thumb, 194 bytes, Stack size 56 bytes, gui_charp.o(i.GUIPROP_DispChar))
<BR><BR>[Stack]<UL><LI>Max Depth = 160<LI>Call Chain = GUIPROP_DispChar &rArr; LCD_DrawBitmap &rArr; LCD_FillRect
</UL>
<BR>[Calls]<UL><LI><a href="#[108]">&gt;&gt;</a>&nbsp;&nbsp;&nbsp;LCD_SetDrawMode
<LI><a href="#[10a]">&gt;&gt;</a>&nbsp;&nbsp;&nbsp;LCD_FillRect
<LI><a href="#[f1]">&gt;&gt;</a>&nbsp;&nbsp;&nbsp;GUI_SetColor
<LI><a href="#[10c]">&gt;&gt;</a>&nbsp;&nbsp;&nbsp;GUI_GetColor
<LI><a href="#[10d]">&gt;&gt;</a>&nbsp;&nbsp;&nbsp;GUI_GetBkColor
<LI><a href="#[10b]">&gt;&gt;</a>&nbsp;&nbsp;&nbsp;GUIPROP__FindChar
<LI><a href="#[109]">&gt;&gt;</a>&nbsp;&nbsp;&nbsp;LCD_DrawBitmap
</UL>
<BR>[Address Reference Count : 1]<UL><LI> fcomic18b_ascii.o(.constdata)
</UL>
<P><STRONG><a name="[a8]"></a>GUIPROP_GetCharDistX</STRONG> (Thumb, 60 bytes, Stack size 12 bytes, gui_charp.o(i.GUIPROP_GetCharDistX))
<BR><BR>[Stack]<UL><LI>Max Depth = 12<LI>Call Chain = GUIPROP_GetCharDistX
</UL>
<BR>[Calls]<UL><LI><a href="#[10b]">&gt;&gt;</a>&nbsp;&nbsp;&nbsp;GUIPROP__FindChar
</UL>
<BR>[Address Reference Count : 1]<UL><LI> fcomic18b_ascii.o(.constdata)
</UL>
<P><STRONG><a name="[a9]"></a>GUIPROP_GetFontInfo</STRONG> (Thumb, 6 bytes, Stack size 0 bytes, gui_charp.o(i.GUIPROP_GetFontInfo))
<BR>[Address Reference Count : 1]<UL><LI> fcomic18b_ascii.o(.constdata)
</UL>
<P><STRONG><a name="[aa]"></a>GUIPROP_IsInFont</STRONG> (Thumb, 16 bytes, Stack size 4 bytes, gui_charp.o(i.GUIPROP_IsInFont))
<BR><BR>[Stack]<UL><LI>Max Depth = 4<LI>Call Chain = GUIPROP_IsInFont
</UL>
<BR>[Calls]<UL><LI><a href="#[10b]">&gt;&gt;</a>&nbsp;&nbsp;&nbsp;GUIPROP__FindChar
</UL>
<BR>[Address Reference Count : 1]<UL><LI> fcomic18b_ascii.o(.constdata)
</UL>
<P><STRONG><a name="[10b]"></a>GUIPROP__FindChar</STRONG> (Thumb, 22 bytes, Stack size 0 bytes, gui_charp.o(i.GUIPROP__FindChar))
<BR><BR>[Called By]<UL><LI><a href="#[aa]">&gt;&gt;</a>&nbsp;&nbsp;&nbsp;GUIPROP_IsInFont
<LI><a href="#[a8]">&gt;&gt;</a>&nbsp;&nbsp;&nbsp;GUIPROP_GetCharDistX
<LI><a href="#[a7]">&gt;&gt;</a>&nbsp;&nbsp;&nbsp;GUIPROP_DispChar
</UL>

<P><STRONG><a name="[10e]"></a>GUI_ALLOC_AllocNoInit</STRONG> (Thumb, 10 bytes, Stack size 0 bytes, gui_alloc.o(i.GUI_ALLOC_AllocNoInit))
<BR><BR>[Stack]<UL><LI>Max Depth = 96<LI>Call Chain = GUI_ALLOC_AllocNoInit &rArr; _Alloc &rArr;  _InitOnce (Cycle)
</UL>
<BR>[Calls]<UL><LI><a href="#[10f]">&gt;&gt;</a>&nbsp;&nbsp;&nbsp;_Alloc
</UL>
<BR>[Called By]<UL><LI><a href="#[110]">&gt;&gt;</a>&nbsp;&nbsp;&nbsp;GUI_ALLOC_AllocZero
<LI><a href="#[25e]">&gt;&gt;</a>&nbsp;&nbsp;&nbsp;_CreateBuffer
<LI><a href="#[170]">&gt;&gt;</a>&nbsp;&nbsp;&nbsp;_WriteToActiveOpaque_HT
<LI><a href="#[16f]">&gt;&gt;</a>&nbsp;&nbsp;&nbsp;_WriteToActiveOpaque_8
<LI><a href="#[156]">&gt;&gt;</a>&nbsp;&nbsp;&nbsp;GUI_MEMDEV__CreateFixed
</UL>

<P><STRONG><a name="[110]"></a>GUI_ALLOC_AllocZero</STRONG> (Thumb, 36 bytes, Stack size 16 bytes, gui_alloc_alloczero.o(i.GUI_ALLOC_AllocZero))
<BR><BR>[Stack]<UL><LI>Max Depth = 112<LI>Call Chain = GUI_ALLOC_AllocZero &rArr; GUI_ALLOC_AllocNoInit &rArr; _Alloc &rArr;  _InitOnce (Cycle)
</UL>
<BR>[Calls]<UL><LI><a href="#[107]">&gt;&gt;</a>&nbsp;&nbsp;&nbsp;GUI__memset
<LI><a href="#[112]">&gt;&gt;</a>&nbsp;&nbsp;&nbsp;GUI_ALLOC_UnlockH
<LI><a href="#[111]">&gt;&gt;</a>&nbsp;&nbsp;&nbsp;GUI_ALLOC_LockH
<LI><a href="#[10e]">&gt;&gt;</a>&nbsp;&nbsp;&nbsp;GUI_ALLOC_AllocNoInit
</UL>
<BR>[Called By]<UL><LI><a href="#[20e]">&gt;&gt;</a>&nbsp;&nbsp;&nbsp;WM_CreateWindowAsChild
<LI><a href="#[16b]">&gt;&gt;</a>&nbsp;&nbsp;&nbsp;GUI_USAGE_BM_Create
<LI><a href="#[156]">&gt;&gt;</a>&nbsp;&nbsp;&nbsp;GUI_MEMDEV__CreateFixed
</UL>

<P><STRONG><a name="[19c]"></a>GUI_ALLOC_AssignMemory</STRONG> (Thumb, 12 bytes, Stack size 0 bytes, gui_alloc.o(i.GUI_ALLOC_AssignMemory))
<BR><BR>[Called By]<UL><LI><a href="#[19b]">&gt;&gt;</a>&nbsp;&nbsp;&nbsp;GUI_X_Config
</UL>

<P><STRONG><a name="[113]"></a>GUI_ALLOC_Free</STRONG> (Thumb, 50 bytes, Stack size 8 bytes, gui_alloc.o(i.GUI_ALLOC_Free))
<BR><BR>[Stack]<UL><LI>Max Depth = 40<LI>Call Chain = GUI_ALLOC_Free &rArr; _AddFreeMemory &rArr; _RemoveFreeBlock
</UL>
<BR>[Calls]<UL><LI><a href="#[115]">&gt;&gt;</a>&nbsp;&nbsp;&nbsp;_PushFreeBlock
<LI><a href="#[114]">&gt;&gt;</a>&nbsp;&nbsp;&nbsp;_AddFreeMemory
</UL>
<BR>[Called By]<UL><LI><a href="#[270]">&gt;&gt;</a>&nbsp;&nbsp;&nbsp;_EnlargeBlocks
<LI><a href="#[157]">&gt;&gt;</a>&nbsp;&nbsp;&nbsp;GUI_MEMDEV_Delete
<LI><a href="#[217]">&gt;&gt;</a>&nbsp;&nbsp;&nbsp;WM_DeleteWindow
<LI><a href="#[27a]">&gt;&gt;</a>&nbsp;&nbsp;&nbsp;_ReleaseBuffer
<LI><a href="#[d4]">&gt;&gt;</a>&nbsp;&nbsp;&nbsp;_GUI_USAGE_BM_Delete
<LI><a href="#[184]">&gt;&gt;</a>&nbsp;&nbsp;&nbsp;GUI_TIMER_Delete
<LI><a href="#[216]">&gt;&gt;</a>&nbsp;&nbsp;&nbsp;WM_DeleteTimer
<LI><a href="#[170]">&gt;&gt;</a>&nbsp;&nbsp;&nbsp;_WriteToActiveOpaque_HT
<LI><a href="#[16f]">&gt;&gt;</a>&nbsp;&nbsp;&nbsp;_WriteToActiveOpaque_8
<LI><a href="#[159]">&gt;&gt;</a>&nbsp;&nbsp;&nbsp;GUI_USAGE_DecUseCnt
<LI><a href="#[156]">&gt;&gt;</a>&nbsp;&nbsp;&nbsp;GUI_MEMDEV__CreateFixed
</UL>

<P><STRONG><a name="[128]"></a>GUI_ALLOC_FreeFixedBlock</STRONG> (Thumb, 18 bytes, Stack size 0 bytes, gui_alloc.o(i.GUI_ALLOC_FreeFixedBlock))
<BR><BR>[Called By]<UL><LI><a href="#[127]">&gt;&gt;</a>&nbsp;&nbsp;&nbsp;GUI_DEVICE_Delete
<LI><a href="#[62]">&gt;&gt;</a>&nbsp;&nbsp;&nbsp;_OnExit
<LI><a href="#[61]">&gt;&gt;</a>&nbsp;&nbsp;&nbsp;_OnExit
</UL>

<P><STRONG><a name="[106]"></a>GUI_ALLOC_GetFixedBlock</STRONG> (Thumb, 164 bytes, Stack size 24 bytes, gui_alloc.o(i.GUI_ALLOC_GetFixedBlock))
<BR><BR>[Stack]<UL><LI>Max Depth = 176<LI>Call Chain = GUI_ALLOC_GetFixedBlock &rArr; _InitOnce &rArr; _EnlargeBlocks &rArr; _Alloc &rArr;  _InitOnce (Cycle)
</UL>
<BR>[Calls]<UL><LI><a href="#[117]">&gt;&gt;</a>&nbsp;&nbsp;&nbsp;_RemoveHoles
<LI><a href="#[118]">&gt;&gt;</a>&nbsp;&nbsp;&nbsp;_RemoveFreeBlock
<LI><a href="#[116]">&gt;&gt;</a>&nbsp;&nbsp;&nbsp;_InitOnce
<LI><a href="#[114]">&gt;&gt;</a>&nbsp;&nbsp;&nbsp;_AddFreeMemory
</UL>
<BR>[Called By]<UL><LI><a href="#[103]">&gt;&gt;</a>&nbsp;&nbsp;&nbsp;GUIDRV_FlexColor__InitOnce
<LI><a href="#[6e]">&gt;&gt;</a>&nbsp;&nbsp;&nbsp;_GetDevFunc_Init
<LI><a href="#[124]">&gt;&gt;</a>&nbsp;&nbsp;&nbsp;GUI_DEVICE_Create
<LI><a href="#[1cb]">&gt;&gt;</a>&nbsp;&nbsp;&nbsp;LCD_InitColors
<LI><a href="#[19f]">&gt;&gt;</a>&nbsp;&nbsp;&nbsp;GUI__GetAlphaBuffer
</UL>

<P><STRONG><a name="[119]"></a>GUI_ALLOC_GetMaxSize</STRONG> (Thumb, 58 bytes, Stack size 8 bytes, gui_alloc.o(i.GUI_ALLOC_GetMaxSize))
<BR><BR>[Stack]<UL><LI>Max Depth = 160<LI>Call Chain = GUI_ALLOC_GetMaxSize &rArr; _InitOnce &rArr; _EnlargeBlocks &rArr; _Alloc &rArr;  _InitOnce (Cycle)
</UL>
<BR>[Calls]<UL><LI><a href="#[116]">&gt;&gt;</a>&nbsp;&nbsp;&nbsp;_InitOnce
</UL>
<BR>[Called By]<UL><LI><a href="#[11b]">&gt;&gt;</a>&nbsp;&nbsp;&nbsp;GUI_ALLOC_RequestSize
<LI><a href="#[25e]">&gt;&gt;</a>&nbsp;&nbsp;&nbsp;_CreateBuffer
</UL>

<P><STRONG><a name="[111]"></a>GUI_ALLOC_LockH</STRONG> (Thumb, 24 bytes, Stack size 0 bytes, gui_alloc.o(i.GUI_ALLOC_LockH))
<BR><BR>[Calls]<UL><LI><a href="#[11a]">&gt;&gt;</a>&nbsp;&nbsp;&nbsp;GUI_ALLOC_h2p
</UL>
<BR>[Called By]<UL><LI><a href="#[122]">&gt;&gt;</a>&nbsp;&nbsp;&nbsp;WM__InitIVRSearch
<LI><a href="#[157]">&gt;&gt;</a>&nbsp;&nbsp;&nbsp;GUI_MEMDEV_Delete
<LI><a href="#[76]">&gt;&gt;</a>&nbsp;&nbsp;&nbsp;WM__Paint1
<LI><a href="#[24e]">&gt;&gt;</a>&nbsp;&nbsp;&nbsp;WM__Paint
<LI><a href="#[24b]">&gt;&gt;</a>&nbsp;&nbsp;&nbsp;WM__InvalidateRect
<LI><a href="#[22e]">&gt;&gt;</a>&nbsp;&nbsp;&nbsp;WM__InvalidateDrawAndDescs
<LI><a href="#[20f]">&gt;&gt;</a>&nbsp;&nbsp;&nbsp;WM__InsertWindowIntoList
<LI><a href="#[21d]">&gt;&gt;</a>&nbsp;&nbsp;&nbsp;WM__DetachWindow
<LI><a href="#[231]">&gt;&gt;</a>&nbsp;&nbsp;&nbsp;WM__ClipAtParentBorders
<LI><a href="#[242]">&gt;&gt;</a>&nbsp;&nbsp;&nbsp;WM__ActivateClipRect
<LI><a href="#[233]">&gt;&gt;</a>&nbsp;&nbsp;&nbsp;WM_InvalidateWindowAndDescsEx
<LI><a href="#[22d]">&gt;&gt;</a>&nbsp;&nbsp;&nbsp;WM_InvalidateRect
<LI><a href="#[217]">&gt;&gt;</a>&nbsp;&nbsp;&nbsp;WM_DeleteWindow
<LI><a href="#[20e]">&gt;&gt;</a>&nbsp;&nbsp;&nbsp;WM_CreateWindowAsChild
<LI><a href="#[6b]">&gt;&gt;</a>&nbsp;&nbsp;&nbsp;_cbPaintMemDev
<LI><a href="#[243]">&gt;&gt;</a>&nbsp;&nbsp;&nbsp;_SetClipRectUserIntersect
<LI><a href="#[251]">&gt;&gt;</a>&nbsp;&nbsp;&nbsp;_PaintTransChildren
<LI><a href="#[252]">&gt;&gt;</a>&nbsp;&nbsp;&nbsp;_Paint1Trans
<LI><a href="#[234]">&gt;&gt;</a>&nbsp;&nbsp;&nbsp;_Invalidate1Abs
<LI><a href="#[272]">&gt;&gt;</a>&nbsp;&nbsp;&nbsp;_Findy1
<LI><a href="#[274]">&gt;&gt;</a>&nbsp;&nbsp;&nbsp;_Findx1
<LI><a href="#[273]">&gt;&gt;</a>&nbsp;&nbsp;&nbsp;_Findx0
<LI><a href="#[249]">&gt;&gt;</a>&nbsp;&nbsp;&nbsp;_FindNext_IVR
<LI><a href="#[21f]">&gt;&gt;</a>&nbsp;&nbsp;&nbsp;_Exec1Input
<LI><a href="#[24f]">&gt;&gt;</a>&nbsp;&nbsp;&nbsp;WM__PaintWinAndOverlays
<LI><a href="#[71]">&gt;&gt;</a>&nbsp;&nbsp;&nbsp;GUI_MEMDEV__WriteToActiveOpaque
<LI><a href="#[b8]">&gt;&gt;</a>&nbsp;&nbsp;&nbsp;_XorPixel
<LI><a href="#[267]">&gt;&gt;</a>&nbsp;&nbsp;&nbsp;_XY2PTR
<LI><a href="#[b7]">&gt;&gt;</a>&nbsp;&nbsp;&nbsp;_SetPixelIndex
<LI><a href="#[bd]">&gt;&gt;</a>&nbsp;&nbsp;&nbsp;_GetRect
<LI><a href="#[b5]">&gt;&gt;</a>&nbsp;&nbsp;&nbsp;_FillRect
<LI><a href="#[b4]">&gt;&gt;</a>&nbsp;&nbsp;&nbsp;_DrawVLine
<LI><a href="#[b2]">&gt;&gt;</a>&nbsp;&nbsp;&nbsp;_DrawBitmap
<LI><a href="#[153]">&gt;&gt;</a>&nbsp;&nbsp;&nbsp;GUI_MEMDEV_Select
<LI><a href="#[110]">&gt;&gt;</a>&nbsp;&nbsp;&nbsp;GUI_ALLOC_AllocZero
<LI><a href="#[17c]">&gt;&gt;</a>&nbsp;&nbsp;&nbsp;_SetPosition
<LI><a href="#[25e]">&gt;&gt;</a>&nbsp;&nbsp;&nbsp;_CreateBuffer
<LI><a href="#[5e]">&gt;&gt;</a>&nbsp;&nbsp;&nbsp;WM_HandlePID
<LI><a href="#[236]">&gt;&gt;</a>&nbsp;&nbsp;&nbsp;WM__MoveWindow
<LI><a href="#[24d]">&gt;&gt;</a>&nbsp;&nbsp;&nbsp;_MoveDescendents
<LI><a href="#[23b]">&gt;&gt;</a>&nbsp;&nbsp;&nbsp;WM__UpdateChildPositions
<LI><a href="#[239]">&gt;&gt;</a>&nbsp;&nbsp;&nbsp;WM_ResizeWindow
<LI><a href="#[27c]">&gt;&gt;</a>&nbsp;&nbsp;&nbsp;_Screen2hWin
<LI><a href="#[169]">&gt;&gt;</a>&nbsp;&nbsp;&nbsp;GUI_MEMDEV_WriteAt
<LI><a href="#[72]">&gt;&gt;</a>&nbsp;&nbsp;&nbsp;GUI_MEMDEV__WriteToActiveAlpha
<LI><a href="#[cb]">&gt;&gt;</a>&nbsp;&nbsp;&nbsp;_XorPixel
<LI><a href="#[26c]">&gt;&gt;</a>&nbsp;&nbsp;&nbsp;_XY2PTR
<LI><a href="#[ca]">&gt;&gt;</a>&nbsp;&nbsp;&nbsp;_SetPixelIndex
<LI><a href="#[d0]">&gt;&gt;</a>&nbsp;&nbsp;&nbsp;_GetRect
<LI><a href="#[c8]">&gt;&gt;</a>&nbsp;&nbsp;&nbsp;_FillRect
<LI><a href="#[c7]">&gt;&gt;</a>&nbsp;&nbsp;&nbsp;_DrawVLine
<LI><a href="#[c5]">&gt;&gt;</a>&nbsp;&nbsp;&nbsp;_DrawBitmap
<LI><a href="#[186]">&gt;&gt;</a>&nbsp;&nbsp;&nbsp;_Unlink
<LI><a href="#[185]">&gt;&gt;</a>&nbsp;&nbsp;&nbsp;_RemoveFromLinList
<LI><a href="#[227]">&gt;&gt;</a>&nbsp;&nbsp;&nbsp;WM__SendTouchMessage
<LI><a href="#[189]">&gt;&gt;</a>&nbsp;&nbsp;&nbsp;GUI_TIMER__GetNextTimerLin
<LI><a href="#[188]">&gt;&gt;</a>&nbsp;&nbsp;&nbsp;GUI_TIMER__GetFirstTimer
<LI><a href="#[187]">&gt;&gt;</a>&nbsp;&nbsp;&nbsp;GUI_TIMER_GetFlag
<LI><a href="#[216]">&gt;&gt;</a>&nbsp;&nbsp;&nbsp;WM_DeleteTimer
<LI><a href="#[170]">&gt;&gt;</a>&nbsp;&nbsp;&nbsp;_WriteToActiveOpaque_HT
<LI><a href="#[16f]">&gt;&gt;</a>&nbsp;&nbsp;&nbsp;_WriteToActiveOpaque_8
<LI><a href="#[241]">&gt;&gt;</a>&nbsp;&nbsp;&nbsp;WM_SetSize
<LI><a href="#[163]">&gt;&gt;</a>&nbsp;&nbsp;&nbsp;GUI_MEMDEV_GetDataPtr
<LI><a href="#[164]">&gt;&gt;</a>&nbsp;&nbsp;&nbsp;_CreateStaticDevice
<LI><a href="#[160]">&gt;&gt;</a>&nbsp;&nbsp;&nbsp;GUI_MEMDEV_SetOrg
<LI><a href="#[15f]">&gt;&gt;</a>&nbsp;&nbsp;&nbsp;GUI_MEMDEV_ReduceYSize
<LI><a href="#[15e]">&gt;&gt;</a>&nbsp;&nbsp;&nbsp;GUI_MEMDEV_GetYSize
<LI><a href="#[14e]">&gt;&gt;</a>&nbsp;&nbsp;&nbsp;GUI_MEMDEV_Clear
<LI><a href="#[159]">&gt;&gt;</a>&nbsp;&nbsp;&nbsp;GUI_USAGE_DecUseCnt
<LI><a href="#[16b]">&gt;&gt;</a>&nbsp;&nbsp;&nbsp;GUI_USAGE_BM_Create
<LI><a href="#[16a]">&gt;&gt;</a>&nbsp;&nbsp;&nbsp;GUI_MEMDEV__WriteToActiveAt
<LI><a href="#[156]">&gt;&gt;</a>&nbsp;&nbsp;&nbsp;GUI_MEMDEV__CreateFixed
<LI><a href="#[161]">&gt;&gt;</a>&nbsp;&nbsp;&nbsp;GUI_MEMDEV_GetBitsPerPixel
<LI><a href="#[150]">&gt;&gt;</a>&nbsp;&nbsp;&nbsp;GUI_MEMDEV_CopyToLCDAt
<LI><a href="#[214]">&gt;&gt;</a>&nbsp;&nbsp;&nbsp;WM__GetClientRectEx
<LI><a href="#[20a]">&gt;&gt;</a>&nbsp;&nbsp;&nbsp;WM_BringToBottom
</UL>

<P><STRONG><a name="[11b]"></a>GUI_ALLOC_RequestSize</STRONG> (Thumb, 36 bytes, Stack size 8 bytes, gui_alloc.o(i.GUI_ALLOC_RequestSize))
<BR><BR>[Stack]<UL><LI>Max Depth = 168<LI>Call Chain = GUI_ALLOC_RequestSize &rArr; GUI_ALLOC_GetMaxSize &rArr; _InitOnce &rArr; _EnlargeBlocks &rArr; _Alloc &rArr;  _InitOnce (Cycle)
</UL>
<BR>[Calls]<UL><LI><a href="#[119]">&gt;&gt;</a>&nbsp;&nbsp;&nbsp;GUI_ALLOC_GetMaxSize
</UL>
<BR>[Called By]<UL><LI><a href="#[156]">&gt;&gt;</a>&nbsp;&nbsp;&nbsp;GUI_MEMDEV__CreateFixed
</UL>

<P><STRONG><a name="[19d]"></a>GUI_ALLOC_SetAvBlockSize</STRONG> (Thumb, 24 bytes, Stack size 0 bytes, gui_alloc.o(i.GUI_ALLOC_SetAvBlockSize))
<BR><BR>[Called By]<UL><LI><a href="#[19b]">&gt;&gt;</a>&nbsp;&nbsp;&nbsp;GUI_X_Config
</UL>

<P><STRONG><a name="[112]"></a>GUI_ALLOC_UnlockH</STRONG> (Thumb, 42 bytes, Stack size 0 bytes, gui_alloc.o(i.GUI_ALLOC_UnlockH))
<BR><BR>[Called By]<UL><LI><a href="#[122]">&gt;&gt;</a>&nbsp;&nbsp;&nbsp;WM__InitIVRSearch
<LI><a href="#[157]">&gt;&gt;</a>&nbsp;&nbsp;&nbsp;GUI_MEMDEV_Delete
<LI><a href="#[76]">&gt;&gt;</a>&nbsp;&nbsp;&nbsp;WM__Paint1
<LI><a href="#[24e]">&gt;&gt;</a>&nbsp;&nbsp;&nbsp;WM__Paint
<LI><a href="#[24b]">&gt;&gt;</a>&nbsp;&nbsp;&nbsp;WM__InvalidateRect
<LI><a href="#[22e]">&gt;&gt;</a>&nbsp;&nbsp;&nbsp;WM__InvalidateDrawAndDescs
<LI><a href="#[20f]">&gt;&gt;</a>&nbsp;&nbsp;&nbsp;WM__InsertWindowIntoList
<LI><a href="#[21d]">&gt;&gt;</a>&nbsp;&nbsp;&nbsp;WM__DetachWindow
<LI><a href="#[231]">&gt;&gt;</a>&nbsp;&nbsp;&nbsp;WM__ClipAtParentBorders
<LI><a href="#[242]">&gt;&gt;</a>&nbsp;&nbsp;&nbsp;WM__ActivateClipRect
<LI><a href="#[233]">&gt;&gt;</a>&nbsp;&nbsp;&nbsp;WM_InvalidateWindowAndDescsEx
<LI><a href="#[22d]">&gt;&gt;</a>&nbsp;&nbsp;&nbsp;WM_InvalidateRect
<LI><a href="#[217]">&gt;&gt;</a>&nbsp;&nbsp;&nbsp;WM_DeleteWindow
<LI><a href="#[20e]">&gt;&gt;</a>&nbsp;&nbsp;&nbsp;WM_CreateWindowAsChild
<LI><a href="#[6b]">&gt;&gt;</a>&nbsp;&nbsp;&nbsp;_cbPaintMemDev
<LI><a href="#[243]">&gt;&gt;</a>&nbsp;&nbsp;&nbsp;_SetClipRectUserIntersect
<LI><a href="#[251]">&gt;&gt;</a>&nbsp;&nbsp;&nbsp;_PaintTransChildren
<LI><a href="#[252]">&gt;&gt;</a>&nbsp;&nbsp;&nbsp;_Paint1Trans
<LI><a href="#[234]">&gt;&gt;</a>&nbsp;&nbsp;&nbsp;_Invalidate1Abs
<LI><a href="#[272]">&gt;&gt;</a>&nbsp;&nbsp;&nbsp;_Findy1
<LI><a href="#[274]">&gt;&gt;</a>&nbsp;&nbsp;&nbsp;_Findx1
<LI><a href="#[273]">&gt;&gt;</a>&nbsp;&nbsp;&nbsp;_Findx0
<LI><a href="#[249]">&gt;&gt;</a>&nbsp;&nbsp;&nbsp;_FindNext_IVR
<LI><a href="#[21f]">&gt;&gt;</a>&nbsp;&nbsp;&nbsp;_Exec1Input
<LI><a href="#[24f]">&gt;&gt;</a>&nbsp;&nbsp;&nbsp;WM__PaintWinAndOverlays
<LI><a href="#[71]">&gt;&gt;</a>&nbsp;&nbsp;&nbsp;GUI_MEMDEV__WriteToActiveOpaque
<LI><a href="#[b8]">&gt;&gt;</a>&nbsp;&nbsp;&nbsp;_XorPixel
<LI><a href="#[267]">&gt;&gt;</a>&nbsp;&nbsp;&nbsp;_XY2PTR
<LI><a href="#[b7]">&gt;&gt;</a>&nbsp;&nbsp;&nbsp;_SetPixelIndex
<LI><a href="#[bd]">&gt;&gt;</a>&nbsp;&nbsp;&nbsp;_GetRect
<LI><a href="#[b5]">&gt;&gt;</a>&nbsp;&nbsp;&nbsp;_FillRect
<LI><a href="#[b4]">&gt;&gt;</a>&nbsp;&nbsp;&nbsp;_DrawVLine
<LI><a href="#[b2]">&gt;&gt;</a>&nbsp;&nbsp;&nbsp;_DrawBitmap
<LI><a href="#[153]">&gt;&gt;</a>&nbsp;&nbsp;&nbsp;GUI_MEMDEV_Select
<LI><a href="#[110]">&gt;&gt;</a>&nbsp;&nbsp;&nbsp;GUI_ALLOC_AllocZero
<LI><a href="#[17c]">&gt;&gt;</a>&nbsp;&nbsp;&nbsp;_SetPosition
<LI><a href="#[27a]">&gt;&gt;</a>&nbsp;&nbsp;&nbsp;_ReleaseBuffer
<LI><a href="#[5e]">&gt;&gt;</a>&nbsp;&nbsp;&nbsp;WM_HandlePID
<LI><a href="#[236]">&gt;&gt;</a>&nbsp;&nbsp;&nbsp;WM__MoveWindow
<LI><a href="#[24d]">&gt;&gt;</a>&nbsp;&nbsp;&nbsp;_MoveDescendents
<LI><a href="#[23b]">&gt;&gt;</a>&nbsp;&nbsp;&nbsp;WM__UpdateChildPositions
<LI><a href="#[239]">&gt;&gt;</a>&nbsp;&nbsp;&nbsp;WM_ResizeWindow
<LI><a href="#[27c]">&gt;&gt;</a>&nbsp;&nbsp;&nbsp;_Screen2hWin
<LI><a href="#[169]">&gt;&gt;</a>&nbsp;&nbsp;&nbsp;GUI_MEMDEV_WriteAt
<LI><a href="#[72]">&gt;&gt;</a>&nbsp;&nbsp;&nbsp;GUI_MEMDEV__WriteToActiveAlpha
<LI><a href="#[cb]">&gt;&gt;</a>&nbsp;&nbsp;&nbsp;_XorPixel
<LI><a href="#[26c]">&gt;&gt;</a>&nbsp;&nbsp;&nbsp;_XY2PTR
<LI><a href="#[ca]">&gt;&gt;</a>&nbsp;&nbsp;&nbsp;_SetPixelIndex
<LI><a href="#[d0]">&gt;&gt;</a>&nbsp;&nbsp;&nbsp;_GetRect
<LI><a href="#[c8]">&gt;&gt;</a>&nbsp;&nbsp;&nbsp;_FillRect
<LI><a href="#[c7]">&gt;&gt;</a>&nbsp;&nbsp;&nbsp;_DrawVLine
<LI><a href="#[c5]">&gt;&gt;</a>&nbsp;&nbsp;&nbsp;_DrawBitmap
<LI><a href="#[186]">&gt;&gt;</a>&nbsp;&nbsp;&nbsp;_Unlink
<LI><a href="#[185]">&gt;&gt;</a>&nbsp;&nbsp;&nbsp;_RemoveFromLinList
<LI><a href="#[227]">&gt;&gt;</a>&nbsp;&nbsp;&nbsp;WM__SendTouchMessage
<LI><a href="#[189]">&gt;&gt;</a>&nbsp;&nbsp;&nbsp;GUI_TIMER__GetNextTimerLin
<LI><a href="#[188]">&gt;&gt;</a>&nbsp;&nbsp;&nbsp;GUI_TIMER__GetFirstTimer
<LI><a href="#[187]">&gt;&gt;</a>&nbsp;&nbsp;&nbsp;GUI_TIMER_GetFlag
<LI><a href="#[216]">&gt;&gt;</a>&nbsp;&nbsp;&nbsp;WM_DeleteTimer
<LI><a href="#[170]">&gt;&gt;</a>&nbsp;&nbsp;&nbsp;_WriteToActiveOpaque_HT
<LI><a href="#[16f]">&gt;&gt;</a>&nbsp;&nbsp;&nbsp;_WriteToActiveOpaque_8
<LI><a href="#[241]">&gt;&gt;</a>&nbsp;&nbsp;&nbsp;WM_SetSize
<LI><a href="#[163]">&gt;&gt;</a>&nbsp;&nbsp;&nbsp;GUI_MEMDEV_GetDataPtr
<LI><a href="#[164]">&gt;&gt;</a>&nbsp;&nbsp;&nbsp;_CreateStaticDevice
<LI><a href="#[160]">&gt;&gt;</a>&nbsp;&nbsp;&nbsp;GUI_MEMDEV_SetOrg
<LI><a href="#[15f]">&gt;&gt;</a>&nbsp;&nbsp;&nbsp;GUI_MEMDEV_ReduceYSize
<LI><a href="#[15e]">&gt;&gt;</a>&nbsp;&nbsp;&nbsp;GUI_MEMDEV_GetYSize
<LI><a href="#[14e]">&gt;&gt;</a>&nbsp;&nbsp;&nbsp;GUI_MEMDEV_Clear
<LI><a href="#[159]">&gt;&gt;</a>&nbsp;&nbsp;&nbsp;GUI_USAGE_DecUseCnt
<LI><a href="#[16b]">&gt;&gt;</a>&nbsp;&nbsp;&nbsp;GUI_USAGE_BM_Create
<LI><a href="#[16a]">&gt;&gt;</a>&nbsp;&nbsp;&nbsp;GUI_MEMDEV__WriteToActiveAt
<LI><a href="#[156]">&gt;&gt;</a>&nbsp;&nbsp;&nbsp;GUI_MEMDEV__CreateFixed
<LI><a href="#[161]">&gt;&gt;</a>&nbsp;&nbsp;&nbsp;GUI_MEMDEV_GetBitsPerPixel
<LI><a href="#[150]">&gt;&gt;</a>&nbsp;&nbsp;&nbsp;GUI_MEMDEV_CopyToLCDAt
<LI><a href="#[214]">&gt;&gt;</a>&nbsp;&nbsp;&nbsp;WM__GetClientRectEx
<LI><a href="#[20a]">&gt;&gt;</a>&nbsp;&nbsp;&nbsp;WM_BringToBottom
</UL>

<P><STRONG><a name="[11a]"></a>GUI_ALLOC_h2p</STRONG> (Thumb, 20 bytes, Stack size 0 bytes, gui_alloc.o(i.GUI_ALLOC_h2p))
<BR><BR>[Called By]<UL><LI><a href="#[111]">&gt;&gt;</a>&nbsp;&nbsp;&nbsp;GUI_ALLOC_LockH
<LI><a href="#[246]">&gt;&gt;</a>&nbsp;&nbsp;&nbsp;WM__RemoveWindowFromList
<LI><a href="#[21e]">&gt;&gt;</a>&nbsp;&nbsp;&nbsp;WM__RemoveFromLinList
<LI><a href="#[218]">&gt;&gt;</a>&nbsp;&nbsp;&nbsp;WM__IsWindow
<LI><a href="#[24b]">&gt;&gt;</a>&nbsp;&nbsp;&nbsp;WM__InvalidateRect
<LI><a href="#[24a]">&gt;&gt;</a>&nbsp;&nbsp;&nbsp;WM__InvalidateParent
<LI><a href="#[22e]">&gt;&gt;</a>&nbsp;&nbsp;&nbsp;WM__InvalidateDrawAndDescs
<LI><a href="#[20f]">&gt;&gt;</a>&nbsp;&nbsp;&nbsp;WM__InsertWindowIntoList
<LI><a href="#[219]">&gt;&gt;</a>&nbsp;&nbsp;&nbsp;WM__GetTopLevelLayer
<LI><a href="#[210]">&gt;&gt;</a>&nbsp;&nbsp;&nbsp;WM_SelectWindow
<LI><a href="#[233]">&gt;&gt;</a>&nbsp;&nbsp;&nbsp;WM_InvalidateWindowAndDescsEx
<LI><a href="#[20e]">&gt;&gt;</a>&nbsp;&nbsp;&nbsp;WM_CreateWindowAsChild
<LI><a href="#[251]">&gt;&gt;</a>&nbsp;&nbsp;&nbsp;_PaintTransChildren
<LI><a href="#[250]">&gt;&gt;</a>&nbsp;&nbsp;&nbsp;_Paint1
<LI><a href="#[234]">&gt;&gt;</a>&nbsp;&nbsp;&nbsp;_Invalidate1Abs
<LI><a href="#[272]">&gt;&gt;</a>&nbsp;&nbsp;&nbsp;_Findy1
<LI><a href="#[274]">&gt;&gt;</a>&nbsp;&nbsp;&nbsp;_Findx1
<LI><a href="#[273]">&gt;&gt;</a>&nbsp;&nbsp;&nbsp;_Findx0
<LI><a href="#[249]">&gt;&gt;</a>&nbsp;&nbsp;&nbsp;_FindNext_IVR
<LI><a href="#[220]">&gt;&gt;</a>&nbsp;&nbsp;&nbsp;_DrawNext
<LI><a href="#[24f]">&gt;&gt;</a>&nbsp;&nbsp;&nbsp;WM__PaintWinAndOverlays
<LI><a href="#[27c]">&gt;&gt;</a>&nbsp;&nbsp;&nbsp;_Screen2hWin
<LI><a href="#[248]">&gt;&gt;</a>&nbsp;&nbsp;&nbsp;WM__GetFirstSibling
<LI><a href="#[226]">&gt;&gt;</a>&nbsp;&nbsp;&nbsp;WM__IsEnabled
<LI><a href="#[24c]">&gt;&gt;</a>&nbsp;&nbsp;&nbsp;WM__IsAncestor
<LI><a href="#[23f]">&gt;&gt;</a>&nbsp;&nbsp;&nbsp;WM__SendMessageNoPara
<LI><a href="#[20b]">&gt;&gt;</a>&nbsp;&nbsp;&nbsp;WM__GetPrevSibling
<LI><a href="#[20c]">&gt;&gt;</a>&nbsp;&nbsp;&nbsp;WM_GetParent
<LI><a href="#[237]">&gt;&gt;</a>&nbsp;&nbsp;&nbsp;WM__SendMessage
[...]
<BR><BR>[Calls]<UL><LI><a href="#[277]">&gt;&gt;</a>&nbsp;&nbsp;&nbsp;_IncPointer
</UL>
<BR>[Called By]<UL><LI><a href="#[176]">&gt;&gt;</a>&nbsp;&nbsp;&nbsp;GUI_PollKeyMsg
</UL>

<P><STRONG><a name="[be]"></a>_Color2Index_0</STRONG> (Thumb, 84 bytes, Stack size 32 bytes, guicc_0.o(i._Color2Index_0))
<BR><BR>[Stack]<UL><LI>Max Depth = 48<LI>Call Chain = _Color2Index_0 &rArr; LCD_GetNumColors &rArr; _GetDevProp
</UL>
<BR>[Calls]<UL><LI><a href="#[1c3]">&gt;&gt;</a>&nbsp;&nbsp;&nbsp;LCD_GetPalette
<LI><a href="#[1c0]">&gt;&gt;</a>&nbsp;&nbsp;&nbsp;LCD_GetNumColors
<LI><a href="#[25b]">&gt;&gt;</a>&nbsp;&nbsp;&nbsp;GUI_CalcColorDist
</UL>
<BR>[Address Reference Count : 1]<UL><LI> guicc_0.o(.constdata)
</UL>
<P><STRONG><a name="[c0]"></a>_GetIndexMask_0</STRONG> (Thumb, 82 bytes, Stack size 8 bytes, guicc_0.o(i._GetIndexMask_0))
<BR><BR>[Stack]<UL><LI>Max Depth = 24<LI>Call Chain = _GetIndexMask_0 &rArr; LCD_GetNumColors &rArr; _GetDevProp
</UL>
<BR>[Calls]<UL><LI><a href="#[1c0]">&gt;&gt;</a>&nbsp;&nbsp;&nbsp;LCD_GetNumColors
</UL>
<BR>[Address Reference Count : 1]<UL><LI> guicc_0.o(.constdata)
</UL>
<P><STRONG><a name="[bf]"></a>_Index2Color_0</STRONG> (Thumb, 32 bytes, Stack size 16 bytes, guicc_0.o(i._Index2Color_0))
<BR><BR>[Stack]<UL><LI>Max Depth = 32<LI>Call Chain = _Index2Color_0 &rArr; LCD_GetNumColors &rArr; _GetDevProp
</UL>
<BR>[Calls]<UL><LI><a href="#[1c3]">&gt;&gt;</a>&nbsp;&nbsp;&nbsp;LCD_GetPalette
<LI><a href="#[1c0]">&gt;&gt;</a>&nbsp;&nbsp;&nbsp;LCD_GetNumColors
</UL>
<BR>[Address Reference Count : 1]<UL><LI> guicc_0.o(.constdata)
</UL>
<P><STRONG><a name="[15c]"></a>_Min</STRONG> (Thumb, 8 bytes, Stack size 0 bytes, guidev_banding.o(i._Min))
<BR><BR>[Called By]<UL><LI><a href="#[15a]">&gt;&gt;</a>&nbsp;&nbsp;&nbsp;GUI_MEMDEV_Draw
</UL>

<P><STRONG><a name="[164]"></a>_CreateStaticDevice</STRONG> (Thumb, 276 bytes, Stack size 48 bytes, guidev_staticdevices.o(i._CreateStaticDevice))
<BR><BR>[Stack]<UL><LI>Max Depth = 504<LI>Call Chain = _CreateStaticDevice &rArr; WM_SetSize &rArr; WM_ResizeWindow &rArr; WM__UpdateChildPositions &rArr;  WM_ResizeWindow (Cycle)
</UL>
<BR>[Calls]<UL><LI><a href="#[1c8]">&gt;&gt;</a>&nbsp;&nbsp;&nbsp;LCD_GetYSize
<LI><a href="#[1c7]">&gt;&gt;</a>&nbsp;&nbsp;&nbsp;LCD_GetXSize
<LI><a href="#[25f]">&gt;&gt;</a>&nbsp;&nbsp;&nbsp;WM_GetDesktopWindow
<LI><a href="#[107]">&gt;&gt;</a>&nbsp;&nbsp;&nbsp;GUI__memset
<LI><a href="#[112]">&gt;&gt;</a>&nbsp;&nbsp;&nbsp;GUI_ALLOC_UnlockH
<LI><a href="#[111]">&gt;&gt;</a>&nbsp;&nbsp;&nbsp;GUI_ALLOC_LockH
<LI><a href="#[76]">&gt;&gt;</a>&nbsp;&nbsp;&nbsp;WM__Paint1
<LI><a href="#[153]">&gt;&gt;</a>&nbsp;&nbsp;&nbsp;GUI_MEMDEV_Select
<LI><a href="#[241]">&gt;&gt;</a>&nbsp;&nbsp;&nbsp;WM_SetSize
<LI><a href="#[1a0]">&gt;&gt;</a>&nbsp;&nbsp;&nbsp;GUI__AlphaSuppressMixing
<LI><a href="#[163]">&gt;&gt;</a>&nbsp;&nbsp;&nbsp;GUI_MEMDEV_GetDataPtr
<LI><a href="#[160]">&gt;&gt;</a>&nbsp;&nbsp;&nbsp;GUI_MEMDEV_SetOrg
<LI><a href="#[156]">&gt;&gt;</a>&nbsp;&nbsp;&nbsp;GUI_MEMDEV__CreateFixed
</UL>
<BR>[Called By]<UL><LI><a href="#[75]">&gt;&gt;</a>&nbsp;&nbsp;&nbsp;GUI_MEMDEV_Paint1Static
</UL>

<P><STRONG><a name="[25c]"></a>_Convert16</STRONG> (Thumb, 62 bytes, Stack size 40 bytes, guidev_writetoactiveopaque.o(i._Convert16))
<BR><BR>[Stack]<UL><LI>Max Depth = 48<LI>Call Chain = _Convert16 &rArr; GUI__CompactPixelIndices
</UL>
<BR>[Calls]<UL><LI><a href="#[25d]">&gt;&gt;</a>&nbsp;&nbsp;&nbsp;GUI__CompactPixelIndices
</UL>
<BR>[Called By]<UL><LI><a href="#[16f]">&gt;&gt;</a>&nbsp;&nbsp;&nbsp;_WriteToActiveOpaque_8
</UL>

<P><STRONG><a name="[16f]"></a>_WriteToActiveOpaque_8</STRONG> (Thumb, 806 bytes, Stack size 160 bytes, guidev_writetoactiveopaque.o(i._WriteToActiveOpaque_8))
<BR><BR>[Stack]<UL><LI>Max Depth = 280<LI>Call Chain = _WriteToActiveOpaque_8 &rArr; LCD__DrawBitmap_1bpp &rArr; LCD_FillRect
</UL>
<BR>[Calls]<UL><LI><a href="#[1a6]">&gt;&gt;</a>&nbsp;&nbsp;&nbsp;GUI_GetpfIndex2ColorEx
<LI><a href="#[281]">&gt;&gt;</a>&nbsp;&nbsp;&nbsp;GUI_GetpfColor2IndexEx
<LI><a href="#[1a5]">&gt;&gt;</a>&nbsp;&nbsp;&nbsp;GUI_GetBitsPerPixelEx
<LI><a href="#[112]">&gt;&gt;</a>&nbsp;&nbsp;&nbsp;GUI_ALLOC_UnlockH
<LI><a href="#[111]">&gt;&gt;</a>&nbsp;&nbsp;&nbsp;GUI_ALLOC_LockH
<LI><a href="#[113]">&gt;&gt;</a>&nbsp;&nbsp;&nbsp;GUI_ALLOC_Free
<LI><a href="#[10e]">&gt;&gt;</a>&nbsp;&nbsp;&nbsp;GUI_ALLOC_AllocNoInit
<LI><a href="#[1d9]">&gt;&gt;</a>&nbsp;&nbsp;&nbsp;LCD__DrawBitmap_1bpp
<LI><a href="#[109]">&gt;&gt;</a>&nbsp;&nbsp;&nbsp;LCD_DrawBitmap
<LI><a href="#[25c]">&gt;&gt;</a>&nbsp;&nbsp;&nbsp;_Convert16
<LI><a href="#[163]">&gt;&gt;</a>&nbsp;&nbsp;&nbsp;GUI_MEMDEV_GetDataPtr
</UL>
<BR>[Called By]<UL><LI><a href="#[71]">&gt;&gt;</a>&nbsp;&nbsp;&nbsp;GUI_MEMDEV__WriteToActiveOpaque
</UL>

<P><STRONG><a name="[170]"></a>_WriteToActiveOpaque_HT</STRONG> (Thumb, 752 bytes, Stack size 104 bytes, guidev_writetoactiveopaque.o(i._WriteToActiveOpaque_HT))
<BR><BR>[Stack]<UL><LI>Max Depth = 208<LI>Call Chain = _WriteToActiveOpaque_HT &rArr; LCD_DrawBitmap &rArr; LCD_FillRect
</UL>
<BR>[Calls]<UL><LI><a href="#[1a5]">&gt;&gt;</a>&nbsp;&nbsp;&nbsp;GUI_GetBitsPerPixelEx
<LI><a href="#[112]">&gt;&gt;</a>&nbsp;&nbsp;&nbsp;GUI_ALLOC_UnlockH
<LI><a href="#[111]">&gt;&gt;</a>&nbsp;&nbsp;&nbsp;GUI_ALLOC_LockH
<LI><a href="#[113]">&gt;&gt;</a>&nbsp;&nbsp;&nbsp;GUI_ALLOC_Free
<LI><a href="#[10e]">&gt;&gt;</a>&nbsp;&nbsp;&nbsp;GUI_ALLOC_AllocNoInit
<LI><a href="#[109]">&gt;&gt;</a>&nbsp;&nbsp;&nbsp;LCD_DrawBitmap
</UL>
<BR>[Called By]<UL><LI><a href="#[71]">&gt;&gt;</a>&nbsp;&nbsp;&nbsp;GUI_MEMDEV__WriteToActiveOpaque
</UL>

<P><STRONG><a name="[61]"></a>_OnExit</STRONG> (Thumb, 36 bytes, Stack size 8 bytes, gui__alpha.o(i._OnExit))
<BR><BR>[Stack]<UL><LI>Max Depth = 8<LI>Call Chain = _OnExit
</UL>
<BR>[Calls]<UL><LI><a href="#[128]">&gt;&gt;</a>&nbsp;&nbsp;&nbsp;GUI_ALLOC_FreeFixedBlock
</UL>
<BR>[Address Reference Count : 1]<UL><LI> gui__alpha.o(i.GUI__GetAlphaBuffer)
</UL>
<P><STRONG><a name="[185]"></a>_RemoveFromLinList</STRONG> (Thumb, 86 bytes, Stack size 24 bytes, gui_timer.o(i._RemoveFromLinList))
<BR><BR>[Stack]<UL><LI>Max Depth = 24<LI>Call Chain = _RemoveFromLinList
</UL>
<BR>[Calls]<UL><LI><a href="#[112]">&gt;&gt;</a>&nbsp;&nbsp;&nbsp;GUI_ALLOC_UnlockH
<LI><a href="#[111]">&gt;&gt;</a>&nbsp;&nbsp;&nbsp;GUI_ALLOC_LockH
</UL>
<BR>[Called By]<UL><LI><a href="#[184]">&gt;&gt;</a>&nbsp;&nbsp;&nbsp;GUI_TIMER_Delete
</UL>

<P><STRONG><a name="[186]"></a>_Unlink</STRONG> (Thumb, 74 bytes, Stack size 24 bytes, gui_timer.o(i._Unlink))
<BR><BR>[Stack]<UL><LI>Max Depth = 24<LI>Call Chain = _Unlink
</UL>
<BR>[Calls]<UL><LI><a href="#[112]">&gt;&gt;</a>&nbsp;&nbsp;&nbsp;GUI_ALLOC_UnlockH
<LI><a href="#[111]">&gt;&gt;</a>&nbsp;&nbsp;&nbsp;GUI_ALLOC_LockH
</UL>
<BR>[Called By]<UL><LI><a href="#[184]">&gt;&gt;</a>&nbsp;&nbsp;&nbsp;GUI_TIMER_Delete
</UL>

<P><STRONG><a name="[c3]"></a>_Color2IndexBulk</STRONG> (Thumb, 14 bytes, Stack size 8 bytes, guicc_8888.o(i._Color2IndexBulk))
<BR><BR>[Stack]<UL><LI>Max Depth = 8<LI>Call Chain = _Color2IndexBulk
</UL>
<BR>[Address Reference Count : 1]<UL><LI> guicc_8888.o(.constdata)
</UL>
<P><STRONG><a name="[c1]"></a>_Color2Index_8888</STRONG> (Thumb, 2 bytes, Stack size 0 bytes, guicc_8888.o(i._Color2Index_8888))
<BR>[Address Reference Count : 1]<UL><LI> guicc_8888.o(.constdata)
</UL>
<P><STRONG><a name="[c2]"></a>_GetIndexMask_8888</STRONG> (Thumb, 6 bytes, Stack size 0 bytes, guicc_8888.o(i._GetIndexMask_8888))
<BR>[Address Reference Count : 1]<UL><LI> guicc_8888.o(.constdata)
</UL>
<P><STRONG><a name="[c4]"></a>_Index2ColorBulk</STRONG> (Thumb, 14 bytes, Stack size 8 bytes, guicc_8888.o(i._Index2ColorBulk))
<BR><BR>[Stack]<UL><LI>Max Depth = 8<LI>Call Chain = _Index2ColorBulk
</UL>
<BR>[Address Reference Count : 1]<UL><LI> guicc_8888.o(.constdata)
</UL>
<P><STRONG><a name="[26d]"></a>_DrawBitLine1BPP</STRONG> (Thumb, 268 bytes, Stack size 56 bytes, guidev_32.o(i._DrawBitLine1BPP))
<BR><BR>[Stack]<UL><LI>Max Depth = 56<LI>Call Chain = _DrawBitLine1BPP
</UL>
<BR>[Called By]<UL><LI><a href="#[c5]">&gt;&gt;</a>&nbsp;&nbsp;&nbsp;_DrawBitmap
</UL>

<P><STRONG><a name="[26e]"></a>_DrawBitLine2BPP</STRONG> (Thumb, 218 bytes, Stack size 56 bytes, guidev_32.o(i._DrawBitLine2BPP))
<BR><BR>[Stack]<UL><LI>Max Depth = 56<LI>Call Chain = _DrawBitLine2BPP
</UL>
<BR>[Called By]<UL><LI><a href="#[c5]">&gt;&gt;</a>&nbsp;&nbsp;&nbsp;_DrawBitmap
</UL>

<P><STRONG><a name="[261]"></a>_DrawBitLine32BPP_DDB</STRONG> (Thumb, 136 bytes, Stack size 32 bytes, guidev_32.o(i._DrawBitLine32BPP_DDB))
<BR><BR>[Stack]<UL><LI>Max Depth = 48<LI>Call Chain = _DrawBitLine32BPP_DDB &rArr; GUI__MixColors
</UL>
<BR>[Calls]<UL><LI><a href="#[105]">&gt;&gt;</a>&nbsp;&nbsp;&nbsp;__aeabi_memcpy4
<LI><a href="#[5]">&gt;&gt;</a>&nbsp;&nbsp;&nbsp;GUI__MixColors
</UL>
<BR>[Called By]<UL><LI><a href="#[c5]">&gt;&gt;</a>&nbsp;&nbsp;&nbsp;_DrawBitmap
</UL>

<P><STRONG><a name="[26f]"></a>_DrawBitLine4BPP</STRONG> (Thumb, 338 bytes, Stack size 40 bytes, guidev_32.o(i._DrawBitLine4BPP))
<BR><BR>[Stack]<UL><LI>Max Depth = 40<LI>Call Chain = _DrawBitLine4BPP
</UL>
<BR>[Called By]<UL><LI><a href="#[c5]">&gt;&gt;</a>&nbsp;&nbsp;&nbsp;_DrawBitmap
</UL>

<P><STRONG><a name="[c5]"></a>_DrawBitmap</STRONG> (Thumb, 652 bytes, Stack size 112 bytes, guidev_32.o(i._DrawBitmap))
<BR><BR>[Stack]<UL><LI>Max Depth = 168<LI>Call Chain = _DrawBitmap &rArr; _DrawBitLine2BPP
</UL>
<BR>[Calls]<UL><LI><a href="#[112]">&gt;&gt;</a>&nbsp;&nbsp;&nbsp;GUI_ALLOC_UnlockH
<LI><a href="#[111]">&gt;&gt;</a>&nbsp;&nbsp;&nbsp;GUI_ALLOC_LockH
<LI><a href="#[266]">&gt;&gt;</a>&nbsp;&nbsp;&nbsp;GUI_USAGE_AddRect
<LI><a href="#[268]">&gt;&gt;</a>&nbsp;&nbsp;&nbsp;__aeabi_memcpy
<LI><a href="#[26c]">&gt;&gt;</a>&nbsp;&nbsp;&nbsp;_XY2PTR
<LI><a href="#[26f]">&gt;&gt;</a>&nbsp;&nbsp;&nbsp;_DrawBitLine4BPP
<LI><a href="#[261]">&gt;&gt;</a>&nbsp;&nbsp;&nbsp;_DrawBitLine32BPP_DDB
<LI><a href="#[26e]">&gt;&gt;</a>&nbsp;&nbsp;&nbsp;_DrawBitLine2BPP
<LI><a href="#[26d]">&gt;&gt;</a>&nbsp;&nbsp;&nbsp;_DrawBitLine1BPP
</UL>
<BR>[Address Reference Count : 1]<UL><LI> guidev_32.o(.constdata)
</UL>
<P><STRONG><a name="[c6]"></a>_DrawHLine</STRONG> (Thumb, 10 bytes, Stack size 8 bytes, guidev_32.o(i._DrawHLine))
<BR><BR>[Stack]<UL><LI>Max Depth = 80<LI>Call Chain = _DrawHLine &rArr; _FillRect &rArr; GUI_USAGE_AddRect
</UL>
<BR>[Calls]<UL><LI><a href="#[c8]">&gt;&gt;</a>&nbsp;&nbsp;&nbsp;_FillRect
</UL>
<BR>[Address Reference Count : 1]<UL><LI> guidev_32.o(.constdata)
</UL>
<P><STRONG><a name="[c7]"></a>_DrawVLine</STRONG> (Thumb, 166 bytes, Stack size 40 bytes, guidev_32.o(i._DrawVLine))
<BR><BR>[Stack]<UL><LI>Max Depth = 56<LI>Call Chain = _DrawVLine &rArr; _XY2PTR
</UL>
<BR>[Calls]<UL><LI><a href="#[112]">&gt;&gt;</a>&nbsp;&nbsp;&nbsp;GUI_ALLOC_UnlockH
<LI><a href="#[111]">&gt;&gt;</a>&nbsp;&nbsp;&nbsp;GUI_ALLOC_LockH
<LI><a href="#[26c]">&gt;&gt;</a>&nbsp;&nbsp;&nbsp;_XY2PTR
</UL>
<BR>[Address Reference Count : 1]<UL><LI> guidev_32.o(.constdata)
</UL>
<P><STRONG><a name="[c8]"></a>_FillRect</STRONG> (Thumb, 160 bytes, Stack size 48 bytes, guidev_32.o(i._FillRect))
<BR><BR>[Stack]<UL><LI>Max Depth = 72<LI>Call Chain = _FillRect &rArr; GUI_USAGE_AddRect
</UL>
<BR>[Calls]<UL><LI><a href="#[112]">&gt;&gt;</a>&nbsp;&nbsp;&nbsp;GUI_ALLOC_UnlockH
<LI><a href="#[111]">&gt;&gt;</a>&nbsp;&nbsp;&nbsp;GUI_ALLOC_LockH
<LI><a href="#[266]">&gt;&gt;</a>&nbsp;&nbsp;&nbsp;GUI_USAGE_AddRect
<LI><a href="#[26c]">&gt;&gt;</a>&nbsp;&nbsp;&nbsp;_XY2PTR
</UL>
<BR>[Called By]<UL><LI><a href="#[c6]">&gt;&gt;</a>&nbsp;&nbsp;&nbsp;_DrawHLine
</UL>
<BR>[Address Reference Count : 1]<UL><LI> guidev_32.o(.constdata)
</UL>
<P><STRONG><a name="[cf]"></a>_GetDevData</STRONG> (Thumb, 12 bytes, Stack size 0 bytes, guidev_32.o(i._GetDevData))
<BR>[Address Reference Count : 1]<UL><LI> guidev_32.o(.constdata)
</UL>
<P><STRONG><a name="[cd]"></a>_GetDevFunc</STRONG> (Thumb, 12 bytes, Stack size 0 bytes, guidev_32.o(i._GetDevFunc))
<BR>[Address Reference Count : 1]<UL><LI> guidev_32.o(.constdata)
</UL>
<P><STRONG><a name="[ce]"></a>_GetDevProp</STRONG> (Thumb, 12 bytes, Stack size 0 bytes, guidev_32.o(i._GetDevProp))
<BR>[Address Reference Count : 1]<UL><LI> guidev_32.o(.constdata)
</UL>
<P><STRONG><a name="[c9]"></a>_GetPixelIndex</STRONG> (Thumb, 14 bytes, Stack size 8 bytes, guidev_32.o(i._GetPixelIndex))
<BR><BR>[Stack]<UL><LI>Max Depth = 24<LI>Call Chain = _GetPixelIndex &rArr; _XY2PTR
</UL>
<BR>[Calls]<UL><LI><a href="#[26c]">&gt;&gt;</a>&nbsp;&nbsp;&nbsp;_XY2PTR
</UL>
<BR>[Address Reference Count : 1]<UL><LI> guidev_32.o(.constdata)
</UL>
<P><STRONG><a name="[d0]"></a>_GetRect</STRONG> (Thumb, 48 bytes, Stack size 16 bytes, guidev_32.o(i._GetRect))
<BR><BR>[Stack]<UL><LI>Max Depth = 16<LI>Call Chain = _GetRect
</UL>
<BR>[Calls]<UL><LI><a href="#[112]">&gt;&gt;</a>&nbsp;&nbsp;&nbsp;GUI_ALLOC_UnlockH
<LI><a href="#[111]">&gt;&gt;</a>&nbsp;&nbsp;&nbsp;GUI_ALLOC_LockH
</UL>
<BR>[Address Reference Count : 1]<UL><LI> guidev_32.o(.constdata)
</UL>
<P><STRONG><a name="[cc]"></a>_SetOrg</STRONG> (Thumb, 8 bytes, Stack size 0 bytes, guidev_32.o(i._SetOrg))
<BR>[Address Reference Count : 1]<UL><LI> guidev_32.o(.constdata)
</UL>
<P><STRONG><a name="[ca]"></a>_SetPixelIndex</STRONG> (Thumb, 66 bytes, Stack size 24 bytes, guidev_32.o(i._SetPixelIndex))
<BR><BR>[Stack]<UL><LI>Max Depth = 40<LI>Call Chain = _SetPixelIndex &rArr; _XY2PTR
</UL>
<BR>[Calls]<UL><LI><a href="#[112]">&gt;&gt;</a>&nbsp;&nbsp;&nbsp;GUI_ALLOC_UnlockH
<LI><a href="#[111]">&gt;&gt;</a>&nbsp;&nbsp;&nbsp;GUI_ALLOC_LockH
<LI><a href="#[26c]">&gt;&gt;</a>&nbsp;&nbsp;&nbsp;_XY2PTR
</UL>
<BR>[Address Reference Count : 1]<UL><LI> guidev_32.o(.constdata)
</UL>
<P><STRONG><a name="[26c]"></a>_XY2PTR</STRONG> (Thumb, 56 bytes, Stack size 16 bytes, guidev_32.o(i._XY2PTR))
<BR><BR>[Stack]<UL><LI>Max Depth = 16<LI>Call Chain = _XY2PTR
</UL>
<BR>[Calls]<UL><LI><a href="#[112]">&gt;&gt;</a>&nbsp;&nbsp;&nbsp;GUI_ALLOC_UnlockH
<LI><a href="#[111]">&gt;&gt;</a>&nbsp;&nbsp;&nbsp;GUI_ALLOC_LockH
</UL>
<BR>[Called By]<UL><LI><a href="#[cb]">&gt;&gt;</a>&nbsp;&nbsp;&nbsp;_XorPixel
<LI><a href="#[ca]">&gt;&gt;</a>&nbsp;&nbsp;&nbsp;_SetPixelIndex
<LI><a href="#[c9]">&gt;&gt;</a>&nbsp;&nbsp;&nbsp;_GetPixelIndex
<LI><a href="#[c8]">&gt;&gt;</a>&nbsp;&nbsp;&nbsp;_FillRect
<LI><a href="#[c7]">&gt;&gt;</a>&nbsp;&nbsp;&nbsp;_DrawVLine
<LI><a href="#[c5]">&gt;&gt;</a>&nbsp;&nbsp;&nbsp;_DrawBitmap
</UL>

<P><STRONG><a name="[cb]"></a>_XorPixel</STRONG> (Thumb, 82 bytes, Stack size 32 bytes, guidev_32.o(i._XorPixel))
<BR><BR>[Stack]<UL><LI>Max Depth = 48<LI>Call Chain = _XorPixel &rArr; _XY2PTR
</UL>
<BR>[Calls]<UL><LI><a href="#[112]">&gt;&gt;</a>&nbsp;&nbsp;&nbsp;GUI_ALLOC_UnlockH
<LI><a href="#[111]">&gt;&gt;</a>&nbsp;&nbsp;&nbsp;GUI_ALLOC_LockH
<LI><a href="#[26c]">&gt;&gt;</a>&nbsp;&nbsp;&nbsp;_XY2PTR
</UL>
<BR>[Address Reference Count : 1]<UL><LI> guidev_32.o(.constdata)
</UL>
<P><STRONG><a name="[d2]"></a>GUI_USAGE_BM_AddHLine</STRONG> (Thumb, 116 bytes, Stack size 16 bytes, guidev_usagebm.o(i.GUI_USAGE_BM_AddHLine))
<BR><BR>[Stack]<UL><LI>Max Depth = 16<LI>Call Chain = GUI_USAGE_BM_AddHLine
</UL>
<BR>[Calls]<UL><LI><a href="#[d9]">&gt;&gt;</a>&nbsp;&nbsp;&nbsp;__aeabi_memset
</UL>
<BR>[Address Reference Count : 1]<UL><LI> guidev_usagebm.o(.constdata)
</UL>
<P><STRONG><a name="[d1]"></a>GUI_USAGE_BM_AddPixel</STRONG> (Thumb, 44 bytes, Stack size 8 bytes, guidev_usagebm.o(i.GUI_USAGE_BM_AddPixel))
<BR><BR>[Stack]<UL><LI>Max Depth = 8<LI>Call Chain = GUI_USAGE_BM_AddPixel
</UL>
<BR>[Address Reference Count : 1]<UL><LI> guidev_usagebm.o(.constdata)
</UL>
<P><STRONG><a name="[d3]"></a>GUI_USAGE_BM_Clear</STRONG> (Thumb, 14 bytes, Stack size 0 bytes, guidev_usagebm.o(i.GUI_USAGE_BM_Clear))
<BR><BR>[Calls]<UL><LI><a href="#[19a]">&gt;&gt;</a>&nbsp;&nbsp;&nbsp;__aeabi_memclr4
</UL>
<BR>[Address Reference Count : 1]<UL><LI> guidev_usagebm.o(.constdata)
</UL>
<P><STRONG><a name="[d5]"></a>GUI_USAGE_BM_GetNextDirty</STRONG> (Thumb, 190 bytes, Stack size 16 bytes, guidev_usagebm.o(i.GUI_USAGE_BM_GetNextDirty))
<BR><BR>[Stack]<UL><LI>Max Depth = 16<LI>Call Chain = GUI_USAGE_BM_GetNextDirty
</UL>
<BR>[Address Reference Count : 1]<UL><LI> guidev_usagebm.o(.constdata)
</UL>
<P><STRONG><a name="[d4]"></a>_GUI_USAGE_BM_Delete</STRONG> (Thumb, 4 bytes, Stack size 0 bytes, guidev_usagebm.o(i._GUI_USAGE_BM_Delete))
<BR><BR>[Stack]<UL><LI>Max Depth = 40<LI>Call Chain = _GUI_USAGE_BM_Delete &rArr; GUI_ALLOC_Free &rArr; _AddFreeMemory &rArr; _RemoveFreeBlock
</UL>
<BR>[Calls]<UL><LI><a href="#[113]">&gt;&gt;</a>&nbsp;&nbsp;&nbsp;GUI_ALLOC_Free
</UL>
<BR>[Address Reference Count : 1]<UL><LI> guidev_usagebm.o(.constdata)
</UL>
<P><STRONG><a name="[27c]"></a>_Screen2hWin</STRONG> (Thumb, 90 bytes, Stack size 32 bytes, wm_screen2win.o(i._Screen2hWin))
<BR><BR>[Stack]<UL><LI>Max Depth = 32 + In Cycle
<LI>Call Chain = _Screen2hWin &rArr;  _Screen2hWin (Cycle)
</UL>
<BR>[Calls]<UL><LI><a href="#[11a]">&gt;&gt;</a>&nbsp;&nbsp;&nbsp;GUI_ALLOC_h2p
<LI><a href="#[112]">&gt;&gt;</a>&nbsp;&nbsp;&nbsp;GUI_ALLOC_UnlockH
<LI><a href="#[111]">&gt;&gt;</a>&nbsp;&nbsp;&nbsp;GUI_ALLOC_LockH
<LI><a href="#[27d]">&gt;&gt;</a>&nbsp;&nbsp;&nbsp;WM__IsInWindow
<LI><a href="#[27c]">&gt;&gt;</a>&nbsp;&nbsp;&nbsp;_Screen2hWin
</UL>
<BR>[Called By]<UL><LI><a href="#[23c]">&gt;&gt;</a>&nbsp;&nbsp;&nbsp;_Screen2hWinStop
<LI><a href="#[27c]">&gt;&gt;</a>&nbsp;&nbsp;&nbsp;_Screen2hWin
</UL>

<P><STRONG><a name="[23c]"></a>_Screen2hWinStop</STRONG> (Thumb, 30 bytes, Stack size 16 bytes, wm_screen2win.o(i._Screen2hWinStop))
<BR><BR>[Stack]<UL><LI>Max Depth = 48<LI>Call Chain = _Screen2hWinStop &rArr; _Screen2hWin &rArr;  _Screen2hWin (Cycle)
</UL>
<BR>[Calls]<UL><LI><a href="#[27e]">&gt;&gt;</a>&nbsp;&nbsp;&nbsp;WM_GetDesktopWindowEx
<LI><a href="#[27c]">&gt;&gt;</a>&nbsp;&nbsp;&nbsp;_Screen2hWin
</UL>
<BR>[Called By]<UL><LI><a href="#[224]">&gt;&gt;</a>&nbsp;&nbsp;&nbsp;WM_Screen2hWin
</UL>

<P><STRONG><a name="[238]"></a>WM__ReleaseCapture</STRONG> (Thumb, 36 bytes, Stack size 32 bytes, wm_setcapture.o(i.WM__ReleaseCapture))
<BR><BR>[Stack]<UL><LI>Max Depth = 216<LI>Call Chain = WM__ReleaseCapture &rArr; WM__SendMessage &rArr; WM_DefaultProc &rArr; WM_InvalidateWindow &rArr; WM_InvalidateRect &rArr; WM__InvalidateRectEx &rArr; WM__InvalidateRect &rArr;  WM__InvalidateRect (Cycle)
</UL>
<BR>[Calls]<UL><LI><a href="#[237]">&gt;&gt;</a>&nbsp;&nbsp;&nbsp;WM__SendMessage
</UL>
<BR>[Called By]<UL><LI><a href="#[22a]">&gt;&gt;</a>&nbsp;&nbsp;&nbsp;WM_ReleaseCapture
</UL>

<P><STRONG><a name="[17a]"></a>LCD_ReadRectEx</STRONG> (Thumb, 404 bytes, Stack size 64 bytes, lcd_readrect.o(i.LCD_ReadRectEx))
<BR><BR>[Stack]<UL><LI>Max Depth = 64<LI>Call Chain = LCD_ReadRectEx
</UL>
<BR>[Calls]<UL><LI><a href="#[1a5]">&gt;&gt;</a>&nbsp;&nbsp;&nbsp;GUI_GetBitsPerPixelEx
</UL>
<BR>[Called By]<UL><LI><a href="#[179]">&gt;&gt;</a>&nbsp;&nbsp;&nbsp;GUI_ReadRectEx
</UL>

<P><STRONG><a name="[24d]"></a>_MoveDescendents</STRONG> (Thumb, 110 bytes, Stack size 72 bytes, wm_move.o(i._MoveDescendents))
<BR><BR>[Stack]<UL><LI>Max Depth = 256 + In Cycle
<LI>Call Chain = _MoveDescendents &rArr;  _MoveDescendents (Cycle)
</UL>
<BR>[Calls]<UL><LI><a href="#[112]">&gt;&gt;</a>&nbsp;&nbsp;&nbsp;GUI_ALLOC_UnlockH
<LI><a href="#[111]">&gt;&gt;</a>&nbsp;&nbsp;&nbsp;GUI_ALLOC_LockH
<LI><a href="#[244]">&gt;&gt;</a>&nbsp;&nbsp;&nbsp;GUI_MoveRect
<LI><a href="#[24d]">&gt;&gt;</a>&nbsp;&nbsp;&nbsp;_MoveDescendents
<LI><a href="#[237]">&gt;&gt;</a>&nbsp;&nbsp;&nbsp;WM__SendMessage
</UL>
<BR>[Called By]<UL><LI><a href="#[236]">&gt;&gt;</a>&nbsp;&nbsp;&nbsp;WM__MoveWindow
<LI><a href="#[24d]">&gt;&gt;</a>&nbsp;&nbsp;&nbsp;_MoveDescendents
</UL>

<P><STRONG><a name="[283]"></a>_printf_core</STRONG> (Thumb, 436 bytes, Stack size 96 bytes, printf3.o(i._printf_core), UNUSED)
<BR><BR>[Calls]<UL><LI><a href="#[284]">&gt;&gt;</a>&nbsp;&nbsp;&nbsp;__aeabi_uidivmod
</UL>
<BR>[Called By]<UL><LI><a href="#[282]">&gt;&gt;</a>&nbsp;&nbsp;&nbsp;__0printf$3
</UL>
<P>
<H3>
Undefined Global Symbols
</H3><HR></body></html>
