ARM Linker, 5.03 [Build 76] [MDK-ARM Standard]

==============================================================================

Section Cross References

    startup_stm32f10x_hd.o(RESET) refers to startup_stm32f10x_hd.o(STACK) for __initial_sp
    startup_stm32f10x_hd.o(RESET) refers to startup_stm32f10x_hd.o(.text) for Reset_Handler
    startup_stm32f10x_hd.o(RESET) refers to stm32f10x_it.o(i.NMI_Handler) for NMI_Handler
    startup_stm32f10x_hd.o(RESET) refers to stm32f10x_it.o(i.HardFault_Handler) for HardFault_Handler
    startup_stm32f10x_hd.o(RESET) refers to stm32f10x_it.o(i.MemManage_Handler) for MemManage_Handler
    startup_stm32f10x_hd.o(RESET) refers to stm32f10x_it.o(i.BusFault_Handler) for BusFault_Handler
    startup_stm32f10x_hd.o(RESET) refers to stm32f10x_it.o(i.UsageFault_Handler) for UsageFault_Handler
    startup_stm32f10x_hd.o(RESET) refers to stm32f10x_it.o(i.SVC_Handler) for SVC_Handler
    startup_stm32f10x_hd.o(RESET) refers to stm32f10x_it.o(i.DebugMon_Handler) for DebugMon_Handler
    startup_stm32f10x_hd.o(RESET) refers to stm32f10x_it.o(i.PendSV_Handler) for PendSV_Handler
    startup_stm32f10x_hd.o(RESET) refers to stm32f10x_it.o(i.SysTick_Handler) for SysTick_Handler
    startup_stm32f10x_hd.o(RESET) refers to stm32f10x_it.o(i.SDIO_IRQHandler) for SDIO_IRQHandler
    startup_stm32f10x_hd.o(RESET) refers to stm32f10x_it.o(i.DMA2_Channel4_5_IRQHandler) for DMA2_Channel4_5_IRQHandler
    startup_stm32f10x_hd.o(.text) refers to system_stm32f10x.o(i.SystemInit) for SystemInit
    startup_stm32f10x_hd.o(.text) refers to entry.o(.ARM.Collect$$$$00000000) for __main
    system_stm32f10x.o(i.SetSysClock) refers to system_stm32f10x.o(i.SetSysClockTo72) for SetSysClockTo72
    system_stm32f10x.o(i.SystemCoreClockUpdate) refers to system_stm32f10x.o(.data) for .data
    system_stm32f10x.o(i.SystemInit) refers to system_stm32f10x.o(i.SetSysClock) for SetSysClock
    stm32f10x_adc.o(i.ADC_DeInit) refers to stm32f10x_rcc.o(i.RCC_APB2PeriphResetCmd) for RCC_APB2PeriphResetCmd
    stm32f10x_bkp.o(i.BKP_DeInit) refers to stm32f10x_rcc.o(i.RCC_BackupResetCmd) for RCC_BackupResetCmd
    stm32f10x_can.o(i.CAN_DeInit) refers to stm32f10x_rcc.o(i.RCC_APB1PeriphResetCmd) for RCC_APB1PeriphResetCmd
    stm32f10x_can.o(i.CAN_GetITStatus) refers to stm32f10x_can.o(i.CheckITStatus) for CheckITStatus
    stm32f10x_cec.o(i.CEC_DeInit) refers to stm32f10x_rcc.o(i.RCC_APB1PeriphResetCmd) for RCC_APB1PeriphResetCmd
    stm32f10x_dac.o(i.DAC_DeInit) refers to stm32f10x_rcc.o(i.RCC_APB1PeriphResetCmd) for RCC_APB1PeriphResetCmd
    stm32f10x_flash.o(i.FLASH_EnableWriteProtection) refers to stm32f10x_flash.o(i.FLASH_WaitForLastOperation) for FLASH_WaitForLastOperation
    stm32f10x_flash.o(i.FLASH_EraseAllBank1Pages) refers to stm32f10x_flash.o(i.FLASH_WaitForLastBank1Operation) for FLASH_WaitForLastBank1Operation
    stm32f10x_flash.o(i.FLASH_EraseAllPages) refers to stm32f10x_flash.o(i.FLASH_WaitForLastOperation) for FLASH_WaitForLastOperation
    stm32f10x_flash.o(i.FLASH_EraseOptionBytes) refers to stm32f10x_flash.o(i.FLASH_GetReadOutProtectionStatus) for FLASH_GetReadOutProtectionStatus
    stm32f10x_flash.o(i.FLASH_EraseOptionBytes) refers to stm32f10x_flash.o(i.FLASH_WaitForLastOperation) for FLASH_WaitForLastOperation
    stm32f10x_flash.o(i.FLASH_ErasePage) refers to stm32f10x_flash.o(i.FLASH_WaitForLastOperation) for FLASH_WaitForLastOperation
    stm32f10x_flash.o(i.FLASH_ProgramHalfWord) refers to stm32f10x_flash.o(i.FLASH_WaitForLastOperation) for FLASH_WaitForLastOperation
    stm32f10x_flash.o(i.FLASH_ProgramOptionByteData) refers to stm32f10x_flash.o(i.FLASH_WaitForLastOperation) for FLASH_WaitForLastOperation
    stm32f10x_flash.o(i.FLASH_ProgramWord) refers to stm32f10x_flash.o(i.FLASH_WaitForLastOperation) for FLASH_WaitForLastOperation
    stm32f10x_flash.o(i.FLASH_ReadOutProtection) refers to stm32f10x_flash.o(i.FLASH_WaitForLastOperation) for FLASH_WaitForLastOperation
    stm32f10x_flash.o(i.FLASH_UserOptionByteConfig) refers to stm32f10x_flash.o(i.FLASH_WaitForLastOperation) for FLASH_WaitForLastOperation
    stm32f10x_flash.o(i.FLASH_WaitForLastBank1Operation) refers to stm32f10x_flash.o(i.FLASH_GetBank1Status) for FLASH_GetBank1Status
    stm32f10x_flash.o(i.FLASH_WaitForLastOperation) refers to stm32f10x_flash.o(i.FLASH_GetBank1Status) for FLASH_GetBank1Status
    stm32f10x_gpio.o(i.GPIO_AFIODeInit) refers to stm32f10x_rcc.o(i.RCC_APB2PeriphResetCmd) for RCC_APB2PeriphResetCmd
    stm32f10x_gpio.o(i.GPIO_DeInit) refers to stm32f10x_rcc.o(i.RCC_APB2PeriphResetCmd) for RCC_APB2PeriphResetCmd
    stm32f10x_i2c.o(i.I2C_DeInit) refers to stm32f10x_rcc.o(i.RCC_APB1PeriphResetCmd) for RCC_APB1PeriphResetCmd
    stm32f10x_i2c.o(i.I2C_Init) refers to stm32f10x_rcc.o(i.RCC_GetClocksFreq) for RCC_GetClocksFreq
    stm32f10x_pwr.o(i.PWR_DeInit) refers to stm32f10x_rcc.o(i.RCC_APB1PeriphResetCmd) for RCC_APB1PeriphResetCmd
[...]
    0x080021c4   0x00000038   Code   RO         5374    i.GUI_RectsIntersect  STemWin522_CM3_Keil.lib(gui_rectsintersect.o)
    0x080021fc   0x00000010   Code   RO         5376    i.GUI_RestoreContext  STemWin522_CM3_Keil.lib(gui_savecontext.o)
    0x0800220c   0x0000000a   Code   RO         5013    i.GUI_SPRITE_SetPosition  STemWin522_CM3_Keil.lib(gui_sprite.o)
    0x08002216   0x00000002   PAD
    0x08002218   0x00000010   Code   RO         5377    i.GUI_SaveContext_W  STemWin522_CM3_Keil.lib(gui_savecontext.o)
    0x08002228   0x00000012   Code   RO         5380    i.GUI_SelectLCD     STemWin522_CM3_Keil.lib(gui_selectlcd.o)
    0x0800223a   0x00000002   PAD
    0x0800223c   0x00000024   Code   RO         4986    i.GUI_SelectLayer   STemWin522_CM3_Keil.lib(gui_selectlayer.o)
    0x08002260   0x00000004   Code   RO         4427    i.GUI_SetBkColor    STemWin522_CM3_Keil.lib(gui_setcolor.o)
    0x08002264   0x00000004   Code   RO         5000    i.GUI_SetClipRect   STemWin522_CM3_Keil.lib(gui_setcliprect.o)
    0x08002268   0x00000004   Code   RO         4428    i.GUI_SetColor      STemWin522_CM3_Keil.lib(gui_setcolor.o)
    0x0800226c   0x0000000c   Code   RO         4323    i.GUI_SetDefaultFont  STemWin522_CM3_Keil.lib(gui_core.o)
    0x08002278   0x00000004   Code   RO         5386    i.GUI_SetDrawMode   STemWin522_CM3_Keil.lib(gui_setdrawmode.o)
    0x0800227c   0x00000014   Code   RO         4431    i.GUI_SetFont       STemWin522_CM3_Keil.lib(gui_setfont.o)
    0x08002290   0x00000004   Code   RO         4988    i.GUI_SetLayerPosEx  STemWin522_CM3_Keil.lib(gui_selectlayer.o)
    0x08002294   0x00000010   Code   RO         5641    i.GUI_SetLineStyle  STemWin522_CM3_Keil.lib(gui_setlinestyle.o)
    0x080022a4   0x00000038   Code   RO         5002    i.GUI_SetOrg        STemWin522_CM3_Keil.lib(gui_setorg.o)
    0x080022dc   0x00000010   Code   RO         5568    i.GUI_SetPenSize    STemWin522_CM3_Keil.lib(gui_pen.o)
    0x080022ec   0x00000014   Code   RO         5643    i.GUI_SetTextAlign  STemWin522_CM3_Keil.lib(gui_settextalign.o)
    0x08002300   0x00000014   Code   RO         5645    i.GUI_SetTextMode   STemWin522_CM3_Keil.lib(gui_settextmode.o)
    0x08002314   0x00000010   Code   RO         5396    i.GUI_SignalEvent   STemWin522_CM3_Keil.lib(gui_waitevent.o)
    0x08002324   0x00000010   Code   RO         5359    i.GUI_StoreKey      STemWin522_CM3_Keil.lib(gui_onkey.o)
    0x08002334   0x0000001c   Code   RO         5648    i.GUI_TIMER_Delete  STemWin522_CM3_Keil.lib(gui_timer.o)
    0x08002350   0x00000026   Code   RO         5650    i.GUI_TIMER_GetFlag  STemWin522_CM3_Keil.lib(gui_timer.o)
    0x08002376   0x00000002   PAD
    0x08002378   0x00000028   Code   RO         5656    i.GUI_TIMER__GetFirstTimer  STemWin522_CM3_Keil.lib(gui_timer.o)
    0x080023a0   0x00000036   Code   RO         5658    i.GUI_TIMER__GetNextTimerLin  STemWin522_CM3_Keil.lib(gui_timer.o)
    0x080023d6   0x00000002   PAD
    0x080023d8   0x000000b0   Code   RO         4442    i.GUI_TOUCH_Calibrate  STemWin522_CM3_Keil.lib(gui_touch_driveranalog.o)
    0x08002488   0x0000015c   Code   RO         4443    i.GUI_TOUCH_Exec    STemWin522_CM3_Keil.lib(gui_touch_driveranalog.o)
    0x080025e4   0x0000000c   Code   RO         4448    i.GUI_TOUCH_SetOrientation  STemWin522_CM3_Keil.lib(gui_touch_driveranalog.o)
    0x080025f0   0x00000024   Code   RO         5389    i.GUI_TOUCH_StoreState  STemWin522_CM3_Keil.lib(gui_touch_storestate.o)
    0x08002614   0x00000028   Code   RO         4438    i.GUI_TOUCH_StoreStateEx  STemWin522_CM3_Keil.lib(gui_touch.o)
    0x0800263c   0x00000030   Code   RO         5090    i.GUI_TOUCH_StoreUnstable  STemWin522_CM3_Keil.lib(gui_touch_storeunstable.o)
    0x0800266c   0x00000002   Code   RO         4174    i.GUI_TOUCH_X_ActivateX  gui_x_touch_analog.o
    0x0800266e   0x00000002   Code   RO         4175    i.GUI_TOUCH_X_ActivateY  gui_x_touch_analog.o
    0x08002670   0x00000006   Code   RO         4176    i.GUI_TOUCH_X_MeasureX  gui_x_touch_analog.o
    0x08002676   0x00000006   Code   RO         4177    i.GUI_TOUCH_X_MeasureY  gui_x_touch_analog.o
    0x0800267c   0x0000002c   Code   RO         5098    i.GUI_UC__GetCharCodeInc  STemWin522_CM3_Keil.lib(gui_uc.o)
    0x080026a8   0x00000028   Code   RO         5100    i.GUI_UC__NumChars2NumBytes  STemWin522_CM3_Keil.lib(gui_uc.o)
    0x080026d0   0x00000028   Code   RO         5470    i.GUI_USAGE_AddRect  STemWin522_CM3_Keil.lib(guidev_usage.o)
    0x080026f8   0x00000074   Code   RO         5754    i.GUI_USAGE_BM_AddHLine  STemWin522_CM3_Keil.lib(guidev_usagebm.o)
    0x0800276c   0x0000002c   Code   RO         5755    i.GUI_USAGE_BM_AddPixel  STemWin522_CM3_Keil.lib(guidev_usagebm.o)
    0x08002798   0x0000000e   Code   RO         5756    i.GUI_USAGE_BM_Clear  STemWin522_CM3_Keil.lib(guidev_usagebm.o)
    0x080027a6   0x00000002   PAD
    0x080027a8   0x00000054   Code   RO         5757    i.GUI_USAGE_BM_Create  STemWin522_CM3_Keil.lib(guidev_usagebm.o)
    0x080027fc   0x000000be   Code   RO         5758    i.GUI_USAGE_BM_GetNextDirty  STemWin522_CM3_Keil.lib(guidev_usagebm.o)
    0x080028ba   0x00000024   Code   RO         5471    i.GUI_USAGE_DecUseCnt  STemWin522_CM3_Keil.lib(guidev_usage.o)
    0x080028de   0x00000024   Code   RO         4410    i.GUI_WrapGetNumLines  STemWin522_CM3_Keil.lib(gui_dispstringinrectwrap.o)
    0x08002902   0x00000002   PAD
    0x08002904   0x00000024   Code   RO         4068    i.GUI_X_Config      guiconf.o
    0x08002928   0x00000014   Code   RO         4123    i.GUI_X_Delay       gui_x.o
    0x0800293c   0x00000002   Code   RO         4125    i.GUI_X_ExecIdle    gui_x.o
    0x0800293e   0x00000002   PAD
    0x08002940   0x0000000c   Code   RO         4126    i.GUI_X_GetTime     gui_x.o
    0x0800294c   0x00000002   Code   RO         4127    i.GUI_X_Init        gui_x.o
    0x0800294e   0x00000016   Code   RO         5541    i.GUI__AllocAlphaBuffer  STemWin522_CM3_Keil.lib(gui__alpha.o)
    0x08002964   0x00000024   Code   RO         5574    i.GUI__AlphaSuppressMixing  STemWin522_CM3_Keil.lib(gui_setalpha.o)
    0x08002988   0x00000128   Code   RO         5322    i.GUI__CompactPixelIndices  STemWin522_CM3_Keil.lib(gui__compactpixelindices.o)
    0x08002ab0   0x00000174   Code   RO         5323    i.GUI__CompactPixelIndicesEx  STemWin522_CM3_Keil.lib(gui__compactpixelindices.o)
    0x08002c24   0x00000034   Code   RO         4325    i.GUI__Config       STemWin522_CM3_Keil.lib(gui_core.o)
    0x08002c58   0x000000b0   Code   RO         4921    i.GUI__DispLine     STemWin522_CM3_Keil.lib(gui_charline.o)
    0x08002d08   0x000001bc   Code   RO         5542    i.GUI__DoAlphaBlending  STemWin522_CM3_Keil.lib(gui__alpha.o)
    0x08002ec4   0x00000140   Code   RO         5817    i.GUI__ExpandPixelIndicesEx  STemWin522_CM3_Keil.lib(gui__expandpixelindices.o)
    0x08003004   0x00000090   Code   RO         5543    i.GUI__GetAlphaBuffer  STemWin522_CM3_Keil.lib(gui__alpha.o)
    0x08003094   0x00000054   Code   RO         4922    i.GUI__GetLineDistX  STemWin522_CM3_Keil.lib(gui_charline.o)
    0x080030e8   0x00000038   Code   RO         4923    i.GUI__GetLineNumChars  STemWin522_CM3_Keil.lib(gui_charline.o)
    0x08003120   0x0000001c   Code   RO         5562    i.GUI__GetOrg       STemWin522_CM3_Keil.lib(gui_getorg.o)
    0x0800313c   0x00000018   Code   RO         4924    i.GUI__GetOverlap   STemWin522_CM3_Keil.lib(gui_charline.o)
    0x08003154   0x0000003a   Code   RO         5326    i.GUI__IntersectRect  STemWin522_CM3_Keil.lib(gui__intersectrect.o)
    0x0800318e   0x00000052   Code   RO         5328    i.GUI__IntersectRects  STemWin522_CM3_Keil.lib(gui__intersectrects.o)
    0x080031e0   0x00000010   Code   RO         5330    i.GUI__ManageCache  STemWin522_CM3_Keil.lib(gui__managecache.o)
    0x080031f0   0x000000ac   Code   RO         5331    i.GUI__ManageCacheEx  STemWin522_CM3_Keil.lib(gui__managecache.o)
    0x0800329c   0x00000060   Code   RO         5544    i.GUI__MixColors    STemWin522_CM3_Keil.lib(gui__alpha.o)
    0x080032fc   0x0000004e   Code   RO         5545    i.GUI__MixColorsBulk  STemWin522_CM3_Keil.lib(gui__alpha.o)
    0x0800334a   0x00000002   PAD
    0x0800334c   0x00000010   Code   RO         4326    i.GUI__RegisterExit  STemWin522_CM3_Keil.lib(gui_core.o)
    0x0800335c   0x00000014   Code   RO         4887    i.GUI__WrapGetNumBytesToNextLine  STemWin522_CM3_Keil.lib(gui__wrap.o)
    0x08003370   0x00000006   Code   RO         4888    i.GUI__WrapGetNumCharsDisp  STemWin522_CM3_Keil.lib(gui__wrap.o)
    0x08003376   0x0000005c   Code   RO         4889    i.GUI__WrapGetNumCharsToNextLine  STemWin522_CM3_Keil.lib(gui__wrap.o)
    0x080033d2   0x00000002   PAD
    0x080033d4   0x0000004c   Code   RO         4883    i.GUI__memset       STemWin522_CM3_Keil.lib(gui__memset.o)
    0x08003420   0x0000003a   Code   RO         4885    i.GUI__memset16     STemWin522_CM3_Keil.lib(gui__memset16.o)
    0x0800345a   0x00000002   PAD
    0x0800345c   0x0000001c   Code   RO         3174    i.HardFault_Handler  stm32f10x_it.o
    0x08003478   0x00000026   Code   RO         3268    i.LCD9341_Clear     bsp_ili9341_lcd.o
    0x0800349e   0x00000018   Code   RO         3274    i.LCD9341_SetCursor  bsp_ili9341_lcd.o
    0x080034b6   0x00000002   PAD
    0x080034b8   0x00000010   Code   RO         5825    i.LCD_AA_SetAndMask  STemWin522_CM3_Keil.lib(lcd_aa.o)
    0x080034c8   0x0000001c   Code   RO         5121    i.LCD_Color2Index   STemWin522_CM3_Keil.lib(lcd.o)
    0x080034e4   0x000000c4   Code   RO         3278    i.LCD_CtrlLinesConfig  bsp_ili9341_lcd.o
    0x080035a8   0x00000208   Code   RO         5122    i.LCD_DrawBitmap    STemWin522_CM3_Keil.lib(lcd.o)
    0x080037b0   0x00000058   Code   RO         5123    i.LCD_DrawHLine     STemWin522_CM3_Keil.lib(lcd.o)
    0x08003808   0x00000068   Code   RO         5124    i.LCD_DrawPixel     STemWin522_CM3_Keil.lib(lcd.o)
    0x08003870   0x00000050   Code   RO         3279    i.LCD_FSMCConfig    bsp_ili9341_lcd.o
    0x080038c0   0x00000058   Code   RO         5126    i.LCD_FillRect      STemWin522_CM3_Keil.lib(lcd.o)
    0x08003918   0x00000006   Code   RO         4484    i.LCD_GetBitsPerPixelEx  STemWin522_CM3_Keil.lib(lcd_getex.o)
    0x0800391e   0x00000002   PAD
    0x08003920   0x00000010   Code   RO         5693    i.LCD_GetBkColorIndex  STemWin522_CM3_Keil.lib(lcd_getcolorindex.o)
    0x08003930   0x00000010   Code   RO         5694    i.LCD_GetColorIndex  STemWin522_CM3_Keil.lib(lcd_getcolorindex.o)
    0x08003940   0x00000006   Code   RO         4488    i.LCD_GetMirrorXEx  STemWin522_CM3_Keil.lib(lcd_getex.o)
    0x08003946   0x00000006   Code   RO         4490    i.LCD_GetMirrorYEx  STemWin522_CM3_Keil.lib(lcd_getex.o)
    0x0800394c   0x00000010   Code   RO         4491    i.LCD_GetNumColors  STemWin522_CM3_Keil.lib(lcd_getex.o)
    0x0800395c   0x00000006   Code   RO         4492    i.LCD_GetNumColorsEx  STemWin522_CM3_Keil.lib(lcd_getex.o)
    0x08003962   0x0000001a   Code   RO         5417    i.LCD_GetNumLayers  STemWin522_CM3_Keil.lib(lcd_getnumdisplays.o)
    0x0800397c   0x00000010   Code   RO         4493    i.LCD_GetPalette    STemWin522_CM3_Keil.lib(lcd_getex.o)
    0x0800398c   0x00000018   Code   RO         4494    i.LCD_GetPaletteEx  STemWin522_CM3_Keil.lib(lcd_getex.o)
    0x080039a4   0x0000002c   Code   RO         4559    i.LCD_GetPosEx      STemWin522_CM3_Keil.lib(lcd_set.o)
    0x080039d0   0x00000006   Code   RO         4496    i.LCD_GetSwapXYEx   STemWin522_CM3_Keil.lib(lcd_getex.o)
    0x080039d6   0x00000006   Code   RO         4498    i.LCD_GetVXSizeEx   STemWin522_CM3_Keil.lib(lcd_getex.o)
    0x080039dc   0x00000006   Code   RO         4499    i.LCD_GetVXSizeMax  STemWin522_CM3_Keil.lib(lcd_getex.o)
    0x080039e2   0x00000006   Code   RO         4501    i.LCD_GetVYSizeEx   STemWin522_CM3_Keil.lib(lcd_getex.o)
    0x080039e8   0x00000010   Code   RO         4505    i.LCD_GetXSize      STemWin522_CM3_Keil.lib(lcd_getex.o)
    0x080039f8   0x00000006   Code   RO         4506    i.LCD_GetXSizeEx    STemWin522_CM3_Keil.lib(lcd_getex.o)
    0x080039fe   0x00000002   PAD
    0x08003a00   0x00000010   Code   RO         4510    i.LCD_GetYSize      STemWin522_CM3_Keil.lib(lcd_getex.o)
    0x08003a10   0x00000006   Code   RO         4511    i.LCD_GetYSizeEx    STemWin522_CM3_Keil.lib(lcd_getex.o)
    0x08003a16   0x00000004   Code   RO         5160    i.LCD_GetpPalConvTableBM  STemWin522_CM3_Keil.lib(lcd_color.o)
    0x08003a1a   0x00000002   PAD
    0x08003a1c   0x00000048   Code   RO         5161    i.LCD_GetpPalConvTableUncached  STemWin522_CM3_Keil.lib(lcd_color.o)
    0x08003a64   0x0000001c   Code   RO         5127    i.LCD_Index2Color   STemWin522_CM3_Keil.lib(lcd.o)
    0x08003a80   0x0000002c   Code   RO         5119    i.LCD_Index2Color_565  STemWin522_CM3_Keil.lib(guicc_565_index2color.o)
    0x08003aac   0x00000002   Code   RO         5822    i.LCD_Index2Color_888  STemWin522_CM3_Keil.lib(guicc_888_index2color.o)
    0x08003aae   0x00000002   Code   RO         5820    i.LCD_Index2Color_8888  STemWin522_CM3_Keil.lib(guicc_8888_index2color.o)
    0x08003ab0   0x00000034   Code   RO         5162    i.LCD_InitColors    STemWin522_CM3_Keil.lib(lcd_color.o)
    0x08003ae4   0x00000070   Code   RO         5163    i.LCD_InitLUT       STemWin522_CM3_Keil.lib(lcd_color.o)
    0x08003b54   0x00000198   Code   RO         5838    i.LCD_ReadRectEx    STemWin522_CM3_Keil.lib(lcd_readrect.o)
    0x08003cec   0x00000030   Code   RO         3281    i.LCD_Reset         bsp_ili9341_lcd.o
    0x08003d1c   0x00000044   Code   RO         5697    i.LCD_SelectLCD     STemWin522_CM3_Keil.lib(lcd_selectlcd.o)
    0x08003d60   0x0000000c   Code   RO         5128    i.LCD_SetBkColor    STemWin522_CM3_Keil.lib(lcd.o)
    0x08003d6c   0x00000018   Code   RO         5129    i.LCD_SetBkColorIndex  STemWin522_CM3_Keil.lib(lcd.o)
    0x08003d84   0x00000030   Code   RO         5420    i.LCD_SetClipRectEx  STemWin522_CM3_Keil.lib(lcd_setcliprectex.o)
    0x08003db4   0x0000001c   Code   RO         5130    i.LCD_SetClipRectMax  STemWin522_CM3_Keil.lib(lcd.o)
    0x08003dd0   0x0000000c   Code   RO         5131    i.LCD_SetColor      STemWin522_CM3_Keil.lib(lcd.o)
    0x08003ddc   0x00000018   Code   RO         5132    i.LCD_SetColorIndex  STemWin522_CM3_Keil.lib(lcd.o)
    0x08003df4   0x0000000c   Code   RO         5133    i.LCD_SetDrawMode   STemWin522_CM3_Keil.lib(lcd.o)
    0x08003e00   0x0000002c   Code   RO         4572    i.LCD_SetLUTEntryEx  STemWin522_CM3_Keil.lib(lcd_set.o)
    0x08003e2c   0x0000002c   Code   RO         4574    i.LCD_SetPosEx      STemWin522_CM3_Keil.lib(lcd_set.o)
    0x08003e58   0x0000002c   Code   RO         4576    i.LCD_SetSizeEx     STemWin522_CM3_Keil.lib(lcd_set.o)
    0x08003e84   0x0000002c   Code   RO         4580    i.LCD_SetVSizeEx    STemWin522_CM3_Keil.lib(lcd_set.o)
    0x08003eb0   0x00000024   Code   RO         5699    i.LCD_UpdateColorIndices  STemWin522_CM3_Keil.lib(lcd_updatecolorindices.o)
    0x08003ed4   0x0000000c   Code   RO         3285    i.LCD_WriteRAM      bsp_ili9341_lcd.o
    0x08003ee0   0x0000000a   Code   RO         3286    i.LCD_WriteRAM_Prepare  bsp_ili9341_lcd.o
    0x08003eea   0x00000002   PAD
    0x08003eec   0x00000010   Code   RO         3287    i.LCD_WriteReg      bsp_ili9341_lcd.o
    0x08003efc   0x000000d0   Code   RO         4081    i.LCD_X_Config      lcdconf_flexcolor_template.o
    0x08003fcc   0x00000014   Code   RO         4082    i.LCD_X_DisplayDriver  lcdconf_flexcolor_template.o
    0x08003fe0   0x000001b4   Code   RO         5134    i.LCD__DrawBitmap_1bpp  STemWin522_CM3_Keil.lib(lcd.o)
    0x08004194   0x0000005c   Code   RO         4515    i.LCD__GetBPP       STemWin522_CM3_Keil.lib(lcd_getex.o)
    0x080041f0   0x00000032   Code   RO         4516    i.LCD__GetBPPDevice  STemWin522_CM3_Keil.lib(lcd_getex.o)
    0x08004222   0x00000002   PAD
    0x08004224   0x00000050   Code   RO         3248    i.LED_GPIO_Config   bsp_led.o
    0x08004274   0x0000003c   Code   RO         3249    i.LED_Toggle        bsp_led.o
    0x080042b0   0x00000014   Code   RO         4083    i.LcdReadDataMultiple  lcdconf_flexcolor_template.o
    0x080042c4   0x0000000c   Code   RO         4084    i.LcdWriteData      lcdconf_flexcolor_template.o
    0x080042d0   0x00000014   Code   RO         4085    i.LcdWriteDataMultiple  lcdconf_flexcolor_template.o
    0x080042e4   0x00000008   Code   RO         4086    i.LcdWriteReg       lcdconf_flexcolor_template.o
    0x080042ec   0x00000002   Code   RO         3175    i.MemManage_Handler  stm32f10x_it.o
    0x080042ee   0x00000002   Code   RO         3176    i.NMI_Handler       stm32f10x_it.o
    0x080042f0   0x00000064   Code   RO           89    i.NVIC_Init         misc.o
    0x08004354   0x00000014   Code   RO           90    i.NVIC_PriorityGroupConfig  misc.o
    0x08004368   0x00000002   Code   RO         3177    i.PendSV_Handler    stm32f10x_it.o
    0x0800436a   0x00000002   PAD
    0x0800436c   0x0000001c   Code   RO         1695    i.RCC_AHBPeriphClockCmd  stm32f10x_rcc.o
    0x08004388   0x0000001c   Code   RO         1698    i.RCC_APB2PeriphClockCmd  stm32f10x_rcc.o
    0x080043a4   0x000000ac   Code   RO         1706    i.RCC_GetClocksFreq  stm32f10x_rcc.o
    0x08004450   0x000000e0   Code   RO         3548    i.SDEnWideBus       bsp_sdio_sdcard.o
    0x08004530   0x0000000c   Code   RO         1988    i.SDIO_ClearFlag    stm32f10x_sdio.o
    0x0800453c   0x0000000c   Code   RO         1989    i.SDIO_ClearITPendingBit  stm32f10x_sdio.o
    0x08004548   0x0000000c   Code   RO         1990    i.SDIO_ClockCmd     stm32f10x_sdio.o
    0x08004554   0x0000000c   Code   RO         1993    i.SDIO_DMACmd       stm32f10x_sdio.o
    0x08004560   0x0000002c   Code   RO         1994    i.SDIO_DataConfig   stm32f10x_sdio.o
    0x0800458c   0x00000024   Code   RO         1996    i.SDIO_DeInit       stm32f10x_sdio.o
    0x080045b0   0x0000000c   Code   RO         1997    i.SDIO_GetCommandResponse  stm32f10x_sdio.o
    0x080045bc   0x00000014   Code   RO         2000    i.SDIO_GetFlagStatus  stm32f10x_sdio.o
    0x080045d0   0x00000014   Code   RO         2001    i.SDIO_GetITStatus  stm32f10x_sdio.o
    0x080045e4   0x00000010   Code   RO         2002    i.SDIO_GetPowerState  stm32f10x_sdio.o
    0x080045f4   0x00000014   Code   RO         2003    i.SDIO_GetResponse  stm32f10x_sdio.o
    0x08004608   0x00000004   Code   RO         3178    i.SDIO_IRQHandler   stm32f10x_it.o
    0x0800460c   0x0000001c   Code   RO         2004    i.SDIO_ITConfig     stm32f10x_sdio.o
    0x08004628   0x0000002c   Code   RO         2005    i.SDIO_Init         stm32f10x_sdio.o
    0x08004654   0x0000000c   Code   RO         2006    i.SDIO_ReadData     stm32f10x_sdio.o
    0x08004660   0x00000028   Code   RO         2008    i.SDIO_SendCommand  stm32f10x_sdio.o
    0x08004688   0x00000018   Code   RO         2010    i.SDIO_SetPowerState  stm32f10x_sdio.o
    0x080046a0   0x0000000c   Code   RO         3551    i.SD_Detect         bsp_sdio_sdcard.o
    0x080046ac   0x00000088   Code   RO         3552    i.SD_EnableWideBusOperation  bsp_sdio_sdcard.o
    0x08004734   0x0000029c   Code   RO         3554    i.SD_GetCardInfo    bsp_sdio_sdcard.o
    0x080049d0   0x00000026   Code   RO         3556    i.SD_GetState       bsp_sdio_sdcard.o
    0x080049f6   0x0000001a   Code   RO         3557    i.SD_GetStatus      bsp_sdio_sdcard.o
    0x08004a10   0x00000084   Code   RO         3559    i.SD_Init           bsp_sdio_sdcard.o
    0x08004a94   0x00000118   Code   RO         3560    i.SD_InitializeCards  bsp_sdio_sdcard.o
    0x08004bac   0x00000038   Code   RO         3561    i.SD_Interrupt_Config  bsp_sdio_sdcard.o
    0x08004be4   0x00000068   Code   RO         3562    i.SD_LowLevel_DMA_RxConfig  bsp_sdio_sdcard.o
    0x08004c4c   0x00000068   Code   RO         3563    i.SD_LowLevel_DMA_TxConfig  bsp_sdio_sdcard.o
    0x08004cb4   0x00000068   Code   RO         3565    i.SD_LowLevel_Init  bsp_sdio_sdcard.o
    0x08004d1c   0x00000184   Code   RO         3567    i.SD_PowerON        bsp_sdio_sdcard.o
    0x08004ea0   0x00000028   Code   RO         3568    i.SD_ProcessDMAIRQ  bsp_sdio_sdcard.o
    0x08004ec8   0x00000098   Code   RO         3569    i.SD_ProcessIRQSrc  bsp_sdio_sdcard.o
    0x08004f60   0x000000c0   Code   RO         3570    i.SD_ReadBlock      bsp_sdio_sdcard.o
    0x08005020   0x000000d0   Code   RO         3571    i.SD_ReadMultiBlocks  bsp_sdio_sdcard.o
    0x080050f0   0x0000002c   Code   RO         3572    i.SD_SelectDeselect  bsp_sdio_sdcard.o
    0x0800511c   0x00000050   Code   RO         3574    i.SD_SendStatus     bsp_sdio_sdcard.o
    0x0800516c   0x00000028   Code   RO         3575    i.SD_StopTransfer   bsp_sdio_sdcard.o
    0x08005194   0x00000064   Code   RO         3576    i.SD_WaitReadOperation  bsp_sdio_sdcard.o
    0x080051f8   0x00000064   Code   RO         3577    i.SD_WaitWriteOperation  bsp_sdio_sdcard.o
    0x0800525c   0x000000bc   Code   RO         3578    i.SD_WriteBlock     bsp_sdio_sdcard.o
    0x08005318   0x00000124   Code   RO         3579    i.SD_WriteMultiBlocks  bsp_sdio_sdcard.o
    0x0800543c   0x00000002   Code   RO         3179    i.SVC_Handler       stm32f10x_it.o
    0x0800543e   0x00000004   Code   RO           24    i.SetSysClock       system_stm32f10x.o
    0x08005442   0x00000002   PAD
    0x08005444   0x000000b0   Code   RO           25    i.SetSysClockTo72   system_stm32f10x.o
    0x080054f4   0x00000030   Code   RO         3180    i.SysTick_Handler   stm32f10x_it.o
    0x08005524   0x00000044   Code   RO         3487    i.SysTick_Init      bsp_systick.o
    0x08005568   0x00000050   Code   RO           27    i.SystemInit        system_stm32f10x.o
    0x080055b8   0x00000004   Code   RO         3408    i.Touch_Init        bsp_touch.o
    0x080055bc   0x0000007c   Code   RO         3516    i.USART1_Config     bsp_usart1.o
    0x08005638   0x00000018   Code   RO         2875    i.USART_Cmd         stm32f10x_usart.o
    0x08005650   0x0000000e   Code   RO         2878    i.USART_GetFlagStatus  stm32f10x_usart.o
    0x0800565e   0x00000002   PAD
    0x08005660   0x000000bc   Code   RO         2882    i.USART_Init        stm32f10x_usart.o
    0x0800571c   0x00000008   Code   RO         2892    i.USART_SendData    stm32f10x_usart.o
    0x08005724   0x00000002   Code   RO         3181    i.UsageFault_Handler  stm32f10x_it.o
    0x08005726   0x00000002   PAD
    0x08005728   0x00000010   Code   RO         5207    i.WM_Activate       STemWin522_CM3_Keil.lib(wm.o)
    0x08005738   0x0000007e   Code   RO         5488    i.WM_BringToBottom  STemWin522_CM3_Keil.lib(wm_bringtobottom.o)
    0x080057b6   0x00000002   PAD
    0x080057b8   0x0000014c   Code   RO         5209    i.WM_CreateWindowAsChild  STemWin522_CM3_Keil.lib(wm.o)
    0x08005904   0x00000014   Code   RO         5210    i.WM_Deactivate     STemWin522_CM3_Keil.lib(wm.o)
    0x08005918   0x00000046   Code   RO         5211    i.WM_DefaultProc    STemWin522_CM3_Keil.lib(wm.o)
    0x0800595e   0x00000020   Code   RO         5511    i.WM_DeleteTimer    STemWin522_CM3_Keil.lib(wm_timer.o)
    0x0800597e   0x00000002   PAD
    0x08005980   0x000000c8   Code   RO         5212    i.WM_DeleteWindow   STemWin522_CM3_Keil.lib(wm.o)
    0x08005a48   0x00000070   Code   RO         5213    i.WM_Exec           STemWin522_CM3_Keil.lib(wm.o)
    0x08005ab8   0x00000018   Code   RO         5320    i.WM_GetDesktopWindow  STemWin522_CM3_Keil.lib(wm_getdesktopwindow.o)
    0x08005ad0   0x00000014   Code   RO         5849    i.WM_GetDesktopWindowEx  STemWin522_CM3_Keil.lib(wm_getdesktopwindowex.o)
    0x08005ae4   0x0000000e   Code   RO         5500    i.WM_GetFirstChild  STemWin522_CM3_Keil.lib(wm_getfirstchild.o)
    0x08005af2   0x0000000e   Code   RO         5783    i.WM_GetParent      STemWin522_CM3_Keil.lib(wm_getparent.o)
    0x08005b00   0x00000364   Code   RO         5522    i.WM_HandlePID      STemWin522_CM3_Keil.lib(wm_touch.o)
    0x08005e64   0x000000d4   Code   RO         5215    i.WM_Init           STemWin522_CM3_Keil.lib(wm.o)
    0x08005f38   0x00000076   Code   RO         5216    i.WM_InvalidateRect  STemWin522_CM3_Keil.lib(wm.o)
    0x08005fae   0x00000006   Code   RO         5217    i.WM_InvalidateWindow  STemWin522_CM3_Keil.lib(wm.o)
    0x08005fb4   0x0000005e   Code   RO         5218    i.WM_InvalidateWindowAndDescsEx  STemWin522_CM3_Keil.lib(wm.o)
    0x08006012   0x00000004   Code   RO         5789    i.WM_IsWindow       STemWin522_CM3_Keil.lib(wm_iswindow.o)
    0x08006016   0x00000004   Code   RO         5862    i.WM_MoveWindow     STemWin522_CM3_Keil.lib(wm_move.o)
    0x0800601a   0x00000010   Code   RO         5502    i.WM_NotifyParent   STemWin522_CM3_Keil.lib(wm_notifyparent.o)
    0x0800602a   0x00000002   PAD
    0x0800602c   0x00000038   Code   RO         5791    i.WM_OnKey          STemWin522_CM3_Keil.lib(wm_onkey.o)
    0x08006064   0x0000001c   Code   RO         5794    i.WM_PID__SetPrevState  STemWin522_CM3_Keil.lib(wm_pid__getprevstate.o)
    0x08006080   0x00000004   Code   RO         5808    i.WM_ReleaseCapture  STemWin522_CM3_Keil.lib(wm_setcapture.o)
    0x08006084   0x000000ee   Code   RO         5851    i.WM_ResizeWindow   STemWin522_CM3_Keil.lib(wm_resizewindow.o)
    0x08006172   0x0000000a   Code   RO         5798    i.WM_Screen2hWin    STemWin522_CM3_Keil.lib(wm_screen2win.o)
    0x0800617c   0x0000003c   Code   RO         5219    i.WM_SelectWindow   STemWin522_CM3_Keil.lib(wm.o)
    0x080061b8   0x00000004   Code   RO         5504    i.WM_SendMessageNoPara  STemWin522_CM3_Keil.lib(wm_sendmessagenopara.o)
    0x080061bc   0x0000001e   Code   RO         5506    i.WM_SendToParent   STemWin522_CM3_Keil.lib(wm_sendtoparent.o)
    0x080061da   0x00000002   PAD
    0x080061dc   0x00000014   Code   RO         5221    i.WM_SetDefault     STemWin522_CM3_Keil.lib(wm.o)
    0x080061f0   0x0000003e   Code   RO         5814    i.WM_SetSize        STemWin522_CM3_Keil.lib(wm_setsize.o)
    0x0800622e   0x00000002   PAD
    0x08006230   0x00000018   Code   RO         5508    i.WM_SetUserClipRect  STemWin522_CM3_Keil.lib(wm_setusercliprect.o)
    0x08006248   0x00000048   Code   RO         5222    i.WM__ActivateClipRect  STemWin522_CM3_Keil.lib(wm.o)
    0x08006290   0x00000010   Code   RO         5490    i.WM__AddCriticalHandle  STemWin522_CM3_Keil.lib(wm_criticalhandle.o)
    0x080062a0   0x00000010   Code   RO         5223    i.WM__Client2Screen  STemWin522_CM3_Keil.lib(wm.o)
    0x080062b0   0x0000004e   Code   RO         5224    i.WM__ClipAtParentBorders  STemWin522_CM3_Keil.lib(wm.o)
    0x080062fe   0x0000004a   Code   RO         5514    i.WM__DeleteAssocTimer  STemWin522_CM3_Keil.lib(wm_timer.o)
    0x08006348   0x00000028   Code   RO         5226    i.WM__DetachWindow  STemWin522_CM3_Keil.lib(wm.o)
    0x08006370   0x00000020   Code   RO         5496    i.WM__GetClientRectEx  STemWin522_CM3_Keil.lib(wm_getclientrect.o)
    0x08006390   0x00000018   Code   RO         5227    i.WM__GetClientRectWin  STemWin522_CM3_Keil.lib(wm.o)
    0x080063a8   0x00000012   Code   RO         5847    i.WM__GetFirstSibling  STemWin522_CM3_Keil.lib(wm__getfirstsibling.o)
    0x080063ba   0x00000002   PAD
    0x080063bc   0x00000040   Code   RO         5228    i.WM__GetNextIVR    STemWin522_CM3_Keil.lib(wm.o)
    0x080063fc   0x00000024   Code   RO         5771    i.WM__GetPrevSibling  STemWin522_CM3_Keil.lib(wm__getprevsibling.o)
    0x08006420   0x00000018   Code   RO         5229    i.WM__GetTopLevelLayer  STemWin522_CM3_Keil.lib(wm.o)
    0x08006438   0x000000f0   Code   RO         5230    i.WM__InitIVRSearch  STemWin522_CM3_Keil.lib(wm.o)
    0x08006528   0x000000a4   Code   RO         5231    i.WM__InsertWindowIntoList  STemWin522_CM3_Keil.lib(wm.o)
    0x080065cc   0x00000006   Code   RO         5232    i.WM__Invalidate1Abs  STemWin522_CM3_Keil.lib(wm.o)
    0x080065d2   0x00000046   Code   RO         5233    i.WM__InvalidateDrawAndDescs  STemWin522_CM3_Keil.lib(wm.o)
    0x08006618   0x0000002a   Code   RO         5234    i.WM__InvalidateParent  STemWin522_CM3_Keil.lib(wm.o)
    0x08006642   0x00000076   Code   RO         5235    i.WM__InvalidateRect  STemWin522_CM3_Keil.lib(wm.o)
    0x080066b8   0x00000006   Code   RO         5236    i.WM__InvalidateRectEx  STemWin522_CM3_Keil.lib(wm.o)
    0x080066be   0x00000002   PAD
    0x080066c0   0x00000022   Code   RO         5773    i.WM__IsAncestor    STemWin522_CM3_Keil.lib(wm__isancestor.o)
    0x080066e2   0x00000016   Code   RO         5777    i.WM__IsEnabled     STemWin522_CM3_Keil.lib(wm__isenabled.o)
    0x080066f8   0x00000048   Code   RO         5523    i.WM__IsInModalArea  STemWin522_CM3_Keil.lib(wm_touch.o)
    0x08006740   0x00000030   Code   RO         5800    i.WM__IsInWindow    STemWin522_CM3_Keil.lib(wm_screen2win.o)
    0x08006770   0x00000024   Code   RO         5237    i.WM__IsWindow      STemWin522_CM3_Keil.lib(wm.o)
    0x08006794   0x00000098   Code   RO         5864    i.WM__MoveWindow    STemWin522_CM3_Keil.lib(wm_move.o)
    0x0800682c   0x000000a0   Code   RO         5238    i.WM__Paint         STemWin522_CM3_Keil.lib(wm.o)
    0x080068cc   0x00000090   Code   RO         5239    i.WM__Paint1        STemWin522_CM3_Keil.lib(wm.o)
    0x0800695c   0x00000078   Code   RO         5240    i.WM__PaintWinAndOverlays  STemWin522_CM3_Keil.lib(wm.o)
    0x080069d4   0x00000020   Code   RO         5241    i.WM__RectIsNZ      STemWin522_CM3_Keil.lib(wm.o)
    0x080069f4   0x0000002c   Code   RO         5810    i.WM__ReleaseCapture  STemWin522_CM3_Keil.lib(wm_setcapture.o)
    0x08006a20   0x0000002c   Code   RO         5491    i.WM__RemoveCriticalHandle  STemWin522_CM3_Keil.lib(wm_criticalhandle.o)
    0x08006a4c   0x00000030   Code   RO         5242    i.WM__RemoveFromLinList  STemWin522_CM3_Keil.lib(wm.o)
    0x08006a7c   0x00000040   Code   RO         5243    i.WM__RemoveWindowFromList  STemWin522_CM3_Keil.lib(wm.o)
    0x08006abc   0x00000014   Code   RO         5244    i.WM__SelectTopLevelLayer  STemWin522_CM3_Keil.lib(wm.o)
    0x08006ad0   0x0000003c   Code   RO         5485    i.WM__SendMessage   STemWin522_CM3_Keil.lib(wm__sendmessage.o)
    0x08006b0c   0x0000001c   Code   RO         5779    i.WM__SendMessageIfEnabled  STemWin522_CM3_Keil.lib(wm__sendmessageifenabled.o)
    0x08006b28   0x00000026   Code   RO         5781    i.WM__SendMessageNoPara  STemWin522_CM3_Keil.lib(wm__sendmessagenopara.o)
    0x08006b4e   0x0000000e   Code   RO         5245    i.WM__SendMsgNoData  STemWin522_CM3_Keil.lib(wm.o)
    0x08006b5c   0x0000003e   Code   RO         5524    i.WM__SendPIDMessage  STemWin522_CM3_Keil.lib(wm_touch.o)
    0x08006b9a   0x00000036   Code   RO         5525    i.WM__SendTouchMessage  STemWin522_CM3_Keil.lib(wm_touch.o)
    0x08006bd0   0x000000dc   Code   RO         5855    i.WM__UpdateChildPositions  STemWin522_CM3_Keil.lib(wm__updatechildpositions.o)
    0x08006cac   0x000000a0   Code   RO         3410    i.XPT2046_ReadAdc_Fliter  bsp_touch.o
    0x08006d4c   0x00000054   Code   RO         3411    i.XPT2046_ReadCMD   bsp_touch.o
    0x08006da0   0x00000064   Code   RO         3412    i.XPT2046_WriteCMD  bsp_touch.o
    0x08006e04   0x00000078   Code   RO         4271    i._AddFreeMemory    STemWin522_CM3_Keil.lib(gui_alloc.o)
    0x08006e7c   0x000000bc   Code   RO         4272    i._Alloc            STemWin522_CM3_Keil.lib(gui_alloc.o)
    0x08006f38   0x00000004   Code   RO         5109    i._CalcSizeOfChar   STemWin522_CM3_Keil.lib(gui_uc_encodenone.o)
    0x08006f3c   0x00000038   Code   RO         4240    i._Color2IndexBulk  STemWin522_CM3_Keil.lib(guicc_565.o)
    0x08006f74   0x0000000e   Code   RO         5684    i._Color2IndexBulk  STemWin522_CM3_Keil.lib(guicc_8888.o)
    0x08006f82   0x00000002   PAD
    0x08006f84   0x00000054   Code   RO         5408    i._Color2Index_0    STemWin522_CM3_Keil.lib(guicc_0.o)
    0x08006fd8   0x00000028   Code   RO         4241    i._Color2Index_565  STemWin522_CM3_Keil.lib(guicc_565.o)
    0x08007000   0x00000002   Code   RO         5685    i._Color2Index_8888  STemWin522_CM3_Keil.lib(guicc_8888.o)
    0x08007002   0x0000003e   Code   RO         5477    i._Convert16        STemWin522_CM3_Keil.lib(guidev_writetoactiveopaque.o)
    0x08007040   0x00000098   Code   RO         5018    i._CreateBuffer     STemWin522_CM3_Keil.lib(gui_sprite.o)
    0x080070d8   0x00000120   Code   RO         5457    i._CreateStaticDevice  STemWin522_CM3_Keil.lib(guidev_staticdevices.o)
    0x080071f8   0x00000014   Code   RO         4970    i._DecPointer       STemWin522_CM3_Keil.lib(gui_pid.o)
    0x0800720c   0x00000012   Code   RO         5246    i._DeleteAllChildren  STemWin522_CM3_Keil.lib(wm.o)
    0x0800721e   0x00000002   PAD
    0x08007220   0x00000020   Code   RO         5247    i._DesktopHandle2Index  STemWin522_CM3_Keil.lib(wm.o)
    0x08007240   0x00000074   Code   RO         4925    i._DispLine         STemWin522_CM3_Keil.lib(gui_charline.o)
    0x080072b4   0x0000013c   Code   RO         4722    i._DrawBitLine1BPP  STemWin522_CM3_Keil.lib(guidrv_flexcolor_16bpp_c0b16.o)
    0x080073f0   0x00000140   Code   RO         5174    i._DrawBitLine1BPP  STemWin522_CM3_Keil.lib(guidev_16.o)
    0x08007530   0x00000114   Code   RO         5701    i._DrawBitLine1BPP  STemWin522_CM3_Keil.lib(guidev_32.o)
    0x08007644   0x00000118   Code   RO         4723    i._DrawBitLine2BPP  STemWin522_CM3_Keil.lib(guidrv_flexcolor_16bpp_c0b16.o)
    0x0800775c   0x000000e0   Code   RO         5175    i._DrawBitLine2BPP  STemWin522_CM3_Keil.lib(guidev_16.o)
    0x0800783c   0x000000e0   Code   RO         5702    i._DrawBitLine2BPP  STemWin522_CM3_Keil.lib(guidev_32.o)
    0x0800791c   0x00000088   Code   RO         5703    i._DrawBitLine32BPP_DDB  STemWin522_CM3_Keil.lib(guidev_32.o)
    0x080079a4   0x00000118   Code   RO         4724    i._DrawBitLine4BPP  STemWin522_CM3_Keil.lib(guidrv_flexcolor_16bpp_c0b16.o)
    0x08007abc   0x00000158   Code   RO         5176    i._DrawBitLine4BPP  STemWin522_CM3_Keil.lib(guidev_16.o)
    0x08007c14   0x00000158   Code   RO         5704    i._DrawBitLine4BPP  STemWin522_CM3_Keil.lib(guidev_32.o)
    0x08007d6c   0x000000d4   Code   RO         4725    i._DrawBitLine8BPP  STemWin522_CM3_Keil.lib(guidrv_flexcolor_16bpp_c0b16.o)
    0x08007e40   0x00000022   Code   RO         4625    i._DrawBitmap       STemWin522_CM3_Keil.lib(guidrv_flexcolor.o)
    0x08007e62   0x00000002   PAD
    0x08007e64   0x000000f4   Code   RO         4726    i._DrawBitmap       STemWin522_CM3_Keil.lib(guidrv_flexcolor_16bpp_c0b16.o)
    0x08007f58   0x000002b0   Code   RO         5177    i._DrawBitmap       STemWin522_CM3_Keil.lib(guidev_16.o)
    0x08008208   0x00000294   Code   RO         5705    i._DrawBitmap       STemWin522_CM3_Keil.lib(guidev_32.o)
    0x0800849c   0x0000000e   Code   RO         4626    i._DrawHLine        STemWin522_CM3_Keil.lib(guidrv_flexcolor.o)
    0x080084aa   0x0000000a   Code   RO         5178    i._DrawHLine        STemWin522_CM3_Keil.lib(guidev_16.o)
    0x080084b4   0x0000000a   Code   RO         5706    i._DrawHLine        STemWin522_CM3_Keil.lib(guidev_32.o)
    0x080084be   0x00000002   PAD
    0x080084c0   0x0000005c   Code   RO         5248    i._DrawNext         STemWin522_CM3_Keil.lib(wm.o)
    0x0800851c   0x00000010   Code   RO         4627    i._DrawVLine        STemWin522_CM3_Keil.lib(guidrv_flexcolor.o)
    0x0800852c   0x000000b8   Code   RO         5179    i._DrawVLine        STemWin522_CM3_Keil.lib(guidev_16.o)
    0x080085e4   0x000000ac   Code   RO         5707    i._DrawVLine        STemWin522_CM3_Keil.lib(guidev_32.o)
    0x08008690   0x00000006   Code   RO         5110    i._Encode           STemWin522_CM3_Keil.lib(gui_uc_encodenone.o)
    0x08008696   0x00000002   PAD
    0x08008698   0x00000094   Code   RO         4273    i._EnlargeBlocks    STemWin522_CM3_Keil.lib(gui_alloc.o)
    0x0800872c   0x00000070   Code   RO         5249    i._Exec1Input       STemWin522_CM3_Keil.lib(wm.o)
    0x0800879c   0x00000010   Code   RO         4628    i._FillRect         STemWin522_CM3_Keil.lib(guidrv_flexcolor.o)
    0x080087ac   0x000000f8   Code   RO         4727    i._FillRect         STemWin522_CM3_Keil.lib(guidrv_flexcolor_16bpp_c0b16.o)
    0x080088a4   0x000000ac   Code   RO         5180    i._FillRect         STemWin522_CM3_Keil.lib(guidev_16.o)
    0x08008950   0x000000a4   Code   RO         5708    i._FillRect         STemWin522_CM3_Keil.lib(guidev_32.o)
    0x080089f4   0x00000148   Code   RO         5250    i._FindNext_IVR     STemWin522_CM3_Keil.lib(wm.o)
    0x08008b3c   0x0000007c   Code   RO         5251    i._Findx0           STemWin522_CM3_Keil.lib(wm.o)
    0x08008bb8   0x00000072   Code   RO         5252    i._Findx1           STemWin522_CM3_Keil.lib(wm.o)
    0x08008c2a   0x000000a2   Code   RO         5253    i._Findy1           STemWin522_CM3_Keil.lib(wm.o)
    0x08008ccc   0x00000074   Code   RO         5024    i._FlushBuffer      STemWin522_CM3_Keil.lib(gui_sprite.o)
    0x08008d40   0x00000004   Code   RO         5759    i._GUI_USAGE_BM_Delete  STemWin522_CM3_Keil.lib(guidev_usagebm.o)
    0x08008d44   0x0000006c   Code   RO         5025    i._GetBkPixel       STemWin522_CM3_Keil.lib(gui_sprite.o)
    0x08008db0   0x00000004   Code   RO         5111    i._GetCharCode      STemWin522_CM3_Keil.lib(gui_uc_encodenone.o)
    0x08008db4   0x00000004   Code   RO         5112    i._GetCharSize      STemWin522_CM3_Keil.lib(gui_uc_encodenone.o)
    0x08008db8   0x0000002e   Code   RO         4890    i._GetCharWrap      STemWin522_CM3_Keil.lib(gui__wrap.o)
    0x08008de6   0x0000000e   Code   RO         4629    i._GetDevData       STemWin522_CM3_Keil.lib(guidrv_flexcolor.o)
    0x08008df4   0x00000010   Code   RO         5181    i._GetDevData       STemWin522_CM3_Keil.lib(guidev_16.o)
    0x08008e04   0x00000010   Code   RO         5709    i._GetDevData       STemWin522_CM3_Keil.lib(guidev_32.o)
    0x08008e14   0x00000070   Code   RO         4630    i._GetDevFunc       STemWin522_CM3_Keil.lib(guidrv_flexcolor.o)
    0x08008e84   0x00000010   Code   RO         5182    i._GetDevFunc       STemWin522_CM3_Keil.lib(guidev_16.o)
    0x08008e94   0x00000010   Code   RO         5710    i._GetDevFunc       STemWin522_CM3_Keil.lib(guidev_32.o)
    0x08008ea4   0x0000004c   Code   RO         4631    i._GetDevFunc_Init  STemWin522_CM3_Keil.lib(guidrv_flexcolor.o)
    0x08008ef0   0x00000002   Code   RO         4632    i._GetDevFunc_SetRect  STemWin522_CM3_Keil.lib(guidrv_flexcolor.o)
    0x08008ef2   0x00000002   PAD
    0x08008ef4   0x00000040   Code   RO         4633    i._GetDevFunc_SetRectOutside  STemWin522_CM3_Keil.lib(guidrv_flexcolor.o)
    0x08008f34   0x00000014   Code   RO         4634    i._GetDevFunc_SetSize  STemWin522_CM3_Keil.lib(guidrv_flexcolor.o)
    0x08008f48   0x00000014   Code   RO         4635    i._GetDevFunc_SetVSize  STemWin522_CM3_Keil.lib(guidrv_flexcolor.o)
    0x08008f5c   0x0000001e   Code   RO         4517    i._GetDevProp       STemWin522_CM3_Keil.lib(lcd_getex.o)
    0x08008f7a   0x00000066   Code   RO         4636    i._GetDevProp       STemWin522_CM3_Keil.lib(guidrv_flexcolor.o)
    0x08008fe0   0x00000008   Code   RO         5183    i._GetDevProp       STemWin522_CM3_Keil.lib(guidev_16.o)
    0x08008fe8   0x0000000c   Code   RO         5711    i._GetDevProp       STemWin522_CM3_Keil.lib(guidev_32.o)
    0x08008ff4   0x00000052   Code   RO         5409    i._GetIndexMask_0   STemWin522_CM3_Keil.lib(guicc_0.o)
    0x08009046   0x00000006   Code   RO         4242    i._GetIndexMask_565  STemWin522_CM3_Keil.lib(guicc_565.o)
    0x0800904c   0x00000006   Code   RO         5686    i._GetIndexMask_8888  STemWin522_CM3_Keil.lib(guicc_8888.o)
    0x08009052   0x0000001e   Code   RO         4518    i._GetMaxValue      STemWin522_CM3_Keil.lib(lcd_getex.o)
    0x08009070   0x0000001c   Code   RO         4274    i._GetMinIndex      STemWin522_CM3_Keil.lib(gui_alloc.o)
    0x0800908c   0x00000008   Code   RO         4637    i._GetPixelIndex    STemWin522_CM3_Keil.lib(guidrv_flexcolor.o)
    0x08009094   0x0000000e   Code   RO         5184    i._GetPixelIndex    STemWin522_CM3_Keil.lib(guidev_16.o)
    0x080090a2   0x0000000e   Code   RO         5712    i._GetPixelIndex    STemWin522_CM3_Keil.lib(guidev_32.o)
    0x080090b0   0x00000016   Code   RO         4638    i._GetRect          STemWin522_CM3_Keil.lib(guidrv_flexcolor.o)
    0x080090c6   0x00000030   Code   RO         5185    i._GetRect          STemWin522_CM3_Keil.lib(guidev_16.o)
    0x080090f6   0x00000030   Code   RO         5713    i._GetRect          STemWin522_CM3_Keil.lib(guidev_32.o)
    0x08009126   0x00000064   Code   RO         4891    i._GetWordWrap      STemWin522_CM3_Keil.lib(gui__wrap.o)
    0x0800918a   0x00000002   PAD
    0x0800918c   0x00000010   Code   RO         4420    i._GotoX            STemWin522_CM3_Keil.lib(gui_goto.o)
    0x0800919c   0x00000010   Code   RO         4421    i._GotoY            STemWin522_CM3_Keil.lib(gui_goto.o)
    0x080091ac   0x00000014   Code   RO         4971    i._IncPointer       STemWin522_CM3_Keil.lib(gui_pid.o)
    0x080091c0   0x0000001c   Code   RO         5361    i._IncPointer       STemWin522_CM3_Keil.lib(gui_onkey.o)
    0x080091dc   0x00000006   Code   RO         5362    i._IncReadPointer   STemWin522_CM3_Keil.lib(gui_onkey.o)
    0x080091e2   0x00000002   PAD
    0x080091e4   0x00000048   Code   RO         4243    i._Index2ColorBulk  STemWin522_CM3_Keil.lib(guicc_565.o)
    0x0800922c   0x0000000e   Code   RO         5687    i._Index2ColorBulk  STemWin522_CM3_Keil.lib(guicc_8888.o)
    0x0800923a   0x00000020   Code   RO         5410    i._Index2Color_0    STemWin522_CM3_Keil.lib(guicc_0.o)
    0x0800925a   0x00000002   PAD
    0x0800925c   0x00000070   Code   RO         4327    i._InitContext      STemWin522_CM3_Keil.lib(gui_core.o)
    0x080092cc   0x000000a4   Code   RO         4275    i._InitOnce         STemWin522_CM3_Keil.lib(gui_alloc.o)
    0x08009370   0x00000080   Code   RO         5254    i._Invalidate1Abs   STemWin522_CM3_Keil.lib(wm.o)
    0x080093f0   0x00000014   Code   RO         4450    i._Log2Phys         STemWin522_CM3_Keil.lib(gui_touch_driveranalog.o)
    0x08009404   0x00000004   Code   RO         4639    i._Log2PhysX_X0Y0S0  STemWin522_CM3_Keil.lib(guidrv_flexcolor.o)
    0x08009408   0x00000004   Code   RO         4640    i._Log2PhysX_X0Y0S1  STemWin522_CM3_Keil.lib(guidrv_flexcolor.o)
    0x0800940c   0x00000004   Code   RO         4641    i._Log2PhysX_X0Y1S0  STemWin522_CM3_Keil.lib(guidrv_flexcolor.o)
    0x08009410   0x00000004   Code   RO         4642    i._Log2PhysX_X0Y1S1  STemWin522_CM3_Keil.lib(guidrv_flexcolor.o)
    0x08009414   0x00000008   Code   RO         4643    i._Log2PhysX_X1Y0S0  STemWin522_CM3_Keil.lib(guidrv_flexcolor.o)
    0x0800941c   0x00000008   Code   RO         4644    i._Log2PhysX_X1Y0S1  STemWin522_CM3_Keil.lib(guidrv_flexcolor.o)
    0x08009424   0x00000008   Code   RO         4645    i._Log2PhysX_X1Y1S0  STemWin522_CM3_Keil.lib(guidrv_flexcolor.o)
    0x0800942c   0x00000008   Code   RO         4646    i._Log2PhysX_X1Y1S1  STemWin522_CM3_Keil.lib(guidrv_flexcolor.o)
    0x08009434   0x00000004   Code   RO         4647    i._Log2PhysY_X0Y0S0  STemWin522_CM3_Keil.lib(guidrv_flexcolor.o)
    0x08009438   0x00000004   Code   RO         4648    i._Log2PhysY_X0Y0S1  STemWin522_CM3_Keil.lib(guidrv_flexcolor.o)
    0x0800943c   0x00000008   Code   RO         4649    i._Log2PhysY_X0Y1S0  STemWin522_CM3_Keil.lib(guidrv_flexcolor.o)
    0x08009444   0x00000008   Code   RO         4650    i._Log2PhysY_X0Y1S1  STemWin522_CM3_Keil.lib(guidrv_flexcolor.o)
    0x0800944c   0x00000004   Code   RO         4651    i._Log2PhysY_X1Y0S0  STemWin522_CM3_Keil.lib(guidrv_flexcolor.o)
    0x08009450   0x00000004   Code   RO         4652    i._Log2PhysY_X1Y0S1  STemWin522_CM3_Keil.lib(guidrv_flexcolor.o)
    0x08009454   0x00000008   Code   RO         4653    i._Log2PhysY_X1Y1S0  STemWin522_CM3_Keil.lib(guidrv_flexcolor.o)
    0x0800945c   0x00000008   Code   RO         4654    i._Log2PhysY_X1Y1S1  STemWin522_CM3_Keil.lib(guidrv_flexcolor.o)
    0x08009464   0x00000002   Code   RO         4926    i._Log2VisBuffered  STemWin522_CM3_Keil.lib(gui_charline.o)
    0x08009466   0x00000008   Code   RO         5444    i._Min              STemWin522_CM3_Keil.lib(guidev_banding.o)
    0x0800946e   0x0000006e   Code   RO         5865    i._MoveDescendents  STemWin522_CM3_Keil.lib(wm_move.o)
    0x080094dc   0x00000034   Code   RO         4276    i._OnExit           STemWin522_CM3_Keil.lib(gui_alloc.o)
    0x08009510   0x0000002c   Code   RO         4328    i._OnExit           STemWin522_CM3_Keil.lib(gui_core.o)
    0x0800953c   0x00000014   Code   RO         5165    i._OnExit           STemWin522_CM3_Keil.lib(lcd_color.o)
    0x08009550   0x00000034   Code   RO         5255    i._OnExit           STemWin522_CM3_Keil.lib(wm.o)
    0x08009584   0x00000028   Code   RO         5547    i._OnExit           STemWin522_CM3_Keil.lib(gui__alpha.o)
    0x080095ac   0x00000024   Code   RO         5256    i._Paint1           STemWin522_CM3_Keil.lib(wm.o)
    0x080095d0   0x0000008c   Code   RO         5257    i._Paint1Trans      STemWin522_CM3_Keil.lib(wm.o)
    0x0800965c   0x0000009a   Code   RO         5258    i._PaintTransChildren  STemWin522_CM3_Keil.lib(wm.o)
    0x080096f6   0x00000002   PAD
    0x080096f8   0x00000040   Code   RO         4277    i._PopFreeBlock     STemWin522_CM3_Keil.lib(gui_alloc.o)
    0x08009738   0x00000024   Code   RO         4278    i._PushFreeBlock    STemWin522_CM3_Keil.lib(gui_alloc.o)
    0x0800975c   0x00000006   Code   RO         4728    i._ReadData         STemWin522_CM3_Keil.lib(guidrv_flexcolor_16bpp_c0b16.o)
    0x08009762   0x0000000c   Code   RO         4655    i._ReadPixelCust_16bpp  STemWin522_CM3_Keil.lib(guidrv_flexcolor.o)
    0x0800976e   0x0000000c   Code   RO         4656    i._ReadPixelCust_18bpp  STemWin522_CM3_Keil.lib(guidrv_flexcolor.o)
    0x0800977a   0x00000018   Code   RO         4740    i._ReadPixel_16bpp_B16  STemWin522_CM3_Keil.lib(guidrv_flexcolor_func66708.o)
    0x08009792   0x0000001c   Code   RO         4741    i._ReadPixel_16bpp_B8  STemWin522_CM3_Keil.lib(guidrv_flexcolor_func66708.o)
    0x080097ae   0x00000030   Code   RO         4657    i._ReadRectCust_16bpp  STemWin522_CM3_Keil.lib(guidrv_flexcolor.o)
    0x080097de   0x00000030   Code   RO         4658    i._ReadRectCust_18bpp  STemWin522_CM3_Keil.lib(guidrv_flexcolor.o)
    0x0800980e   0x0000001c   Code   RO         5035    i._ReleaseBuffer    STemWin522_CM3_Keil.lib(gui_sprite.o)
    0x0800982a   0x00000002   PAD
    0x0800982c   0x00000034   Code   RO         4279    i._RemoveFreeBlock  STemWin522_CM3_Keil.lib(gui_alloc.o)
    0x08009860   0x0000005c   Code   RO         5663    i._RemoveFromLinList  STemWin522_CM3_Keil.lib(gui_timer.o)
    0x080098bc   0x000000a0   Code   RO         4280    i._RemoveHoles      STemWin522_CM3_Keil.lib(gui_alloc.o)
    0x0800995c   0x0000005a   Code   RO         5801    i._Screen2hWin      STemWin522_CM3_Keil.lib(wm_screen2win.o)
    0x080099b6   0x00000002   PAD
    0x080099b8   0x00000024   Code   RO         5802    i._Screen2hWinStop  STemWin522_CM3_Keil.lib(wm_screen2win.o)
    0x080099dc   0x00000020   Code   RO         5135    i._SetBkColor       STemWin522_CM3_Keil.lib(lcd.o)
    0x080099fc   0x0000004c   Code   RO         5259    i._SetClipRectUserIntersect  STemWin522_CM3_Keil.lib(wm.o)
    0x08009a48   0x00000020   Code   RO         5136    i._SetColor         STemWin522_CM3_Keil.lib(lcd.o)
    0x08009a68   0x00000070   Code   RO         4659    i._SetDevFunc       STemWin522_CM3_Keil.lib(guidrv_flexcolor.o)
    0x08009ad8   0x0000002c   Code   RO         5137    i._SetDrawMode      STemWin522_CM3_Keil.lib(lcd.o)
    0x08009b04   0x00000030   Code   RO         4742    i._SetInterface     STemWin522_CM3_Keil.lib(guidrv_flexcolor_func66708.o)
    0x08009b34   0x00000034   Code   RO         4451    i._SetMinMax        STemWin522_CM3_Keil.lib(gui_touch_driveranalog.o)
    0x08009b68   0x00000002   Code   RO         4660    i._SetOrg           STemWin522_CM3_Keil.lib(guidrv_flexcolor.o)
    0x08009b6a   0x00000008   Code   RO         5186    i._SetOrg           STemWin522_CM3_Keil.lib(guidev_16.o)
    0x08009b72   0x00000008   Code   RO         5714    i._SetOrg           STemWin522_CM3_Keil.lib(guidev_32.o)
    0x08009b7a   0x00000002   PAD
    0x08009b7c   0x00000038   Code   RO         4743    i._SetOrientation   STemWin522_CM3_Keil.lib(guidrv_flexcolor_func66708.o)
    0x08009bb4   0x000000b6   Code   RO         4744    i._SetPhysRAMAddr   STemWin522_CM3_Keil.lib(guidrv_flexcolor_func66708.o)
    0x08009c6a   0x0000000e   Code   RO         4661    i._SetPixelIndex    STemWin522_CM3_Keil.lib(guidrv_flexcolor.o)
    0x08009c78   0x00000048   Code   RO         5187    i._SetPixelIndex    STemWin522_CM3_Keil.lib(guidev_16.o)
    0x08009cc0   0x00000048   Code   RO         5715    i._SetPixelIndex    STemWin522_CM3_Keil.lib(guidev_32.o)
    0x08009d08   0x000002ac   Code   RO         5040    i._SetPosition      STemWin522_CM3_Keil.lib(gui_sprite.o)
    0x08009fb4   0x000001b2   Code   RO         4745    i._SetRect          STemWin522_CM3_Keil.lib(guidrv_flexcolor_func66708.o)
    0x0800a166   0x00000008   Code   RO         4746    i._SetReg_B16       STemWin522_CM3_Keil.lib(guidrv_flexcolor_func66708.o)
    0x0800a16e   0x0000001a   Code   RO         4747    i._SetReg_B8        STemWin522_CM3_Keil.lib(guidrv_flexcolor_func66708.o)
    0x0800a188   0x0000004a   Code   RO         5041    i._SetSpriteBkPixel  STemWin522_CM3_Keil.lib(gui_sprite.o)
    0x0800a1d2   0x00000002   PAD
    0x0800a1d4   0x00000058   Code   RO         4972    i._StoreState       STemWin522_CM3_Keil.lib(gui_pid.o)
    0x0800a22c   0x00000030   Code   RO         4452    i._StoreUnstable    STemWin522_CM3_Keil.lib(gui_touch_driveranalog.o)
    0x0800a25c   0x000000ea   Code   RO         4281    i._TestRAM          STemWin522_CM3_Keil.lib(gui_alloc.o)
    0x0800a346   0x00000002   PAD
    0x0800a348   0x00000050   Code   RO         5664    i._Unlink           STemWin522_CM3_Keil.lib(gui_timer.o)
    0x0800a398   0x00000030   Code   RO         4393    i._UnlinkDevice     STemWin522_CM3_Keil.lib(gui_device.o)
    0x0800a3c8   0x00000028   Code   RO         4892    i._WrapGetNumCharsDisp  STemWin522_CM3_Keil.lib(gui__wrap.o)
    0x0800a3f0   0x0000000a   Code   RO         4729    i._WriteData        STemWin522_CM3_Keil.lib(guidrv_flexcolor_16bpp_c0b16.o)
    0x0800a3fa   0x00000008   Code   RO         4748    i._WritePara_B16    STemWin522_CM3_Keil.lib(guidrv_flexcolor_func66708.o)
    0x0800a402   0x0000001a   Code   RO         4749    i._WritePara_B8     STemWin522_CM3_Keil.lib(guidrv_flexcolor_func66708.o)
    0x0800a41c   0x0000000e   Code   RO         4282    i._WriteTagData     STemWin522_CM3_Keil.lib(gui_alloc.o)
    0x0800a42a   0x00000002   PAD
    0x0800a42c   0x00000330   Code   RO         5478    i._WriteToActiveOpaque_8  STemWin522_CM3_Keil.lib(guidev_writetoactiveopaque.o)
    0x0800a75c   0x000002f8   Code   RO         5479    i._WriteToActiveOpaque_HT  STemWin522_CM3_Keil.lib(guidev_writetoactiveopaque.o)
    0x0800aa54   0x0000003c   Code   RO         5188    i._XY2PTR           STemWin522_CM3_Keil.lib(guidev_16.o)
    0x0800aa90   0x0000003c   Code   RO         5716    i._XY2PTR           STemWin522_CM3_Keil.lib(guidev_32.o)
    0x0800aacc   0x00000022   Code   RO         4662    i._XorPixel         STemWin522_CM3_Keil.lib(guidrv_flexcolor.o)
    0x0800aaee   0x00000002   PAD
    0x0800aaf0   0x00000054   Code   RO         5189    i._XorPixel         STemWin522_CM3_Keil.lib(guidev_16.o)
    0x0800ab44   0x00000058   Code   RO         5717    i._XorPixel         STemWin522_CM3_Keil.lib(guidev_32.o)
    0x0800ab9c   0x00000020   Code   RO         5975    i.__0printf$3       mc_w.l(printf3.o)
    0x0800abbc   0x0000000e   Code   RO         6189    i.__scatterload_copy  mc_w.l(handlers.o)
    0x0800abca   0x00000002   Code   RO         6190    i.__scatterload_null  mc_w.l(handlers.o)
    0x0800abcc   0x0000000e   Code   RO         6191    i.__scatterload_zeroinit  mc_w.l(handlers.o)
    0x0800abda   0x00000002   PAD
    0x0800abdc   0x00000044   Code   RO         5260    i._cbPaintMemDev    STemWin522_CM3_Keil.lib(wm.o)
    0x0800ac20   0x000001b8   Code   RO         5982    i._printf_core      mc_w.l(printf3.o)
    0x0800add8   0x00000274   Code   RO         3288    i.bsp_InitLCD       bsp_ili9341_lcd.o
    0x0800b04c   0x00000050   Code   RO         5261    i.cbBackWin         STemWin522_CM3_Keil.lib(wm.o)
    0x0800b09c   0x00000080   Code   RO         3831    i.check_fs          ff.o
    0x0800b11c   0x00000010   Code   RO         3832    i.chk_chr           ff.o
    0x0800b12c   0x000002f8   Code   RO         3833    i.chk_mounted       ff.o
    0x0800b424   0x00000018   Code   RO         3834    i.clust2sect        ff.o
    0x0800b43c   0x00000080   Code   RO         3835    i.cmp_lfn           ff.o
    0x0800b4bc   0x000000a0   Code   RO         3836    i.create_chain      ff.o
    0x0800b55c   0x000001f0   Code   RO         3837    i.create_name       ff.o
    0x0800b74c   0x000000bc   Code   RO         3838    i.dir_find          ff.o
    0x0800b808   0x00000106   Code   RO         3839    i.dir_next          ff.o
    0x0800b90e   0x00000150   Code   RO         3841    i.dir_register      ff.o
    0x0800ba5e   0x0000008c   Code   RO         3842    i.dir_sdi           ff.o
    0x0800baea   0x00000018   Code   RO         3789    i.disk_initialize   diskio.o
    0x0800bb02   0x00000004   Code   RO         3790    i.disk_ioctl        diskio.o
    0x0800bb06   0x0000003e   Code   RO         3791    i.disk_read         diskio.o
    0x0800bb44   0x00000004   Code   RO         3792    i.disk_status       diskio.o
    0x0800bb48   0x0000003e   Code   RO         3793    i.disk_write        diskio.o
    0x0800bb86   0x0000008a   Code   RO         5138    i.emWin_LCD_Init    STemWin522_CM3_Keil.lib(lcd.o)
    0x0800bc10   0x00000014   Code   RO         3843    i.f_close           ff.o
    0x0800bc24   0x00000020   Code   RO         3845    i.f_mount           ff.o
    0x0800bc44   0x0000016c   Code   RO         3846    i.f_open            ff.o
    0x0800bdb0   0x00000184   Code   RO         3848    i.f_read            ff.o
    0x0800bf34   0x000000a4   Code   RO         3850    i.f_sync            ff.o
    0x0800bfd8   0x000001ba   Code   RO         3851    i.f_write           ff.o
    0x0800c192   0x00000002   PAD
    0x0800c194   0x00000034   Code   RO         4039    i.ff_convert        ccsbcs.o
    0x0800c1c8   0x0000002c   Code   RO         4040    i.ff_wtoupper       ccsbcs.o
    0x0800c1f4   0x0000006c   Code   RO         3852    i.fit_lfn           ff.o
    0x0800c260   0x00000078   Code   RO         3853    i.follow_path       ff.o
    0x0800c2d8   0x00000024   Code   RO         3518    i.fputc             bsp_usart1.o
    0x0800c2fc   0x00000074   Code   RO         3854    i.gen_numname       ff.o
    0x0800c370   0x000000ca   Code   RO         3855    i.get_fat           ff.o
    0x0800c43a   0x00000004   Code   RO         3794    i.get_fattime       diskio.o
    0x0800c43e   0x00000002   PAD
    0x0800c440   0x00000044   Code   RO         3108    i.main              main.o
    0x0800c484   0x00000018   Code   RO         3857    i.mem_cmp           ff.o
    0x0800c49c   0x00000010   Code   RO         3858    i.mem_cpy           ff.o
    0x0800c4ac   0x0000000e   Code   RO         3859    i.mem_set           ff.o
    0x0800c4ba   0x0000006e   Code   RO         3860    i.move_window       ff.o
    0x0800c528   0x000000f6   Code   RO         3862    i.put_fat           ff.o
    0x0800c61e   0x00000066   Code   RO         3863    i.remove_chain      ff.o
    0x0800c684   0x0000001a   Code   RO         3864    i.sum_sfn           ff.o
    0x0800c69e   0x000000bc   Code   RO         3865    i.sync              ff.o
    0x0800c75a   0x00000026   Code   RO         3866    i.validate          ff.o
    0x0800c780   0x00000048   Data   RO         3109    .constdata          main.o
    0x0800c7c8   0x0000008d   Data   RO         3867    .constdata          ff.o
    0x0800c855   0x00000001   PAD
    0x0800c856   0x000004c0   Data   RO         4041    .constdata          ccsbcs.o
    0x0800cd16   0x00000002   PAD
    0x0800cd18   0x00000008   Data   RO         4222    .constdata          guidemo_fatfs.o
    0x0800cd20   0x00000018   Data   RO         4244    .constdata          STemWin522_CM3_Keil.lib(guicc_565.o)
    0x0800cd38   0x00000008   Data   RO         4330    .constdata          STemWin522_CM3_Keil.lib(gui_core.o)
    0x0800cd40   0x00000034   Data   RO         4663    .constdata          STemWin522_CM3_Keil.lib(guidrv_flexcolor.o)
    0x0800cd74   0x00000040   Data   RO         4664    .constdata          STemWin522_CM3_Keil.lib(guidrv_flexcolor.o)
    0x0800cdb4   0x00000518   Data   RO         4761    .constdata          STemWin522_CM3_Keil.lib(f6x8.o)
    0x0800d2cc   0x000001c0   Data   RO         4762    .constdata          STemWin522_CM3_Keil.lib(f6x8.o)
    0x0800d48c   0x00000008   Data   RO         4763    .constdata          STemWin522_CM3_Keil.lib(f6x8.o)
    0x0800d494   0x00000014   Data   RO         4764    .constdata          STemWin522_CM3_Keil.lib(f6x8.o)
    0x0800d4a8   0x00000024   Data   RO         4765    .constdata          STemWin522_CM3_Keil.lib(f6x8.o)
    0x0800d4cc   0x00000a30   Data   RO         4767    .constdata          STemWin522_CM3_Keil.lib(f8x16.o)
    0x0800defc   0x000001c0   Data   RO         4768    .constdata          STemWin522_CM3_Keil.lib(f8x16.o)
    0x0800e0bc   0x00000008   Data   RO         4769    .constdata          STemWin522_CM3_Keil.lib(f8x16.o)
    0x0800e0c4   0x00000014   Data   RO         4770    .constdata          STemWin522_CM3_Keil.lib(f8x16.o)
    0x0800e0d8   0x00000024   Data   RO         4771    .constdata          STemWin522_CM3_Keil.lib(f8x16.o)
    0x0800e0fc   0x00000012   Data   RO         4779    .constdata          STemWin522_CM3_Keil.lib(fcomic18b_ascii.o)
    0x0800e10e   0x00000012   Data   RO         4780    .constdata          STemWin522_CM3_Keil.lib(fcomic18b_ascii.o)
    0x0800e120   0x00000012   Data   RO         4781    .constdata          STemWin522_CM3_Keil.lib(fcomic18b_ascii.o)
    0x0800e132   0x00000024   Data   RO         4782    .constdata          STemWin522_CM3_Keil.lib(fcomic18b_ascii.o)
    0x0800e156   0x00000024   Data   RO         4783    .constdata          STemWin522_CM3_Keil.lib(fcomic18b_ascii.o)
    0x0800e17a   0x00000024   Data   RO         4784    .constdata          STemWin522_CM3_Keil.lib(fcomic18b_ascii.o)
    0x0800e19e   0x00000024   Data   RO         4785    .constdata          STemWin522_CM3_Keil.lib(fcomic18b_ascii.o)
    0x0800e1c2   0x00000012   Data   RO         4786    .constdata          STemWin522_CM3_Keil.lib(fcomic18b_ascii.o)
    0x0800e1d4   0x00000012   Data   RO         4787    .constdata          STemWin522_CM3_Keil.lib(fcomic18b_ascii.o)
    0x0800e1e6   0x00000012   Data   RO         4788    .constdata          STemWin522_CM3_Keil.lib(fcomic18b_ascii.o)
    0x0800e1f8   0x00000024   Data   RO         4789    .constdata          STemWin522_CM3_Keil.lib(fcomic18b_ascii.o)
    0x0800e21c   0x00000012   Data   RO         4790    .constdata          STemWin522_CM3_Keil.lib(fcomic18b_ascii.o)
    0x0800e22e   0x00000012   Data   RO         4791    .constdata          STemWin522_CM3_Keil.lib(fcomic18b_ascii.o)
    0x0800e240   0x00000012   Data   RO         4792    .constdata          STemWin522_CM3_Keil.lib(fcomic18b_ascii.o)
    0x0800e252   0x00000012   Data   RO         4793    .constdata          STemWin522_CM3_Keil.lib(fcomic18b_ascii.o)
    0x0800e264   0x00000024   Data   RO         4794    .constdata          STemWin522_CM3_Keil.lib(fcomic18b_ascii.o)
    0x0800e288   0x00000024   Data   RO         4795    .constdata          STemWin522_CM3_Keil.lib(fcomic18b_ascii.o)
    0x0800e2ac   0x00000012   Data   RO         4796    .constdata          STemWin522_CM3_Keil.lib(fcomic18b_ascii.o)
    0x0800e2be   0x00000024   Data   RO         4797    .constdata          STemWin522_CM3_Keil.lib(fcomic18b_ascii.o)
    0x0800e2e2   0x00000024   Data   RO         4798    .constdata          STemWin522_CM3_Keil.lib(fcomic18b_ascii.o)
    0x0800e306   0x00000024   Data   RO         4799    .constdata          STemWin522_CM3_Keil.lib(fcomic18b_ascii.o)
    0x0800e32a   0x00000024   Data   RO         4800    .constdata          STemWin522_CM3_Keil.lib(fcomic18b_ascii.o)
    0x0800e34e   0x00000024   Data   RO         4801    .constdata          STemWin522_CM3_Keil.lib(fcomic18b_ascii.o)
    0x0800e372   0x00000024   Data   RO         4802    .constdata          STemWin522_CM3_Keil.lib(fcomic18b_ascii.o)
    0x0800e396   0x00000024   Data   RO         4803    .constdata          STemWin522_CM3_Keil.lib(fcomic18b_ascii.o)
    0x0800e3ba   0x00000024   Data   RO         4804    .constdata          STemWin522_CM3_Keil.lib(fcomic18b_ascii.o)
    0x0800e3de   0x00000012   Data   RO         4805    .constdata          STemWin522_CM3_Keil.lib(fcomic18b_ascii.o)
    0x0800e3f0   0x00000012   Data   RO         4806    .constdata          STemWin522_CM3_Keil.lib(fcomic18b_ascii.o)
    0x0800e402   0x00000012   Data   RO         4807    .constdata          STemWin522_CM3_Keil.lib(fcomic18b_ascii.o)
    0x0800e414   0x00000012   Data   RO         4808    .constdata          STemWin522_CM3_Keil.lib(fcomic18b_ascii.o)
    0x0800e426   0x00000012   Data   RO         4809    .constdata          STemWin522_CM3_Keil.lib(fcomic18b_ascii.o)
    0x0800e438   0x00000024   Data   RO         4810    .constdata          STemWin522_CM3_Keil.lib(fcomic18b_ascii.o)
    0x0800e45c   0x00000024   Data   RO         4811    .constdata          STemWin522_CM3_Keil.lib(fcomic18b_ascii.o)
    0x0800e480   0x00000024   Data   RO         4812    .constdata          STemWin522_CM3_Keil.lib(fcomic18b_ascii.o)
    0x0800e4a4   0x00000024   Data   RO         4813    .constdata          STemWin522_CM3_Keil.lib(fcomic18b_ascii.o)
    0x0800e4c8   0x00000024   Data   RO         4814    .constdata          STemWin522_CM3_Keil.lib(fcomic18b_ascii.o)
    0x0800e4ec   0x00000024   Data   RO         4815    .constdata          STemWin522_CM3_Keil.lib(fcomic18b_ascii.o)
    0x0800e510   0x00000024   Data   RO         4816    .constdata          STemWin522_CM3_Keil.lib(fcomic18b_ascii.o)
    0x0800e534   0x00000024   Data   RO         4817    .constdata          STemWin522_CM3_Keil.lib(fcomic18b_ascii.o)
    0x0800e558   0x00000024   Data   RO         4818    .constdata          STemWin522_CM3_Keil.lib(fcomic18b_ascii.o)
    0x0800e57c   0x00000024   Data   RO         4819    .constdata          STemWin522_CM3_Keil.lib(fcomic18b_ascii.o)
    0x0800e5a0   0x00000024   Data   RO         4820    .constdata          STemWin522_CM3_Keil.lib(fcomic18b_ascii.o)
    0x0800e5c4   0x00000024   Data   RO         4821    .constdata          STemWin522_CM3_Keil.lib(fcomic18b_ascii.o)
    0x0800e5e8   0x00000024   Data   RO         4822    .constdata          STemWin522_CM3_Keil.lib(fcomic18b_ascii.o)
    0x0800e60c   0x00000024   Data   RO         4823    .constdata          STemWin522_CM3_Keil.lib(fcomic18b_ascii.o)
    0x0800e630   0x00000024   Data   RO         4824    .constdata          STemWin522_CM3_Keil.lib(fcomic18b_ascii.o)
    0x0800e654   0x00000024   Data   RO         4825    .constdata          STemWin522_CM3_Keil.lib(fcomic18b_ascii.o)
    0x0800e678   0x00000024   Data   RO         4826    .constdata          STemWin522_CM3_Keil.lib(fcomic18b_ascii.o)
    0x0800e69c   0x00000012   Data   RO         4827    .constdata          STemWin522_CM3_Keil.lib(fcomic18b_ascii.o)
    0x0800e6ae   0x00000024   Data   RO         4828    .constdata          STemWin522_CM3_Keil.lib(fcomic18b_ascii.o)
    0x0800e6d2   0x00000024   Data   RO         4829    .constdata          STemWin522_CM3_Keil.lib(fcomic18b_ascii.o)
    0x0800e6f6   0x00000024   Data   RO         4830    .constdata          STemWin522_CM3_Keil.lib(fcomic18b_ascii.o)
    0x0800e71a   0x00000024   Data   RO         4831    .constdata          STemWin522_CM3_Keil.lib(fcomic18b_ascii.o)
    0x0800e73e   0x00000024   Data   RO         4832    .constdata          STemWin522_CM3_Keil.lib(fcomic18b_ascii.o)
    0x0800e762   0x00000024   Data   RO         4833    .constdata          STemWin522_CM3_Keil.lib(fcomic18b_ascii.o)
    0x0800e786   0x00000036   Data   RO         4834    .constdata          STemWin522_CM3_Keil.lib(fcomic18b_ascii.o)
    0x0800e7bc   0x00000024   Data   RO         4835    .constdata          STemWin522_CM3_Keil.lib(fcomic18b_ascii.o)
    0x0800e7e0   0x00000024   Data   RO         4836    .constdata          STemWin522_CM3_Keil.lib(fcomic18b_ascii.o)
    0x0800e804   0x00000024   Data   RO         4837    .constdata          STemWin522_CM3_Keil.lib(fcomic18b_ascii.o)
    0x0800e828   0x00000012   Data   RO         4838    .constdata          STemWin522_CM3_Keil.lib(fcomic18b_ascii.o)
    0x0800e83a   0x00000012   Data   RO         4839    .constdata          STemWin522_CM3_Keil.lib(fcomic18b_ascii.o)
    0x0800e84c   0x00000012   Data   RO         4840    .constdata          STemWin522_CM3_Keil.lib(fcomic18b_ascii.o)
    0x0800e85e   0x00000012   Data   RO         4841    .constdata          STemWin522_CM3_Keil.lib(fcomic18b_ascii.o)
    0x0800e870   0x00000024   Data   RO         4842    .constdata          STemWin522_CM3_Keil.lib(fcomic18b_ascii.o)
    0x0800e894   0x00000024   Data   RO         4843    .constdata          STemWin522_CM3_Keil.lib(fcomic18b_ascii.o)
    0x0800e8b8   0x00000012   Data   RO         4844    .constdata          STemWin522_CM3_Keil.lib(fcomic18b_ascii.o)
    0x0800e8ca   0x00000024   Data   RO         4845    .constdata          STemWin522_CM3_Keil.lib(fcomic18b_ascii.o)
    0x0800e8ee   0x00000012   Data   RO         4846    .constdata          STemWin522_CM3_Keil.lib(fcomic18b_ascii.o)
    0x0800e900   0x00000024   Data   RO         4847    .constdata          STemWin522_CM3_Keil.lib(fcomic18b_ascii.o)
    0x0800e924   0x00000012   Data   RO         4848    .constdata          STemWin522_CM3_Keil.lib(fcomic18b_ascii.o)
    0x0800e936   0x00000012   Data   RO         4849    .constdata          STemWin522_CM3_Keil.lib(fcomic18b_ascii.o)
    0x0800e948   0x00000012   Data   RO         4850    .constdata          STemWin522_CM3_Keil.lib(fcomic18b_ascii.o)
    0x0800e95a   0x00000012   Data   RO         4851    .constdata          STemWin522_CM3_Keil.lib(fcomic18b_ascii.o)
    0x0800e96c   0x00000012   Data   RO         4852    .constdata          STemWin522_CM3_Keil.lib(fcomic18b_ascii.o)
    0x0800e97e   0x00000012   Data   RO         4853    .constdata          STemWin522_CM3_Keil.lib(fcomic18b_ascii.o)
    0x0800e990   0x00000024   Data   RO         4854    .constdata          STemWin522_CM3_Keil.lib(fcomic18b_ascii.o)
    0x0800e9b4   0x00000012   Data   RO         4855    .constdata          STemWin522_CM3_Keil.lib(fcomic18b_ascii.o)
    0x0800e9c6   0x00000024   Data   RO         4856    .constdata          STemWin522_CM3_Keil.lib(fcomic18b_ascii.o)
    0x0800e9ea   0x00000012   Data   RO         4857    .constdata          STemWin522_CM3_Keil.lib(fcomic18b_ascii.o)
    0x0800e9fc   0x00000012   Data   RO         4858    .constdata          STemWin522_CM3_Keil.lib(fcomic18b_ascii.o)
    0x0800ea0e   0x00000024   Data   RO         4859    .constdata          STemWin522_CM3_Keil.lib(fcomic18b_ascii.o)
    0x0800ea32   0x00000012   Data   RO         4860    .constdata          STemWin522_CM3_Keil.lib(fcomic18b_ascii.o)
    0x0800ea44   0x00000012   Data   RO         4861    .constdata          STemWin522_CM3_Keil.lib(fcomic18b_ascii.o)
    0x0800ea56   0x00000012   Data   RO         4862    .constdata          STemWin522_CM3_Keil.lib(fcomic18b_ascii.o)
    0x0800ea68   0x00000012   Data   RO         4863    .constdata          STemWin522_CM3_Keil.lib(fcomic18b_ascii.o)
    0x0800ea7a   0x00000012   Data   RO         4864    .constdata          STemWin522_CM3_Keil.lib(fcomic18b_ascii.o)
    0x0800ea8c   0x00000012   Data   RO         4865    .constdata          STemWin522_CM3_Keil.lib(fcomic18b_ascii.o)
    0x0800ea9e   0x00000024   Data   RO         4866    .constdata          STemWin522_CM3_Keil.lib(fcomic18b_ascii.o)
    0x0800eac2   0x00000024   Data   RO         4867    .constdata          STemWin522_CM3_Keil.lib(fcomic18b_ascii.o)
    0x0800eae6   0x00000024   Data   RO         4868    .constdata          STemWin522_CM3_Keil.lib(fcomic18b_ascii.o)
    0x0800eb0a   0x00000024   Data   RO         4869    .constdata          STemWin522_CM3_Keil.lib(fcomic18b_ascii.o)
    0x0800eb2e   0x00000012   Data   RO         4870    .constdata          STemWin522_CM3_Keil.lib(fcomic18b_ascii.o)
    0x0800eb40   0x00000012   Data   RO         4871    .constdata          STemWin522_CM3_Keil.lib(fcomic18b_ascii.o)
    0x0800eb52   0x00000012   Data   RO         4872    .constdata          STemWin522_CM3_Keil.lib(fcomic18b_ascii.o)
    0x0800eb64   0x00000024   Data   RO         4873    .constdata          STemWin522_CM3_Keil.lib(fcomic18b_ascii.o)
    0x0800eb88   0x00000012   Data   RO         4874    .constdata          STemWin522_CM3_Keil.lib(fcomic18b_ascii.o)
    0x0800eb9a   0x00000024   Data   RO         4875    .constdata          STemWin522_CM3_Keil.lib(fcomic18b_ascii.o)
    0x0800ebbe   0x00000002   PAD
    0x0800ebc0   0x00000308   Data   RO         4876    .constdata          STemWin522_CM3_Keil.lib(fcomic18b_ascii.o)
    0x0800eec8   0x0000000c   Data   RO         4877    .constdata          STemWin522_CM3_Keil.lib(fcomic18b_ascii.o)
    0x0800eed4   0x00000024   Data   RO         4878    .constdata          STemWin522_CM3_Keil.lib(fcomic18b_ascii.o)
    0x0800eef8   0x00000100   Data   RO         4879    .constdata          STemWin522_CM3_Keil.lib(gui__divtbl_255_31.o)
    0x0800eff8   0x00000100   Data   RO         4880    .constdata          STemWin522_CM3_Keil.lib(gui__divtbl_255_63.o)
    0x0800f0f8   0x00000020   Data   RO         4881    .constdata          STemWin522_CM3_Keil.lib(gui__divtbl_31_255.o)
    0x0800f118   0x00000040   Data   RO         4882    .constdata          STemWin522_CM3_Keil.lib(gui__divtbl_63_255.o)
    0x0800f158   0x00000010   Data   RO         5113    .constdata          STemWin522_CM3_Keil.lib(gui_uc_encodenone.o)
    0x0800f168   0x0000000c   Data   RO         5139    .constdata          STemWin522_CM3_Keil.lib(lcd.o)
    0x0800f174   0x00000074   Data   RO         5190    .constdata          STemWin522_CM3_Keil.lib(guidev_16.o)
    0x0800f1e8   0x00000018   Data   RO         5411    .constdata          STemWin522_CM3_Keil.lib(guicc_0.o)
    0x0800f200   0x00000100   Data   RO         5419    .constdata          STemWin522_CM3_Keil.lib(lcd_mirror.o)
    0x0800f300   0x00000008   Data   RO         5480    .constdata          STemWin522_CM3_Keil.lib(guidev_writetoactiveopaque.o)
    0x0800f308   0x00000018   Data   RO         5688    .constdata          STemWin522_CM3_Keil.lib(guicc_8888.o)
    0x0800f320   0x00000074   Data   RO         5718    .constdata          STemWin522_CM3_Keil.lib(guidev_32.o)
    0x0800f394   0x00000018   Data   RO         5760    .constdata          STemWin522_CM3_Keil.lib(guidev_usagebm.o)
    0x0800f3ac   0x00000020   Data   RO         6187    Region$$Table       anon$$obj.o


    Execution Region RW_IRAM1 (Base: 0x20000000, Size: 0x0000f238, Max: 0x00010000, ABSOLUTE, COMPRESSED[0x000000a8])

    Base Addr    Size         Type   Attr      Idx    E Section Name        Object

    0x20000000   0x00000014   Data   RW           28    .data               system_stm32f10x.o
    0x20000014   0x00000014   Data   RW         1726    .data               stm32f10x_rcc.o
    0x20000028   0x00000001   Data   RW         3182    .data               stm32f10x_it.o
    0x20000029   0x00000003   PAD
    0x2000002c   0x00000004   Data   RW         3250    .data               bsp_led.o
    0x20000030   0x00000004   Data   RW         3422    .data               bsp_touch.o
    0x20000034   0x00000018   Data   RW         3582    .data               bsp_sdio_sdcard.o
    0x2000004c   0x00000008   Data   RW         3868    .data               ff.o
    0x20000054   0x00000004   Data   RW         4130    .data               gui_x.o
    0x20000058   0x00000054   Data   RW         4223    .data               guidemo_fatfs.o
    0x200000ac   0x00000008   Data   RW         4284    .data               STemWin522_CM3_Keil.lib(gui_alloc.o)
    0x200000b4   0x0000002c   Data   RW         4331    .data               STemWin522_CM3_Keil.lib(gui_core.o)
    0x200000e0   0x00000004   Data   RW         4332    .data               STemWin522_CM3_Keil.lib(gui_core.o)
    0x200000e4   0x00000004   Data   RW         4333    .data               STemWin522_CM3_Keil.lib(gui_core.o)
    0x200000e8   0x00000004   Data   RW         4334    .data               STemWin522_CM3_Keil.lib(gui_core.o)
    0x200000ec   0x00000004   Data   RW         4335    .data               STemWin522_CM3_Keil.lib(gui_core.o)
    0x200000f0   0x00000002   Data   RW         4336    .data               STemWin522_CM3_Keil.lib(gui_core.o)
    0x200000f2   0x00000002   Data   RW         4337    .data               STemWin522_CM3_Keil.lib(gui_core.o)
    0x200000f4   0x00000030   Data   RW         4454    .data               STemWin522_CM3_Keil.lib(gui_touch_driveranalog.o)
    0x20000124   0x0000001c   Data   RW         4665    .data               STemWin522_CM3_Keil.lib(guidrv_flexcolor.o)
    0x20000140   0x00000008   Data   RW         4893    .data               STemWin522_CM3_Keil.lib(gui__wrap.o)
    0x20000148   0x00000004   Data   RW         4927    .data               STemWin522_CM3_Keil.lib(gui_charline.o)
    0x2000014c   0x00000008   Data   RW         4974    .data               STemWin522_CM3_Keil.lib(gui_pid.o)
    0x20000154   0x00000008   Data   RW         4991    .data               STemWin522_CM3_Keil.lib(gui_selectlayer.o)
    0x2000015c   0x00000008   Data   RW         5091    .data               STemWin522_CM3_Keil.lib(gui_touch_storeunstable.o)
    0x20000164   0x00000004   Data   RW         5140    .data               STemWin522_CM3_Keil.lib(lcd.o)
    0x20000168   0x00000010   Data   RW         5166    .data               STemWin522_CM3_Keil.lib(lcd_color.o)
    0x20000178   0x00000058   Data   RW         5263    .data               STemWin522_CM3_Keil.lib(wm.o)
    0x200001d0   0x00000001   Data   RW         5264    .data               STemWin522_CM3_Keil.lib(wm.o)
    0x200001d1   0x00000003   PAD
    0x200001d4   0x00000008   Data   RW         5332    .data               STemWin522_CM3_Keil.lib(gui__managecache.o)
    0x200001dc   0x0000000c   Data   RW         5364    .data               STemWin522_CM3_Keil.lib(gui_onkey.o)
    0x200001e8   0x0000000c   Data   RW         5399    .data               STemWin522_CM3_Keil.lib(gui_waitevent.o)
    0x200001f4   0x00000004   Data   RW         5445    .data               STemWin522_CM3_Keil.lib(guidev_banding.o)
    0x200001f8   0x00000001   Data   RW         5459    .data               STemWin522_CM3_Keil.lib(guidev_staticdevices.o)
    0x200001f9   0x00000003   PAD
    0x200001fc   0x00000004   Data   RW         5486    .data               STemWin522_CM3_Keil.lib(wm__sendmessage.o)
    0x20000200   0x00000008   Data   RW         5530    .data               STemWin522_CM3_Keil.lib(wm_touch.o)
    0x20000208   0x00000028   Data   RW         5548    .data               STemWin522_CM3_Keil.lib(gui__alpha.o)
    0x20000230   0x00000020   Data   RW         5607    .data               STemWin522_CM3_Keil.lib(gui_setalpha.o)
    0x20000250   0x00000014   Data   RW         5665    .data               STemWin522_CM3_Keil.lib(gui_timer.o)
    0x20000264   0x00000004   Data   RW         5829    .data               STemWin522_CM3_Keil.lib(lcd_aa.o)
    0x20000268   0x00000004   Data   RW         6161    .data               mc_w.l(stdout.o)
    0x2000026c   0x00000004   PAD
    0x20000270   0x000000cc   Zero   RW         3581    .bss                bsp_sdio_sdcard.o
    0x2000033c   0x0000c800   Zero   RW         4069    .bss                guiconf.o
    0x2000cb3c   0x00001454   Zero   RW         4221    .bss                guidemo_fatfs.o
    0x2000df90   0x000000c8   Zero   RW         4283    .bss                STemWin522_CM3_Keil.lib(gui_alloc.o)
    0x2000e058   0x00000078   Zero   RW         4329    .bss                STemWin522_CM3_Keil.lib(gui_core.o)
    0x2000e0d0   0x00000028   Zero   RW         4364    .bss                STemWin522_CM3_Keil.lib(gui_curs1.o)
    0x2000e0f8   0x0000000c   Zero   RW         4439    .bss                STemWin522_CM3_Keil.lib(gui_touch.o)
    0x2000e104   0x00000010   Zero   RW         4453    .bss                STemWin522_CM3_Keil.lib(gui_touch_driveranalog.o)
    0x2000e114   0x00000048   Zero   RW         4973    .bss                STemWin522_CM3_Keil.lib(gui_pid.o)
    0x2000e15c   0x00000018   Zero   RW         5262    .bss                STemWin522_CM3_Keil.lib(wm.o)
    0x2000e174   0x00000058   Zero   RW         5363    .bss                STemWin522_CM3_Keil.lib(gui_onkey.o)
    0x2000e1cc   0x0000000c   Zero   RW         5390    .bss                STemWin522_CM3_Keil.lib(gui_touch_storestate.o)
    0x2000e1d8   0x00000048   Zero   RW         5529    .bss                STemWin522_CM3_Keil.lib(wm_touch.o)
    0x2000e220   0x00000018   Zero   RW         5795    .bss                STemWin522_CM3_Keil.lib(wm_pid__getprevstate.o)
    0x2000e238   0x00001000   Zero   RW            1    STACK               startup_stm32f10x_hd.o


==============================================================================

Image component sizes


      Code (inc. data)   RO Data    RW Data    ZI Data      Debug   Object Name

       116          8          0          0          0        534   bsp_gpio_spi.o
      1070         34          0          0          0       7106   bsp_ili9341_lcd.o
       140         22          0          4          0        927   bsp_led.o
      4698        248          0         24        204      32482   bsp_sdio_sdcard.o
        68         10          0          0          0      15674   bsp_systick.o
       378         18          0          4          0       3059   bsp_touch.o
       160         14          0          0          0       1084   bsp_usart1.o
        96         14       1216          0          0       2187   ccsbcs.o
         0          0          0          0          0       4260   core_cm3.o
       160          0          0          0          0       3456   diskio.o
      5358         56        141          8          0      29900   ff.o
        36         10          0          4          0       1952   gui_x.o
        16          0          0          0          0       1862   gui_x_touch_analog.o
        36          8          0          0      51200        523   guiconf.o
       324        130          8         84       5204       3855   guidemo_fatfs.o
       288         46          0          0          0       6328   lcdconf_flexcolor_template.o
        68          4         72          0          0      55564   main.o
       120         18          0          0          0       1523   misc.o
        36          8        304          0       4096        816   startup_stm32f10x_hd.o
       132         10          0          0          0       3808   stm32f10x_dma.o
       228          4          0          0          0       1809   stm32f10x_fsmc.o
       184          0          0          0          0       3600   stm32f10x_gpio.o
        98         28          0          1          0       4521   stm32f10x_it.o
       228         30          0         20          0       4477   stm32f10x_rcc.o
       364         92          0          0          0       9954   stm32f10x_sdio.o
       234          6          0          0          0       4056   stm32f10x_usart.o
       260         26          0         20          0     256973   system_stm32f10x.o

    ----------------------------------------------------------------------
     14916        844       1776        172      60704     462290   Object Totals
         0          0         32          0          0          0   (incl. Generated)
        20          0          3          3          0          0   (incl. Padding)

    ----------------------------------------------------------------------

      Code (inc. data)   RO Data    RW Data    ZI Data      Debug   Library Member Name

         0          0       1816          0          0          0   f6x8.o
         0          0       3120          0          0          0   f8x16.o
         0          0       3578          0          0          0   fcomic18b_ascii.o
       824         34          0         40          0        508   gui__alpha.o
       668          0          0          0          0        160   gui__compactpixelindices.o
         0          0        256          0          0          0   gui__divtbl_255_31.o
         0          0        256          0          0          0   gui__divtbl_255_63.o
         0          0         32          0          0          0   gui__divtbl_31_255.o
         0          0         64          0          0          0   gui__divtbl_63_255.o
       320          0          0          0          0        108   gui__expandpixelindices.o
        58          0          0          0          0         68   gui__intersectrect.o
        82          0          0          0          0         80   gui__intersectrects.o
       188          8          0          8          0        152   gui__managecache.o
        76          0          0          0          0         76   gui__memset.o
        58          0          0          0          0         76   gui__memset16.o
       304          4          0          8          0        508   gui__wrap.o
      1766        102          0          8        200       1768   gui_alloc.o
        36          0          0          0          0         80   gui_alloc_alloczero.o
        68          0          0          0          0         76   gui_calccolordist.o
        96         22          0          0          0        272   gui_char.o
       458         36          0          4          0        472   gui_charline.o
       394         10          0          0          0        300   gui_charm.o
       308         10          0          0          0        384   gui_charp.o
       460         78          8         64        120        620   gui_core.o
       112          6          0          0         40         92   gui_curs1.o
       340         22          0          0          0        516   gui_device.o
       256          4          0          0          0         88   gui_dispstring.o
        16          4          0          0          0         68   gui_dispstringat.o
       298          0          0          0          0        200   gui_dispstringinrectwrap.o
        52          4          0          0          0        152   gui_exec.o
       160          0          0          0          0        152   gui_getbitmappixelindex.o
        28          0          0          0          0        160   gui_getcolor.o
        32         10          0          0          0        136   gui_getorg.o
        52         12          0          0          0        216   gui_goto.o
        88          0          0          0          0         76   gui_mergerect.o
        30          0          0          0          0         68   gui_moverect.o
        94         14          0         12         88        284   gui_onkey.o
        16          4          0          0          0         68   gui_pen.o
       256         36          0          8         72        444   gui_pid.o
        56          0          0          0          0         68   gui_rectsintersect.o
        32         10          0          0          0        136   gui_savecontext.o
        82         12          0          8          0        296   gui_selectlayer.o
        18          0          0          0          0         80   gui_selectlcd.o
        36          4          0         32          0         76   gui_setalpha.o
         4          0          0          0          0         68   gui_setcliprect.o
         8          0          0          0          0        136   gui_setcolor.o
        64          6          0          0          0         80   gui_setdefault.o
         4          0          0          0          0         68   gui_setdrawmode.o
        20          6          0          0          0         68   gui_setfont.o
        16          4          0          0          0         68   gui_setlinestyle.o
        56         18          0          0          0         80   gui_setorg.o
        20          6          0          0          0         68   gui_settextalign.o
        20          6          0          0          0         68   gui_settextmode.o
      1172          4          0          0          0        600   gui_sprite.o
        42          0          0          0          0         80   gui_time.o
       332         16          0         20          0        484   gui_timer.o
        40          4          0          0         12         84   gui_touch.o
       656         46          0         48         16        472   gui_touch_driveranalog.o
        36          6          0          0         12         68   gui_touch_storestate.o
        48          6          0          8          0         88   gui_touch_storeunstable.o
        84         10          0          0          0        168   gui_uc.o
        18          0         16          0          0        272   gui_uc_encodenone.o
        16          4          0         12          0         68   gui_waitevent.o
       198          0         24          0          0        244   guicc_0.o
       174         28         24          0          0        312   guicc_565.o
        44         10          0          0          0         76   guicc_565_index2color.o
        36          0         24          0          0        288   guicc_8888.o
         2          0          0          0          0         68   guicc_8888_index2color.o
         2          0          0          0          0         68   guicc_888_index2color.o
       760         38          0          0          0        676   guidev.o
      2268         60        116          0          0       1324   guidev_16.o
      2320         62        116          0          0       1428   guidev_32.o
       300         10          0          4          0        164   guidev_banding.o
        60          6          0          0          0         76   guidev_clear.o
        22          0          0          0          0         80   guidev_getdataptr.o
        40          6          0          0          0         80   guidev_getysize.o
        44          4          0          0          0         80   guidev_reduceysize.o
        88          4          0          0          0         80   guidev_setorg.o
       308         12          0          1          0        176   guidev_staticdevices.o
        76          0          0          0          0        164   guidev_usage.o
       452          6         24          0          0        460   guidev_usagebm.o
       106          4          0          0          0        148   guidev_write.o
       280         14          0          0          0         96   guidev_writetoactivealpha.o
      1698         18          8          0          0        384   guidev_writetoactiveopaque.o
      1472         74        116         28          0       3308   guidrv_flexcolor.o
      1684         60          0          0          0        856   guidrv_flexcolor_16bpp_c0b16.o
       916         52          0          0          0        892   guidrv_flexcolor_func66708.o
      1650        110         12          4          0       1340   lcd.o
        16          6          0          4          0         68   lcd_aa.o
       260         26          0         16          0        388   lcd_color.o
        32         12          0          0          0        136   lcd_getcolorindex.o
       402         32          0          0          0       1544   lcd_getex.o
        26          0          0          0          0         80   lcd_getnumdisplays.o
         0          0        256          0          0          0   lcd_mirror.o
       504         18          0          0          0        180   lcd_readrect.o
        68         10          0          0          0         80   lcd_selectlcd.o
       220          0          0          0          0        420   lcd_set.o
        48         10          0          0          0         80   lcd_setcliprectex.o
        36          4          0          0          0         80   lcd_updatecolorindices.o
      4578        226          0         89         24       4116   wm.o
        18          0          0          0          0         76   wm__getfirstsibling.o
        36          0          0          0          0         80   wm__getprevsibling.o
        34          0          0          0          0         80   wm__isancestor.o
        22          0          0          0          0         76   wm__isenabled.o
        60          6          0          4          0         88   wm__sendmessage.o
        28          0          0          0          0         92   wm__sendmessageifenabled.o
        38          0          0          0          0         80   wm__sendmessagenopara.o
       220          0          0          0          0         96   wm__updatechildpositions.o
       126          0          0          0          0         92   wm_bringtobottom.o
        60         12          0          0          0        136   wm_criticalhandle.o
        32          0          0          0          0         80   wm_getclientrect.o
        24         10          0          0          0         68   wm_getdesktopwindow.o
        20          4          0          0          0         68   wm_getdesktopwindowex.o
        14          0          0          0          0         76   wm_getfirstchild.o
        14          0          0          0          0         76   wm_getparent.o
         4          0          0          0          0         68   wm_iswindow.o
       266          0          0          0          0        252   wm_move.o
        16          0          0          0          0         76   wm_notifyparent.o
        56          8          0          0          0         84   wm_onkey.o
        28          4          0          0         24         68   wm_pid__getprevstate.o
       238          0          0          0          0         88   wm_resizewindow.o
       184          6          0          0          0        312   wm_screen2win.o
         4          0          0          0          0         68   wm_sendmessagenopara.o
        30          0          0          0          0         92   wm_sendtoparent.o
        48          8          0          0          0        148   wm_setcapture.o
        62          0          0          0          0         84   wm_setsize.o
        24          6          0          0          0         76   wm_setusercliprect.o
       106          0          0          0          0        164   wm_timer.o
      1056         38          0          8         72        340   wm_touch.o
        92          0          0          0          0          0   __dczerorl2.o
         0          0          0          0          0          0   entry.o
         0          0          0          0          0          0   entry10a.o
         0          0          0          0          0          0   entry11a.o
         8          4          0          0          0          0   entry2.o
         4          0          0          0          0          0   entry5.o
         0          0          0          0          0          0   entry7b.o
         0          0          0          0          0          0   entry8b.o
         8          4          0          0          0          0   entry9a.o
        30          0          0          0          0          0   handlers.o
        36          8          0          0          0         68   init.o
        26          0          0          0          0         80   memcmp.o
        64          0          0          0          0         76   memmovea.o
        36          0          0          0          0        108   memseta.o
       472         14          0          0          0        180   printf3.o
         0          0          0          4          0          0   stdout.o
        44          0          0          0          0         80   uidiv.o

    ----------------------------------------------------------------------
     35852       1642       9868        448        684      35988   Library Totals
       100          0          2          6          4          0   (incl. Padding)

    ----------------------------------------------------------------------

      Code (inc. data)   RO Data    RW Data    ZI Data      Debug   Library Name

     34932       1612       9866        438        680      35396   STemWin522_CM3_Keil.lib
       820         30          0          4          0        592   mc_w.l

    ----------------------------------------------------------------------
     35852       1642       9868        448        684      35988   Library Totals

    ----------------------------------------------------------------------

==============================================================================


      Code (inc. data)   RO Data    RW Data    ZI Data      Debug   

     50768       2486      11644        620      61388     466974   Grand Totals
     50768       2486      11644        168      61388     466974   ELF Image Totals (compressed)
     50768       2486      11644        168          0          0   ROM Totals

==============================================================================

    Total RO  Size (Code + RO Data)                62412 (  60.95kB)
    Total RW  Size (RW Data + ZI Data)             62008 (  60.55kB)
    Total ROM Size (Code + RO Data + RW Data)      62580 (  61.11kB)

==============================================================================

